Archive member included because of file (symbol)

/nburn/lib/MOD5441X.a(bsp.o)  c:/nburn/gcc-m68k/bin/../lib/gcc/m68k-elf/4.2.1/../../../../m68k-elf/lib/m5206e\nb-crt0.o (atexit)
/nburn/lib/MOD5441X.a(flash.o)
                              /nburn/lib/MOD5441X.a(bsp.o) (FlashErase)
/nburn/lib/MOD5441X.a(mmc.o)  FileSystemUtils.o (mmc_initfunc)
/nburn/lib/MOD5441X.a(serial.o)
                              Accessory_Functions.o (SerialClose)
/nburn/lib/MOD5441X.a(pins.o)
                              PINS_Definations.o (PinIO::set(unsigned char))
/nburn/lib/MOD5441X.a(mmc_mcf.o)
                              /nburn/lib/MOD5441X.a(mmc.o) (spi_tx1)
/nburn/lib/MOD5441X.a(HiResTimer.o)
                              Accessory_Functions.o (HiResTimer::getHiResTimer(int))
/nburn/lib/MOD5441X.a(dspi.o)
                              Accessory_Functions.o (DSPIdone(unsigned char))
/nburn/lib/MOD5441X.a(localio.o)
                              /nburn/lib/MOD5441X.a(serial.o) (GetUartRecord)
/nburn/lib/NetBurner.a(ucosmcfa.o)
                              /nburn/lib/MOD5441X.a(bsp.o) (OSCtxSw)
/nburn/lib/NetBurner.a(software_init.o)
                              c:/nburn/gcc-m68k/bin/../lib/gcc/m68k-elf/4.2.1/../../../../m68k-elf/lib/m5206e\nb-crt0.o (software_init_hook)
/nburn/lib/NetBurner.a(ucosmcfc.o)
                              Gen_VI_PWM_v1.o (OSTaskCreate)
/nburn/lib/NetBurner.a(ucos.o)
                              /nburn/lib/NetBurner.a(ucosmcfc.o) (OSSched)
/nburn/lib/NetBurner.a(ucosmain.o)
                              /nburn/lib/MOD5441X.a(bsp.o) (critical_count)
/nburn/lib/NetBurner.a(fileio.o)
                              /nburn/lib/MOD5441X.a(serial.o) (ReplaceStdio)
/nburn/lib/NetBurner.a(system.o)
                              /nburn/lib/MOD5441X.a(serial.o) (rnd_cnt)
/nburn/lib/NetBurner.a(main.o)
                              c:/nburn/gcc-m68k/bin/../lib/gcc/m68k-elf/4.2.1/../../../../m68k-elf/lib/m5206e\nb-crt0.o (main)
/nburn/lib/NetBurner.a(utils.o)
                              /nburn/lib/NetBurner.a(system.o) (AsciiToIp)
/nburn/lib/NetBurner.a(ip.o)  Accessory_Functions.o (InitializeStack(unsigned long, unsigned long, unsigned long, unsigned long))
/nburn/lib/NetBurner.a(buffers.o)
                              /nburn/lib/NetBurner.a(ip.o) (FreeBuffer)
/nburn/lib/NetBurner.a(arp.o)
                              /nburn/lib/NetBurner.a(ip.o) (wArpLifetime)
/nburn/lib/NetBurner.a(udp.o)
                              /nburn/lib/NetBurner.a(ip.o) (process_udp(pool_buffer*, IPPKT*, unsigned short))
/nburn/lib/NetBurner.a(tcp.o)
                              /nburn/lib/NetBurner.a(ip.o) (DumpTcpPacket(IPPKT*))
/nburn/lib/NetBurner.a(extraio.o)
                              /nburn/lib/MOD5441X.a(serial.o) (GetExtraFD)
/nburn/lib/NetBurner.a(iosys.o)
                              /nburn/lib/MOD5441X.a(serial.o) (FD_ZERO)
/nburn/lib/NetBurner.a(autoip.o)
                              /nburn/lib/NetBurner.a(arp.o) (AutoIPClient::addressCollision())
/nburn/lib/NetBurner.a(defappname.o)
                              /nburn/lib/NetBurner.a(udp.o) (AppName)
/nburn/lib/NetBurner.a(netinterface.o)
                              /nburn/lib/NetBurner.a(ip.o) (GetFirstInterface())
/nburn/lib/NetBurner.a(taskmon.o)
                              Accessory_Functions.o (EnableTaskMonitor())
/nburn/lib/NetBurner.a(smarttrap.o)
                              Accessory_Functions.o (EnableSmartTraps())
/nburn/lib/NetBurner.a(autoupdate.o)
                              Accessory_Functions.o (EnableAutoUpdate)
/nburn/lib/NetBurner.a(device.o)
                              /nburn/lib/NetBurner.a(main.o) (DeviceInitializeSem)
/nburn/lib/NetBurner.a(new_ops.o)
                              /nburn/lib/NetBurner.a(autoip.o) (operator new(unsigned long))
/nburn/lib/FatFile.a(fat_m.o)
                              FileSystemUtils.o (fm_getlasterror)
/nburn/lib/FatFile.a(common.o)
                              /nburn/lib/FatFile.a(fat_m.o) (fn_getversion)
/nburn/lib/FatFile.a(f_fgets.o)
                              FileSystemUtils.o (f_fgets)
/nburn/lib/FatFile.a(f_fprintf.o)
                              Gen_VI_PWM_v1.o (f_fprintf)
/nburn/lib/FatFile.a(f_fputs.o)
                              FileSystemUtils.o (f_fputs)
/nburn/lib/FatFile.a(fat.o)   /nburn/lib/FatFile.a(common.o) (_f_writedirsector)
/nburn/lib/FatFile.a(port_f.o)
                              /nburn/lib/FatFile.a(common.o) (fn_gettaskID)
/nburn/lib/MOD5441X.a(ethernet.o)
                              /nburn/lib/NetBurner.a(netinterface.o) (AddEthernetInterface())
/nburn/lib/MOD5441X.a(etherprint.o)
                              /nburn/lib/MOD5441X.a(ethernet.o) (EtherLink())
/nburn/lib/MOD5441X.a(emulticast.o)
                              /nburn/lib/MOD5441X.a(ethernet.o) (EthEnableMulticast(MACADR))
/nburn/lib/NetBurner.a(netrx.o)
                              /nburn/lib/MOD5441X.a(ethernet.o) (NetDoRX(pool_buffer*, unsigned short, int))
[...]
Memory Configuration

Name             Origin             Length             Attributes
ram              0x40000400         0x03fffcff         xrw
SRAM             0x80000400         0x0000fbf0         xrw
*default*        0x00000000         0xffffffff

Linker script and memory map

LOAD c:/nburn/gcc-m68k/bin/../lib/gcc/m68k-elf/4.2.1/../../../../m68k-elf/lib/m5206e\nb-crt0.o
LOAD c:/nburn/gcc-m68k/bin/../lib/gcc/m68k-elf/4.2.1/m5206e/crtbegin.o
LOAD PINS_Definations.o
LOAD Gen_VI_PWM_v1.o
LOAD FileSystemUtils.o
LOAD Card_Routines.o
LOAD Accessory_Functions.o
LOAD /nburn/MOD5441X/lib/sys.ld
                0x40000000                ovector_base = 0x40000000
                0x80000000                vector_base = 0x80000000
                0x80000400                SRAM_START_ADDR = 0x80000400
                0x80010000                SRAM_END_ADDR = 0x80010000
                0xc0000000                gConfigRec = 0xc0000000
                0xc0020000                UserParamBase = 0xc0020000
                0xc0040000                FlashAppBase = 0xc0040000
                0xec008000                sim1 = 0xec008000
                0xfc004000                sim2 = 0xfc004000
                0xfc0d4008                DBETHER_EMIR_REG = 0xfc0d4008
START GROUP
LOAD /nburn/lib/MOD5441X.a
LOAD /nburn/lib/NetBurner.a
LOAD /nburn/lib/FatFile.a
LOAD C:\nburn\lib\debugLibrary.a
LOAD C:\nburn\lib\Lua_Full.a
LOAD C:\nburn\lib\nb-libxively.a
LOAD C:\nburn\lib\nbwifilib.a
LOAD C:\nburn\lib\webclient.a
END GROUP
LOAD c:/nburn/gcc-m68k/bin/../lib/gcc/m68k-elf/4.2.1/../../../../m68k-elf/lib/m5206e\libstdc++.a
LOAD c:/nburn/gcc-m68k/bin/../lib/gcc/m68k-elf/4.2.1/../../../../m68k-elf/lib/m5206e\libm.a
LOAD c:/nburn/gcc-m68k/bin/../lib/gcc/m68k-elf/4.2.1/m5206e\libgcc.a
LOAD c:/nburn/gcc-m68k/bin/../lib/gcc/m68k-elf/4.2.1/../../../../m68k-elf/lib/m5206e\libc.a
LOAD c:/nburn/gcc-m68k/bin/../lib/gcc/m68k-elf/4.2.1/m5206e\libgcc.a
LOAD c:/nburn/gcc-m68k/bin/../lib/gcc/m68k-elf/4.2.1/m5206e/crtend.o
START GROUP
LOAD c:/nburn/gcc-m68k/bin/../lib/gcc/m68k-elf/4.2.1/../../../../m68k-elf/lib/m5206e\libc.a
LOAD c:/nburn/gcc-m68k/bin/../lib/gcc/m68k-elf/4.2.1/m5206e\libgcc.a
LOAD c:/nburn/gcc-m68k/bin/../lib/gcc/m68k-elf/4.2.1/../../../../m68k-elf/lib/m5206e\libm.a
END GROUP
                0x00000000                __DYNAMIC = 0x0
                0x44000000                PROVIDE (__stack, 0x44000000)
                0x00000000                PROVIDE (hardware_init_hook, 0x0)
                0x00000000                PROVIDE (_hardware_init_hook, 0x0)
                0x00000000                PROVIDE (software_init_hook, 0x0)
                0x00000000                PROVIDE (_software_init_hook, 0x0)

.SRAM_SECT      0x80000400     0x8d40
                0x80000400                SRAM_START = .
 *(SYS_VAR_SECT)
 SYS_VAR_SECT   0x80000400      0x3a0 /nburn/lib/MOD5441X.a(dspi.o)
                0x80000404                fakeRXData
                0x80000408                driverCxt
                0x80000400                fakeTXData
 SYS_VAR_SECT   0x800007a0      0x238 /nburn/lib/NetBurner.a(ucos.o)
                0x800008cc                TimeTick
                0x800008bc                OSLockNesting
                0x800008c6                OSRunning
                0x800008a8                OSTCBList
                0x800008d0                OSMapTbl
                0x800008c8                Secs
                0x800008b4                OSTCBFreeList
                0x800008c4                OSISRLevel
                0x800008b0                OSTCBHighRdy
                0x800008c0                OSRdyGrp
                0x800008d8                OSUnMapTbl
                0x800008a0                OSRdyTbl
                0x800008b8                OSIntNesting
                0x800008ac                OSTCBCur
                0x800007a0                OSTCBPrioTbl
 SYS_VAR_SECT   0x800009d8      0x1ac /nburn/lib/NetBurner.a(ucosmain.o)
                0x800009d8                OSTcbStructSize
                0x800009f0                critical_count
                0x800009f4                OSTCBTbl
 SYS_VAR_SECT   0x80000b84       0x1c /nburn/lib/NetBurner.a(fileio.o)
                0x80000b9c                pExtraFdFunc
 SYS_VAR_SECT   0x80000ba0       0x20 /nburn/lib/NetBurner.a(iosys.o)
                0x80000ba0                read_file_sets
                0x80000bb0                error_file_sets
                0x80000ba8                write_file_sets
                0x80000bc0                SYS_VAR_SECT_END = .
                0x80000bc0                . = ALIGN (0x10)
 *(IDLE_STK_SECT)
                0x80000bc0                IDLE_STK_SECT_END = .
                0x80000bc0                . = ALIGN (0x10)
 *(MAIN_STK_SECT)
 MAIN_STK_SECT  0x80000bc0     0x2000 /nburn/lib/NetBurner.a(main.o)
                0x80000bc0                MainStk
                0x80002bc0                MAIN_STK_SECT_END = .
                0x80002bc0                . = ALIGN (0x4)
 *(ETHER_VAR_SECT)
 ETHER_VAR_SECT
                0x80002bc0      0x110 /nburn/lib/MOD5441X.a(ethernet.o)
                0x80002c96                TxcPosts
                0x80002c9a                TxcSems
                0x80002bc0                EthernetMac
                0x80002c8e                LastIsrStatus
                0x80002bf0                RxBD
                0x80002c80                TxBDFlag
                0x80002c9e                RxIsr
                0x80002cac                PHY_addr
                0x80002c92                RxPosts
                0x80002cae                PHY_ID
                0x80002ca6                bEthLink
                0x80002c74                RxBDFlag
                0x80002c8a                last_rxbd
                0x80002c40                RxBDpp
                0x80002ca8                phy_data_pd
                0x80002bc6                nTx
                0x80002ca2                TxIsr
                0x80002c68                TxBDpp
                0x80002bd0                TxBD
                0x80002cd0                ETHER_VAR_SECT_END = .
                0x80002cd0                . = ALIGN (0x10)
 *(ETHER_STK_SECT)
 ETHER_STK_SECT
                0x80002cd0     0x2000 /nburn/lib/MOD5441X.a(ethernet.o)
                0x80002cd0                EtherSendStk
                0x80004cd0                ETHER_STK_SECT_END = .
                0x80004cd0                . = ALIGN (0x4)
 *(IP_VAR_SECT)
 IP_VAR_SECT    0x80004cd0      0x2fe /nburn/lib/NetBurner.a(ip.o)
                0x80004cee                pDHCPServerTick
                0x80004cd2                bTTL_Default
                0x80004fc6                next_arp_time
                0x80004cd4                ipRxFifo
                0x80004d0a                multi_home_if_record
                0x80004ce6                IcmpFifo
                0x80004d06                nAdditional_Homes
                0x80004cd0                wGlobalPktId
                0x80004cfa                pPromisciousPacketFunc
                0x80004d02                pFragFunc
                0x80004cfe                pMultiCastFunc
                0x80004fca                delay
                0x80004cf6                pAutoIPTick
                0x80004cf2                pMultiTick
                0x80004cea                pDHCPTick
                0x80004d32                multi_if_block
 IP_VAR_SECT    0x80004fce       0x78 /nburn/lib/NetBurner.a(udp.o)
                0x80005042                UdpNetbiosNameServicePtr
                0x8000503a                pDHCPServerProcessFunction
                0x80004fce                udp_fifos
                0x80005036                pDHCPProcessFunction
                0x8000503e                pTaskPacketFunc
                0x80005032                UDP_fifos_used
                0x80005046                IP_VAR_SECT_END = .
                0x80005050                . = ALIGN (0x10)
 *fill*         0x80005046        0xa 00
 *(IP_STK_SECT)
 IP_STK_SECT    0x80005050     0x2000 /nburn/lib/NetBurner.a(ip.o)
                0x80005050                IPStk
                0x80007050                IP_STK_SECT_END = .
                0x80007050                . = ALIGN (0x4)
 *(TCP_VAR_SECT)
 TCP_VAR_SECT   0x80007050       0x1e /nburn/lib/NetBurner.a(tcp.o)
                0x80007060                TCP_TimerSemaphore
                0x80007050                TCP_critical_section
                0x8000706e                TCP_VAR_SECT_END = .
                0x80007070                . = ALIGN (0x10)
 *fill*         0x8000706e        0x2 00
 *(TCP_STK_SECT)
 TCP_STK_SECT   0x80007070     0x2000 /nburn/lib/NetBurner.a(tcp.o)
                0x80007070                TCPStk
                0x80009070                TCP_STK_SECT_END = .
                0x80009070                . = ALIGN (0x10)
 *(HTTP_STK_SECT)
                0x80009070                HTTP_STK_SECT_END = .
                0x80009070                . = ALIGN (0x10)
 *(FTP_STK_SECT)
                0x80009070                FTP_STK_SECT_END = .
                0x80009070                . = ALIGN (0x10)
 *(WIFI_STK_SECT)
                0x80009070                WIFI_STK_SECT_END = .
                0x80009070                . = ALIGN (0x10)
 *(PPP_STK_SECT)
                0x80009070                PPP_STK_SECT_END = .
                0x80009070                . = ALIGN (0x10)
 *(COMMAND_STK_SECT)
                0x80009070                COMMAND_STK_SECT_END = .
                0x80009070                . = ALIGN (0x4)
 *(USER_VAR_SECT)
 USER_VAR_SECT  0x80009070       0xac /nburn/lib/MOD5441X.a(HiResTimer.o)
                0x80009118                HiResTimer::timerCreated
                0x80009070                HiResTimer::timers
                0x8000911c                USER_VAR_SECT_END = .
                0x80009120                . = ALIGN (0x10)
 *fill*         0x8000911c        0x4 00
 *(USER_STK_SECT)
                0x80009120                USER_STK_SECT_END = .
                0x80009120                BUFFERS_SECT_START = .
                0x80009120                . = ALIGN (0x10)
 *(BUFFERS_VAR_SECT)
 BUFFERS_VAR_SECT
                0x80009120       0x1c /nburn/lib/NetBurner.a(buffers.o)
                0x80009120                FAST_BUFFER_POOL_SIZE
                0x8000912e                free_fast_list
                0x80009138                free_list_is_initialized
                0x80009124                free_list
                0x80009140                . = ALIGN (0x10)
 *fill*         0x8000913c        0x4 00
                0x80009140                BUFFERS_VAR_SECT_END = .
                0x80009140                . = ALIGN (0x10)
                0x80009140                SRAM_END = .

.text           0x40000400    0x38810
 *(.text)
 .text          0x40000400       0xaa c:/nburn/gcc-m68k/bin/../lib/gcc/m68k-elf/4.2.1/../../../../m68k-elf/lib/m5206e\nb-crt0.o
                0x40000400                start
 *fill*         0x400004aa        0x2 00
 .text          0x400004ac       0x9c c:/nburn/gcc-m68k/bin/../lib/gcc/m68k-elf/4.2.1/m5206e/crtbegin.o
 .text          0x40000548      0xb5e PINS_Definations.o
                0x40000eec                initPINS
                0x40000728                configPWM
                0x40000548                setPWM
 *fill*         0x400010a6        0x2 00
 .text          0x400010a8      0x1de Gen_VI_PWM_v1.o
                0x400010a8                UserMain
                0x400010f0                PWM_Calib(void*)
 *fill*         0x40001286        0x2 00
 .text          0x40001288      0xda8 FileSystemUtils.o
                0x40001d6c                FormatExtFlash
                0x40001e24                OpenMMCFlash(int)
                0x40002020                OpenOnBoardFlash
                0x40001288                DisplayEffsErrorCode
                0x40001b24                DeleteFile
                0x400012cc                f_close_PrintError(char*)
                0x40001bd0                DumpDir
                0x400015e0                fprintf_test
                0x400013b0                ReadFile
                0x400019b8                ReadWriteTest
                0x4000150c                fputs_test
                0x40002010                OpenOffBoardFlash
                0x4000132c                f_open_PrintError(char*)
                0x40001710                fgets_test
                0x40001910                WriteFile
                0x40001434                DisplayTextFile
                0x40001c88                DisplayEffsSpaceStats
                0x40001dd0                UnmountFlash
                0x40001868                AppendFile
 .text          0x40002030       0x84 Card_Routines.o
                0x40002030                initOnBoardSD
 .text          0x400020b4      0x8ac Accessory_Functions.o
                0x4000241c                InitTimer(int)
                0x4000248c                GetTiltAngle_Roll(double*)
                0x400023ec                AssignDeltaTandCounter(char*, HiResTimer*)
                0x400026ac                GetIMUdata(unsigned char*, unsigned char, double*, unsigned char*)
                0x40002284                readSatRec(int, char*)
                0x400021b4                Read_Serial_Data(int, unsigned char*, int, char*, unsigned char)
                0x40002168                AssignPilot_toSD(char*, unsigned short*)
                0x400020ec                AssignAttitudetoSD(angle, char*)
                0x40002924                Usual_Routine()
                0x40002458                SerialRoutine(int)
                0x4000258c                GetAttitude(double*, angle*)
                0x40002378                GetDeltaT(HiResTimer*)
                0x400024dc                GetTiltAngle_Pitch(double*)
                0x400020b4                AssignIMUtoSD(char*, unsigned char*)
                0x400028a8                OpenFileRoutine(FileRoutines*)
 .text          0x40002960      0x3f8 /nburn/lib/MOD5441X.a(bsp.o)
                0x40002b9c                GetUserParameters
                0x40002af8                _sbrk_r
                0x40002c3c                HardwareSetup
                0x40002a48                DisableCache
                0x40002b50                spaceleft
                0x40002964                Tick5441X
                0x40002c20                ForceReboot
                0x40002b88                BspGetTickFraction
                0x40002960                xTick
                0x40002b44                atexit
                0x40002bac                SaveUserParameters
                0x40002ac0                EnableCache
                0x40002980                SetIntc
 .text          0x40002d58      0x1b2 /nburn/lib/MOD5441X.a(flash.o)
                0x40002dd0                FlashProgram
                0x40002d58                FlashErase
 *fill*         0x40002f0a        0x2 00
 .text          0x40002f0c     0x13dc /nburn/lib/MOD5441X.a(mmc.o)
                0x40002ffc                mmc_initfunc
                0x40003f90                mmc_writesector
                0x40003f84                mmc_writemultiplesector
                0x400042cc                mmc_readsector
                0x40002f0c                _get_csd_bits
                0x400042c0                mmc_readmultiplesector
 .text          0x400042e8     0x1d9e /nburn/lib/MOD5441X.a(serial.o)
                0x40004314                WakeTx(int)
                0x400042e8                FdSerialMap(int)
                0x40005274                SerialClose
                0x40004904                fake_SER_7_ISR()
                0x40005f88                real_SER_5_ISR
                0x40005200                SendBreak
                0x40005a38                OpenSerial
                0x40004d38                GetUartErrorReg
                0x40004678                fake_SER_0_ISR()
                0x4000495c                SER_8_ISR
                0x40004720                real_SER_1_ISR
                0x40005fc8                real_SER_4_ISR
                0x40004f80                fShowSerialData(__sFILE*)
                0x40005ec8                real_SER_8_ISR
                0x4000485c                fake_SER_5_ISR()
                0x400048b4                SER_6_ISR
                0x40004760                fake_SER_2_ISR()
                0x40004eb0                SerialSendComplete
                0x40004a00                SerialEnableTxFlow
                0x40004a48                SerialEnableRxFlow
                0x40005f08                real_SER_7_ISR
                0x400043a8                DoSerIsr(int)
                0x40004c34                Serial485HalfDupMode
                0x40006008                real_SER_3_ISR
                0x400049b0                SER_9_ISR
                0x400047b8                SER_3_ISR
                0x400049ac                fake_SER_9_ISR()
                0x40004860                SER_5_ISR
                0x40005e4c                real_SER_0_ISR
                0x40004b84                SerialEnableHwRxFlow
                0x40005554                serread
                0x40005874                BasePutChar(int, unsigned char)
                0x40005570                BaseGetChar(int)
                0x40006048                real_SER_2_ISR
                0x4000480c                SER_4_ISR
                0x400046d0                SER_1_ISR
                0x40005368                serreadwto
                0x40005998                InitializeMaps()
                0x4000467c                SER_0_ISR
                0x40005778                serwriteaddress
                0x40004908                SER_7_ISR
                0x40005e88                real_SER_9_ISR
                0x40005630                serwrite
                0x40004f30                SerialExpandRxBuffer(int, int)
                0x40005344                serexternalclose
                0x400048b0                fake_SER_6_ISR()
                0x40004764                SER_2_ISR
                0x40004808                fake_SER_4_ISR()
                0x40004958                fake_SER_8_ISR()
                0x400046cc                fake_SER_1_ISR()
                0x400047b4                fake_SER_3_ISR()
                0x40005f48                real_SER_6_ISR
                0x40004a94                SerialEnableHwTxFlow
 *fill*         0x40006086        0x2 00
 .text          0x40006088     0x1d06 /nburn/lib/MOD5441X.a(pins.o)
                0x40006088                PinIO::set(unsigned char)
                0x4000761c                PinIO::function(int)
                0x40006b80                PinIO::drive()
                0x40007d2c                CReadPin
                0x40006fac                PinIO::read()
                0x40007d50                CGPInPin
 *fill*         0x40007d8e        0x2 00
 .text          0x40007d90      0xee0 /nburn/lib/MOD5441X.a(mmc_mcf.o)
                0x40008028                spi_tx512
                0x40007ed4                spi_tx4
                0x400088b8                spi_get_baudrate
                0x40008b70                spi_init
                0x400089b0                onboardCardReaderCD()
                0x400088d8                MMC_BaseInit(int)
                0x40008af8                spi_cs_hi
                0x40007e0c                spi_tx2
                0x400080c0                spi_rx1
                0x40008a38                get_wp
                0x400084bc                spi_set_baudrate
                0x40008a20                get_cd
                0x40008a80                spi_cs_lo
                0x400089e8                offboardCardReaderCD()
                0x40007d90                spi_tx1
                0x40008270                spi_rx512
 .text          0x40008c70      0xaf4 /nburn/lib/MOD5441X.a(HiResTimer.o)
                0x40008e10                HiResTimer::HiResTimer(int)
                0x40008d70                Timer3_Interrupt
                0x400093d4                HiResTimer::clockGenerator(double)
                0x40008e44                HiResTimer::operator=(HiResTimer const&)
                0x40008cc8                Timer1_Interrupt
                0x40009488                HiResTimer::pollingDelay(double)
                0x40008c74                Timer0_Interrupt
                0x40008ea0                HiResTimer::getHiResTimer(int)
                0x400096f8                real_Timer1_Interrupt
                0x40008cc4                fake_Timer1_Interrupt()
                0x40008fc8                HiResTimer::toString()
                0x40009508                HiResTimer::readTime()
                0x40008dc0                HiResTimer::releaseTimer()
                0x400091d8                HiResTimer::init(double)
                0x40008d6c                fake_Timer3_Interrupt()
                0x40008c70                fake_Timer0_Interrupt()
                0x4000968c                real_Timer2_Interrupt
                0x40008d18                fake_Timer2_Interrupt()
                0x40009620                real_Timer3_Interrupt
                0x40009150                HiResTimer::delay_uSec(unsigned long)
                0x40008ddc                HiResTimer::HiResTimer(int)
                0x40009448                HiResTimer::pollingDelay_refTicks(unsigned long)
                0x40009048                HiResTimer::init_ticks(unsigned long)
                0x40008d1c                Timer2_Interrupt
                0x400092f4                real_Timer0_Interrupt
                0x40009360                HiResTimer::delay(double)
 .text          0x40009764     0x2162 /nburn/lib/MOD5441X.a(dspi.o)
                0x4000b8b0                real_dspi0_int_routine
                0x4000abf0                real_dspi2_rx_dma_int_routine
                0x40009f7c                canDoDMA(unsigned char, unsigned char*, unsigned char volatile*)
                0x40009f2c                dspi3_int_routine
                0x40009cdc                fake_dspi2_rx_dma_int_routine()
                0x40009c38                dspi1_rx_dma_int_routine
                0x40009ff4                DSPIdone(unsigned char)
                0x4000ac8c                real_dspi0_tx_dma_int_routine
                0x4000ac24                real_dspi1_tx_dma_int_routine
                0x4000ab54                real_dspi3_tx_dma_int_routine
                0x40009b8c                fake_dspi0_rx_dma_int_routine()
                0x40009ed8                dspi2_int_routine
                0x40009d88                dspi3_rx_dma_int_routine
                0x40009764                setupDSPI_Dma(int, dspistruct volatile&)
                0x40009ed4                fake_dspi2_int_routine()
                0x4000a0a4                DSPIInit(unsigned char, unsigned long, unsigned char, unsigned char, unsigned char, unsigned char, unsigned char, unsigned char, unsigned char, unsigned char)
                0x40009e80                fake_dspi1_int_routine()
                0x4000b898                real_dspi1_int_routine
                0x40009c88                fake_dspi1_tx_dma_int_routine()
                0x4000b880                real_dspi2_int_routine
                0x40009ce0                dspi2_rx_dma_int_routine
                0x40009d84                fake_dspi3_rx_dma_int_routine()
                0x40009be0                fake_dspi0_tx_dma_int_routine()
                0x4000ad94                DSPI_Isr_cleanup(unsigned int, dspistruct volatile&, unsigned long, unsigned long)
                0x40009c34                fake_dspi1_rx_dma_int_routine()
                0x4000ab88                real_dspi3_rx_dma_int_routine
                0x40009d30                fake_dspi2_tx_dma_int_routine()
                0x40009d34                dspi2_tx_dma_int_routine
                0x40009e2c                fake_dspi0_int_routine()
                0x40009e30                dspi0_int_routine
                0x40009dd8                fake_dspi3_tx_dma_int_routine()
                0x40009c8c                dspi1_tx_dma_int_routine
                0x4000acbc                real_dspi0_rx_dma_int_routine
                0x40009ddc                dspi3_tx_dma_int_routine
                0x40009f28                fake_dspi3_int_routine()
                0x4000b61c                DSPIStart(unsigned char, unsigned char*, unsigned char volatile*, unsigned long, os_sem*, unsigned char, int)
                0x4000ae18                DSPI_Isr(unsigned int, dspistruct volatile*)
                0x40009e84                dspi1_int_routine
                0x4000acec                DSPI_Isr_done(unsigned int, dspistruct volatile&)
                0x4000b868                real_dspi3_int_routine
                0x4000ac58                real_dspi1_rx_dma_int_routine
                0x40009b90                dspi0_rx_dma_int_routine
                0x4000abbc                real_dspi2_tx_dma_int_routine
                0x40009be4                dspi0_tx_dma_int_routine
 *fill*         0x4000b8c6        0x2 00
 .text          0x4000b8c8       0xbc /nburn/lib/MOD5441X.a(localio.o)
                0x4000b8c8                GetUartRecord
                0x4000b90c                GetDefUart
                0x4000b920                LocalInByte
                0x4000b93c                LocalOutByte
                0x4000b970                LocalCharAvail
 *fill*         0x4000b984        0xc 00
 .text          0x4000b990      0x44a /nburn/lib/NetBurner.a(ucosmcfa.o)
                0x4000ba70                OSDebugTraceHalt
                0x4000b990                OSStartHighRdy
                0x4000ba80                TrapOutByte
                0x4000bab0                memcpy
                0x4000bab0                fmemcpy
                0x4000b9b0                OSCtxSw
                0x4000baa0                TrapCharAvail
                0x4000b9e0                OSIntCtxSw
                0x4000ba90                TrapInByte
                0x4000ba10                OSTickISR
                0x4000bb80                memcpysum
                0x4000ba50                OSSetupVBR
                0x4000bdb0                GetSR_IntLevel
                0x4000bd10                memset
                0x4000bd10                fmemset
                0x4000bdc0                SetSR_IntLevel
 *fill*         0x4000bdda        0x2 00
 .text          0x4000bddc        0x8 /nburn/lib/NetBurner.a(software_init.o)
                0x4000bddc                software_init_hook
 .text          0x4000bde4      0x320 /nburn/lib/NetBurner.a(ucosmcfc.o)
                0x4000c0cc                OSTaskCreate
                0x4000c0f8                TopOfStackKillfunction
                0x4000bea0                OSTaskCreatewName
                0x4000bde4                OSTCBInit
                0x4000c0fc                KillFunctionLink
 .text          0x4000c104     0x1e0c /nburn/lib/NetBurner.a(ucos.o)
                0x4000dab0                OSCritEnterNoWait
                0x4000c1b4                UCOSWAITS_HERE
                0x4000d75c                OSFifoPostFirst
                0x4000db24                OSCritLeave
                0x4000d8bc                getpid
                0x4000c3c0                OSLock
                0x4000d22c                OSQPostFirst
                0x4000dc3c                OSTaskID
                0x4000d018                OSQPendNoWait
                0x4000dc54                OSSetName
                0x4000dc7c                OSIntExit
                0x4000c844                OSSemPendNoWait
                0x4000c52c                OSTaskDelete
                0x4000c3e8                OSUnlock
                0x4000d8d4                OSCritInit
                0x4000d094                OSQPost
                0x4000d910                OSCritEnter
                0x4000d418                OSFifoPend
                0x4000c6a4                OSSemPend
                0x4000ca10                OSMboxInit
                0x4000cc4c                OSMboxPost
                0x4000d3cc                OSFifoInit
                0x4000ce30                OSQPend
                0x4000c130                OSSched
                0x4000c1ec                OSTimeDly
                0x4000c884                OSSemPost
                0x4000c428                OSChangePrio
                0x4000c390                OSTCBGetFree
                0x4000c1c4                OSIntEnterWAS
                0x4000cc04                OSMboxPendNoWait
                0x4000d5fc                OSFifoPost
                0x4000c644                OSSemInit
                0x4000dd18                OSStart
                0x4000c2a4                OSTimeTick
                0x4000cdbc                OSQInit
                0x4000dc68                OSTaskName
                0x4000d5ac                OSFifoPendNoWait
                0x4000ca64                OSMboxPend
                0x4000dd94                OSInit
                0x4000c284                OSChangeTaskDly
 .text          0x4000df10      0x1b8 /nburn/lib/NetBurner.a(ucosmain.o)
                0x4000dfec                __malloc_unlock
                0x4000df10                UCosBegin
                0x4000e00c                balloc_lock
                0x4000e04c                UCosSetup
                0x4000dfd0                balloc_unlock
                0x4000e02c                __malloc_lock
 .text          0x4000e0c8      0x5f8 /nburn/lib/NetBurner.a(fileio.o)
                0x4000e258                ioctl
                0x4000e0c8                isatty
                0x4000e1b0                CurrentStdioFD
                0x4000e228                lseek
                0x4000e100                ReplaceStdio
                0x4000e2c4                write
                0x4000e0e4                fstat
                0x4000e3f4                rawwrite
                0x4000e600                stdioinbyte
                0x4000e478                read
                0x4000e1e0                outbyte
                0x4000e240                open
                0x4000e1f8                charavail
                0x4000e1d4                fcntl
                0x4000e678                close
 .text          0x4000e6c0      0x684 /nburn/lib/NetBurner.a(system.o)
                0x4000ea44                UpdateConfigRecord_Num
                0x4000e714                RawGetConfig
                0x4000e6c0                isvalidcr
                0x4000ec00                SetupDialog
                0x4000e7d0                ReadLine
                0x4000ebec                UpdateConfigRecord
                0x4000e740                GetValidConfig
                0x4000e990                IpQuestion
                0x4000e768                ShowChange
 .text          0x4000ed44       0x78 /nburn/lib/NetBurner.a(main.o)
                0x4000ed7c                main
                0x4000ed44                __do_global_ctors
 .text          0x4000edbc      0xc84 /nburn/lib/NetBurner.a(utils.o)
                0x4000f7a8                fShowMac
                0x4000efac                FancyDump(unsigned char*, int)
                0x4000f8dc                ShowCounters
                0x4000eef4                convertHexAsciiToBinary
                0x4000f16c                ShowData
                0x4000f804                snShowIP
                0x4000edbc                kill
                0x4000f944                fShowCounters
                0x4000f768                fShowIP
                0x4000edcc                _fini
                0x4000f0d8                ShowIP
                0x4000edd8                AsciiToIp
                0x4000f9bc                sShowCounters
                0x4000f8a8                DiagMenuPicker(int, unsigned char)
                0x4000f114                ShowMac
                0x4000ee5c                convertBinaryToHexAscii
                0x4000ef94                __builtin_delete
                0x4000edc4                _exit
                0x4000f848                snShowMac
 .text          0x4000fa40     0x1aaa /nburn/lib/NetBurner.a(ip.o)
                0x4000fe90                FixUpICMP(IPPKT*, unsigned char, unsigned char, unsigned char*, unsigned short)
                0x4000fc00                IsMultiCast(unsigned long)
                0x40010830                FixHeaderAndSend(pool_buffer*, IPPKT*)
                0x400101a4                DoIPPacket(pool_buffer*, EFRAME*, unsigned short)
                0x4000fafc                GetSum20
                0x40010b2c                PingViaInterface
                0x40010144                SaveError(pool_buffer*)
                0x400104b4                process_icmp(pool_buffer*, IPPKT*, unsigned short)
                0x4000fd3c                IpProcessEthernetPacket
                0x40010368                FixHeaderAndSendViaInterface(pool_buffer*, IPPKT*, int)
                0x40010da8                ShowIPBuffer(pool_buffer*)
                0x40010990                SendICMPError(pool_buffer*, unsigned char, unsigned char)
                0x4000ffa8                InitializeStack(unsigned long, unsigned long, unsigned long, unsigned long)
                0x4000fc50                GetData(IPPKT*)
                0x400100cc                InitializeCStack
                0x40010c3c                Ping
                0x4000fa40                GetSum
                0x400100d8                GetMultiHomeInterface(unsigned long, int)
                0x40010188                IsMyIp
                0x4000ff4c                IsBroadCast(unsigned long, int)
                0x4000fef8                KillStack
                0x4000fc7c                PrepareIPOutput(pool_buffer*, unsigned long, unsigned short)
                0x4000fc20                GetMultiAddress(unsigned long)
                0x40010a64                SendPing
                0x4000fb34                GetSumHdr
                0x4000ff04                IsLocal(unsigned long, int)
                0x40010c70                GetLocalIPInterface(unsigned long)
                0x40010cc8                AddInterface(unsigned long, unsigned long, unsigned long, int)
                0x400105d0                IPTask(void*)
 *fill*         0x400114ea        0x2 00
 .text          0x400114ec      0xef8 /nburn/lib/NetBurner.a(buffers.o)
                0x400115d0                FreeBufferList
                0x400119dc                fifo_buffer_storage::Full()
                0x40011acc                ShowBuffer
                0x40011db0                fifo_buffer_storage::Reset(unsigned char)
                0x40011600                InitBuffers
                0x4001172c                buffer_list::InsertBefore(pool_buffer*, pool_buffer*)
                0x40011904                GetBuffer
                0x40011aac                fifo_buffer_storage::fifo_buffer_storage(unsigned char, unsigned char)
                0x400119c4                fifo_buffer_storage::Empty()
                0x40012228                fifo_buffer_storage::ReadDatawSum(unsigned char*, int, unsigned long&)
                0x400119b0                fifo_buffer_storage::SpaceUsed()
                0x400114ec                ShowBuffers()
                0x40011518                buffer_list::InsertHead(pool_buffer*)
                0x40011bf8                GetFreeCount
                0x400114fc                IncUsageCount
                0x40011a8c                fifo_buffer_storage::fifo_buffer_storage(unsigned char, unsigned char)
                0x400116c8                buffer_list::InsertTail(pool_buffer*)
                0x40011e70                fifo_buffer_storage::~fifo_buffer_storage()
                0x40011f60                fifo_buffer_storage::SetMaxBuffers(unsigned char)
                0x40011c70                fifo_buffer_storage::ReadData(unsigned char*, int)
                0x40011a24                fifo_buffer_storage::Init(unsigned char, unsigned char)
                0x400114f4                DumpBuffers()
                0x4001189c                buffer_list::RemoveHead()
                0x40011814                buffer_list::Remove(pool_buffer*)
                0x40011950                buffer_list::RemoveTail()
                0x40011e84                fifo_buffer_storage::LongSpaceAvail()
                0x40011ff0                fifo_buffer_storage::WriteData(unsigned char*, int)
                0x40011588                FreeBuffer
                0x400117a0                buffer_list::InsertAfter(pool_buffer*, pool_buffer*)
                0x40011f3c                fifo_buffer_storage::SpaceAvail()
                0x40011e5c                fifo_buffer_storage::~fifo_buffer_storage()
 .text          0x400123e4     0x1922 /nburn/lib/NetBurner.a(arp.o)
                0x40013118                FindAddArp(unsigned long)
                0x40012540                sendGratuitousArp(int)
                0x4001240c                MacEqual(MACADR, MACADR)
                0x40012748                InitializeArp()
                0x400127f0                FindArp(unsigned long)
                0x40012a4c                SendArp(ArpRecord*, int)
                0x400126fc                GetInterface(unsigned long)
                0x400139fc                AddCheckArp(MACADR*, unsigned long, int)
                0x4001246c                SetMac(ArpRecord*, MACADR, int)
                0x40012f54                DeleteArpFromIp(unsigned long)
                0x400128f4                GetArpMacFromIp(unsigned long, MACADR&)
                0x40013524                RouteOutVia(EFRAME*, unsigned long, pool_buffer*, int)
                0x400129a8                GetProperInterface(unsigned long)
                0x40013068                FreeOneArp()
                0x40013a88                processArp(pool_buffer*, EFRAME*)
                0x40012504                NeedsArp(int)
                0x40012b7c                GetNextArp(ArpRecord*)
                0x40012610                RawSendArp(ArpRecord*, unsigned long, int)
                0x40012f74                AgeArp()
                0x40013744                RouteOut(EFRAME*, unsigned long, pool_buffer*)
                0x40012c44                ShowArp()
                0x40012d84                DeleteArp(ArpRecord*)
                0x40012bec                GetFirstArp()
                0x40012ab8                GetSrcIp
                0x400133b4                IsMyAddressUsedArpDetect(unsigned short, int)
                0x40012404                Cleanup()
                0x400123e4                IsNull(ArpRecord*)
                0x40012cd8                fShowArp(__sFILE*)
                0x4001294c                AddPending(MACADR*, unsigned long, int)
 *fill*         0x40013d06        0x2 00
 .text          0x40013d08     0x13dc /nburn/lib/NetBurner.a(udp.o)
                0x400145d0                UDPPacket::Send(unsigned long, unsigned char)
                0x40013e50                UDPPacket::SetDestinationPort(unsigned short)
                0x40013f14                UDPPacket::GetPacketId()
                0x40013f60                UDPPacket::GetSourceAddress()
                0x40014d1c                UDPPacket::UDPPacket()
                0x4001430c                UDPPacket::AddDataByte(unsigned char)
                0x400146e8                UDPPacket::SendAndKeep(unsigned long, unsigned char)
                0x40013f84                RegisterUDPFifo(unsigned short, os_fifo*)
                0x40014354                UDPPacket::AddData(char const*)
                0x40013d7c                UDPPacket::UDPPacket(pool_buffer*)
                0x40014414                UDPPacket::SendViaInterface(unsigned long, int, unsigned char)
                0x40013efc                UDPPacket::GetIpPacket()
                0x4001453c                UDPPacket::SendVia(unsigned long, unsigned long, unsigned char)
                0x40014758                UDPPacket::~UDPPacket()
                0x40013d08                GetUdpFifoRec(unsigned short)
                0x40013e8c                UDPPacket::GetDataBuffer()
                0x4001404c                RegisterUDPFifoWithNotify(unsigned short, os_fifo*, void (*)(os_fifo*, unsigned short))
                0x40013dc8                UDPPacket::UDPPacket(pool_buffer*)
                0x40013ec0                UDPPacket::GetDataSize() const
                0x400147c4                ProcessIDPacket(UDPPacket&, int)
                0x40014330                UDPPacket::AddDataWord(unsigned short)
                0x40014d60                process_udp(pool_buffer*, IPPKT*, unsigned short)
                0x40014384                UDPPacket::Validate()
                0x40013e6c                UDPPacket::GetDestinationPort() const
                0x40014260                UDPPacket::AddData(unsigned char const*, unsigned short)
                0x40014114                UnregisterUDPFifo(unsigned short)
                0x40015024                UDPPacket::UDPPacket(os_fifo*, unsigned long)
                0x40013ea0                UDPPacket::SetDataSize(unsigned short)
                0x400141dc                FixIDDataPacket(UDPPacket&, _InterfaceBlock*)
                0x40013ee8                UDPPacket::ResetData()
                0x40014730                UDPPacket::~UDPPacket()
                0x40015084                UDPPacket::UDPPacket(os_fifo*, unsigned long)
                0x4001457c                UDPPacket::SendAndKeepVia(unsigned long, unsigned long, unsigned char)
                0x40013e14                UDPPacket::SetSourcePort(unsigned short)
                0x40013e30                UDPPacket::GetSourcePort() const
                0x40014238                FixIDDataPacket(UDPPacket&, int)
                0x40014780                UDPPacket::UDPPacket()
                0x40013f3c                UDPPacket::GetDestinationAddress()
 .text          0x400150e4     0x5406 /nburn/lib/NetBurner.a(tcp.o)
                0x4001678c                SendTcpRst(IPPKT*)
                0x40015720                GetTcpState(int)
                0x40016a3c                InitTCP()
                0x40017520                _Socket_Private_read
                0x400156d4                ShortSocketList::ShortSocketList()
                0x40015780                SetOutOfOrderbuffers(int, unsigned char)
                0x40015354                GetSocketRemotePort(int)
                0x40015ef4                socket_struct::MyAdvertisedWindow()
                0x40015d90                SetSocketTxBuffers(int, int)
                0x40015468                setsockoption(int, int)
                0x40016240                TcpSend(socket_struct*, unsigned long, pool_buffer*, unsigned short, unsigned char)
                0x4001966c                TCPTimerTask(void*)
                0x40019e5c                process_tcp(pool_buffer*, IPPKT*, unsigned short)
                0x40017b7c                socket_struct::ProcessRST()
                0x4001a420                NoBlockconnectvia(unsigned long, unsigned short, unsigned short, unsigned long)
                0x400157c4                TcpGetLastRxTime(int)
                0x40017c98                abortsocket
                0x4001807c                socket_struct::ProcessDataSegment(TCPPKT*, unsigned short, unsigned char*, pool_buffer*&)
                0x4001a278                connectvia(unsigned long, unsigned short, unsigned short, unsigned long, unsigned long)
                0x40017054                HashSocketList::RemoveSocket(socket_struct*) const
                0x40018714                _Socket_Private_write
                0x400154a0                getsockoption(int)
                0x40018d5c                socket_struct::ProcessAck(TCPPKT*)
                0x4001753c                socket_struct::SaveData(unsigned char*, unsigned short, unsigned char)
                0x40016d44                GetTcpRtxCount(int)
                0x40015248                fixoverlap(unsigned long, unsigned long, unsigned long&, unsigned long&)
                0x4001781c                socket_struct::SetTimer(unsigned long)
                0x4001a3f8                connect(unsigned long, unsigned short, unsigned short, unsigned long)
                0x4001552c                HashSocketList::HashSocketList()
                0x40017298                GetTcpSocket(TCPPKT*, unsigned long)
                0x4001a470                NoBlockConnect(unsigned long, unsigned short, unsigned short, unsigned long)
                0x40015a10                TcpGetRxBufferSpaceUsed(int)
                0x4001835c                socket_struct::DoRawSend()
                0x40015a50                ShowFdTcpSocket(int)
                0x40015d14                socket_struct::ClearPending(int)
                0x40016db8                ShortSocketList::findsocket(unsigned short, unsigned short, unsigned long) const
                0x4001a370                connect(unsigned long, unsigned short, unsigned short, unsigned long, unsigned long)
                0x40016cd0                TcpSendKeepAlive(int)
                0x400152c4                getsocketerror(int)
                0x40015514                EnableTcpDebug(unsigned short)
                0x40019578                socket_struct::ProcessTimer()
                0x40018238                socket_struct::SetUpNextRetransmit()
                0x40015524                HashSocketList::HashSocketList()
                0x40017350                SockReadWithTimeout
                0x400169d0                GetFreeSocketCount()
                0x40019008                socket_struct::ProcessFIN(TCPPKT*, unsigned short)
                0x40015f6c                FixHeaderAndSendTcp(pool_buffer*, IPPKT*, socket_struct*)
                0x400154d0                setsocketackbuffers(int, unsigned char)
                0x40015448                socket_struct::CleanUpDeletedListener()
                0x40015204                FindListenSocket(unsigned short, unsigned long)
                0x40016078                TcpSendwSum(socket_struct*, unsigned long, pool_buffer*, unsigned short, unsigned char, unsigned long)
                0x4001789c                socket_struct::DoCleanup()
                0x4001762c                socket_struct::TestOutofOrder()
                0x40015834                TcpGetLastRxInterval(int)
                0x400150e4                GetFirstSeq()
                0x40016c3c                FREESOCKET(socket_struct*)
                0x40017a74                ShortSocketList::AddSocket(socket_struct*)
                0x40018c40                socket_struct::DoRetransmit(unsigned char)
                0x400156e4                ShortSocketList::Init()
                0x40016e5c                ShortSocketList::processTick()
                0x40019f68                socket_struct::CoreConnect(unsigned long, unsigned short, unsigned short, unsigned long)
                0x4001917c                _Socket_Private_close
                0x400192bc                accept(int, unsigned long*, unsigned short*, unsigned short)
                0x400156dc                ShortSocketList::ShortSocketList()
                0x40015dd0                SetSocketRxBuffers(int, int)
                0x40017eb8                listen(unsigned long, unsigned short, unsigned char)
                0x40015534                HashSocketList::Init() const
                0x4001554c                ShortSocketList::GetFreeShort()
                0x40015324                GetSocketRemoteAddr(int)
                0x400171c0                HashSocketList::findsocket(unsigned short, unsigned short, unsigned long) const
                0x400159a4                WaitForSocketFlush(int, unsigned long)
                0x4001551c                DumpTcpPacket(IPPKT*)
                0x40017fc0                RemoveFromUserCloseList(socket_struct*)
                0x40015128                ValidateTCP(IPPKT*, unsigned short)
                0x40016f0c                ShortSocketList::process(pool_buffer*, TCPPKT*, unsigned long) const
                0x40015114                socket_struct::SetState(int)
                0x40015e10                socket_struct::processoptions(pool_buffer*, TCPPKT*, IPPKT*)
                0x4001893c                socket_struct::DoClose(int)
                0x40017dcc                GetFreeSocket()
                0x40015384                GetSocketLocalPort(int)
                0x4001710c                HashSocketList::AddSocket(socket_struct*) const
                0x40015694                ShortSocketList::FreeShort(ShortSocket*) const
                0x400153b4                socket_struct::CalcRTO(unsigned long)
                0x40016734                socket_struct::OpenWindow()
                0x400168a0                SendTcpSynRst(IPPKT*)
                0x40015954                TcpAllDataAcked(int)
                0x40018694                clrsockoption(int, int)
                0x400157f8                TcpGetSocketState(int)
                0x4001550c                DumpTcpDebug()
                0x400152f4                GetSocketLocalAddr(int)
                0x40019794                socket_struct::process(pool_buffer*, TCPPKT*)
                0x40015754                RegisterTCPReadNotify
                0x400162d0                socket_struct::SendState(unsigned short, pool_buffer*)
 *fill*         0x4001a4ea        0x2 00
 .text          0x4001a4ec      0x23c /nburn/lib/NetBurner.a(extraio.o)
                0x4001a51c                ExpandWrite(int, char const*, int)
                0x4001a54c                ExpandClose(int)
                0x4001a57c                InitExtras()
                0x4001a5b8                GetExtraFD
                0x4001a4ec                ExpandRead(int, char*, int)
                0x4001a6ec                GetFreeExtraFDCount
                0x4001a648                FreeExtraFd
                0x4001a680                GetExtraData
                0x4001a6b4                GetExtraExtraData
 .text          0x4001a728      0x69e /nburn/lib/NetBurner.a(iosys.o)
                0x4001ab64                SetDataAvail
                0x4001aa04                writeall
                0x4001aa64                RawCheckSelects()
                0x4001ab10                SetHaveError
                0x4001aba0                RemoveSelect(PendingSelect*)
                0x4001ab28                SetWriteAvail
                0x4001a8f4                ZeroWaitSelect
                0x4001ac20                AddSelect(PendingSelect*)
                0x4001a848                FD_ISSET
                0x4001a7f0                ClrDataAvail
                0x4001ac78                select
                0x4001a7d8                ClrWriteAvail
                0x4001aadc                CheckSelects()
                0x4001a9a8                writestring
                0x4001a8b8                countbits(fd_set*)
                0x4001a728                FD_OVERLAP(fd_set*, fd_set*)
                0x4001a978                dataavail
                0x4001a764                FD_ZERO
                0x4001a808                FD_SET
                0x4001a7c0                ClrHaveError
                0x4001a894                countdwbits(unsigned long)
                0x4001ad18                ReadWithTimeout
                0x4001a77c                FD_CLR
 *fill*         0x4001adc6        0x2 00
 .text          0x4001adc8      0x71c /nburn/lib/NetBurner.a(autoip.o)
                0x4001b004                AutoIPClient::AutoIPClient(int)
                0x4001aee4                AutoIPClient::stop()
                0x4001b330                AutoIPClient::arpCheck()
                0x4001ae54                AutoIPClient::getNextTick()
                0x4001b18c                AutoIPClient::announce()
                0x4001ae08                AutoIPClient::addressCollision()
                0x4001ae44                AutoIPClient::getState()
                0x4001b268                AutoIPClient::startArp()
                0x4001b48c                AutoIPClient::staticTimeTick()
                0x4001adc8                AutoIPClient::start()
                0x4001b080                AutoIPClient::AutoIPClient(int)
                0x4001ae64                AutoIPClient::tickDelay(int)
                0x4001ae8c                AutoIPClient::negotiate()
                0x4001b1d0                AutoIPClient::setRNG()
                0x4001afa0                AutoIPClient::~AutoIPClient()
                0x4001b41c                AutoIPClient::timeTick()
                0x4001af1c                AutoIPClient::restart()
                0x4001b0fc                AddAutoIPInterface(int)
                0x4001af3c                AutoIPClient::~AutoIPClient()
                0x4001b22c                AutoIPClient::generateNewIPAddr()
 .text          0x4001b4e4        0x0 /nburn/lib/NetBurner.a(defappname.o)
 .text          0x4001b4e4      0x4b2 /nburn/lib/NetBurner.a(netinterface.o)
                0x4001b8c8                InitializeNetwork(void (*)(pool_buffer*, EFRAME*, unsigned short), void (*)(pool_buffer*, EFRAME*))
                0x4001b59c                InterfaceIP(int)
                0x4001b690                GetEframe(pool_buffer*)
                0x4001b868                SaveIfConfig(ConfigRecord*, int)
                0x4001b75c                RegisterMultiHomeInterface(_InterfaceBlock*)
                0x4001b4e4                GetFirstInterface()
                0x4001b898                GetIfConfig(int)
                0x4001b64c                InterfaceMAC(int)
                0x4001b548                GetInterFaceBlock(int)
                0x4001b5c8                InterfaceDNS(int)
                0x4001b5f4                InterfaceMASK(int)
                0x4001b504                GetnextInterface(int)
                0x4001b934                TransmitBuffer(pool_buffer*, int)
                0x4001b6fc                DisableMulticast(MACADR, int)
                0x4001b7c4                RegisterInterface(_InterfaceBlock*)
                0x4001b6a4                EnableMulticast(MACADR, int)
                0x4001b834                Removeinterface(int)
                0x4001b754                StopNetworks()
                0x4001b574                GetInterfaceNumber(_InterfaceBlock*)
                0x4001b620                InterfaceGate(int)
 *fill*         0x4001b996        0x2 00
 .text          0x4001b998      0x5c8 /nburn/lib/NetBurner.a(taskmon.o)
                0x4001bea0                ProcessTaskPacket(UDPPacket&, int)
                0x4001b998                EnableTaskMonitor()
                0x4001b9ac                BufferDumpTCBState(os_tcb*)
 .text          0x4001bf60     0x131e /nburn/lib/NetBurner.a(smarttrap.o)
                0x4001bf94                EnableSmartTraps()
                0x4001c074                WalkStack(os_tcb*, unsigned long, unsigned long)
                0x4001c554                smart_trap_asm
                0x4001c374                Local_OutTCBState(os_tcb*, unsigned long, unsigned long)
                0x4001bf60                SafeRead(unsigned long)
                0x4001bfb0                Local_OutHex(unsigned long, int)
                0x4001c54c                Smart_Trap_Holder()
                0x4001c044                Local_OutString(char const*)
                0x4001c0f0                Local_ShowTaskName(os_tcb volatile*)
 *fill*         0x4001d27e        0x2 00
 .text          0x4001d280      0x538 /nburn/lib/NetBurner.a(autoupdate.o)
                0x4001d708                ProcessAutoUpdatePacket(UDPPacket&)
                0x4001d43c                DoData(UDPPacket&)
                0x4001d280                EnableAutoUpdate
                0x4001d294                DoReboot()
                0x4001d2c4                DoExecute(UDPPacket&, int)
                0x4001d52c                DoStart(UDPPacket&)
 .text          0x4001d7b8       0x52 /nburn/lib/NetBurner.a(device.o)
                0x4001d7d8                DeviceInitializeSem
                0x4001d7b8                DeviceGetQspiSem()
                0x4001d7c8                DeviceGetI2cSem()
 *fill*         0x4001d80a        0x2 00
 .text          0x4001d80c       0x26 /nburn/lib/NetBurner.a(new_ops.o)
                0x4001d80c                operator new(unsigned long)
 *fill*         0x4001d832        0x2 00
 .text          0x4001d834      0xf34 /nburn/lib/FatFile.a(fat_m.o)
                0x4001db34                fm_settimedate
                0x4001d834                fm_getlasterror
                0x4001ddc0                fm_seek
                0x4001e414                fm_format
                0x4001e238                fm_chdir
                0x4001dff8                fm_move
                0x4001e708                fm_initvolume
                0x4001dc8c                fm_rewind
                0x4001df14                fm_flush
                0x4001db9c                fm_stat
                0x4001e75c                fm_getversion
                0x4001d99c                fm_setlabel
                0x4001e5bc                fm_getpartition
                0x4001e4f4                fm_releasedriver
                0x4001dcd8                fm_putc
                0x4001d9ec                fm_getlabel
                0x4001e464                fm_get_volume_list
                0x4001e1ec                fm_mkdir
                0x4001e048                fm_rename
                0x4001e104                fm_findnext
                0x4001dfac                fm_filelength
                0x4001e3c4                fm_getcwd
                0x4001dd28                fm_getc
                0x4001da98                fm_getattr
                0x4001df60                fm_close
                0x4001e524                fm_delvolume
                0x4001e324                fm_chdrive
                0x4001d94c                fm_truncate
                0x4001e370                fm_getdcwd
                0x4001e660                fm_initvolumepartition
                0x4001d8f8                fm_get_oem
                0x4001dc40                fm_eof
                0x4001de14                fm_write
                0x4001e570                fm_checkvolume
                0x4001dd74                fm_tell
                0x4001e4b0                fm_get_volume_count
                0x4001d85c                fm_seteof
                0x4001da40                fm_setattr
                0x4001e60c                fm_createpartition
                0x4001e6b4                fm_createdriver
                0x4001e2d4                fm_getdrive
                0x4001e150                fm_findfirst
                0x4001dbec                fm_gettimedate
                0x4001e284                fm_getfreespace
                0x4001dae8                fm_delete
                0x4001dec4                fm_open
                0x4001e1a0                fm_rmdir
                0x4001d8a8                fm_ftruncate
                0x4001de6c                fm_read
 .text          0x4001e768     0x4fcc /nburn/lib/FatFile.a(common.o)
                0x4002017c                fn_getdrive
                0x40022a04                fn_initvolumepartition
                0x40020124                fn_tell
                0x4001f4d0                _f_clustertopos
                0x40022530                fn_flush
                0x4001f9d8                _f_allocnextcluster
                0x4001ff60                _fn_removeseekpos
                0x400200a0                fn_chdrive
                0x4002151c                fn_seteof
                0x4001fb94                _f_check_handle
                0x4001ea30                _f_drvreadsector
                0x40020f0c                fn_getpartition
                0x40020060                fn_eof
                0x400227b4                fn_getfreespace
                0x4001e924                _f_checkstatus
                0x4001e778                _f_get16bitl
                0x400221b4                fn_read
                0x400233d4                fn_releasedriver
                0x40022aac                fn_format
                0x4001f944                _f_checkappendlocked
                0x400220c8                fn_rewind
                0x4001edf0                _f_fatcache_flush
                0x4002107c                _f_getvolume
                0x400235fc                fn_initvolume
                0x40020198                fn_get_volume_list
                0x40021b08                fn_putc
                0x40021b44                _f_writezeros
                0x4001e794                _f_set16bitl
                0x40020aec                _f_checkreadlocked
                0x4001fb0c                _f_removechain
                0x400220e0                _f_syncfiles
                0x400216f8                fn_write
                0x40020110                fn_setlasterror_noret
                0x400209cc                _f_updatefileentry
                0x4002038c                f_enterFS
                0x40023530                fn_createdriver
                0x40020210                _f_mutex_put
                0x4001ef1c                _f_writefatsector
                0x40023468                fn_delvolume
                0x400236e0                fn_init
                0x400202a8                f_releaseFS
                0x40020048                fn_setlasterror
                0x40020cc4                fn_createpartition
                0x4002264c                fn_close
                0x4001fca4                _f_getcurrsector
                0x4002023c                _f_mutex_get
                0x40020300                fnGetTask
                0x40020478                _f_emptywritecache
                0x4001fc68                _fn_updateseekpos
                0x4001e768                fn_getversion
                0x400224f8                fn_getc
                0x40021bd8                _f_fseek
                0x4001f5ac                _f_setdecluster
                0x4001ebc4                _f_readsector
                0x4001f130                _f_setclustervalue
                0x4002207c                fn_ftruncate
                0x4001f32c                _f_getclustervalue
                0x400201d8                fn_get_volume_count
                0x40021f40                fn_seek
                0x4001f8c8                _f_checklocked
                0x400229d4                fn_checkvolume
                0x4001e7b0                _f_get32bitl
                0x400207fc                _f_emptywritebuffer
                0x4001f738                _f_dobadblock
                0x40020bd8                _f_initentry
                0x40020914                _f_syncfilescontent
                0x4001ea90                _f_writesector
                0x4001ffc4                _f_findopensize
                0x4001e7e0                _f_set32bitl
                0x4001fbd8                _fn_initseekdivisor
                0x40021664                fn_get_oem
                0x4001f610                _f_alloccluster
                0x4001ecc4                _f_getmaxcluster
                0x4001f54c                _f_getdecluster
 .text          0x40023734       0xae /nburn/lib/FatFile.a(f_fgets.o)
                0x40023734                f_fgets
 *fill*         0x400237e2        0x2 00
 .text          0x400237e4       0xec /nburn/lib/FatFile.a(f_fprintf.o)
                0x400237e4                f_fprintf
 .text          0x400238d0       0x2c /nburn/lib/FatFile.a(f_fputs.o)
                0x400238d0                f_fputs
 .text          0x400238fc     0x3d90 /nburn/lib/FatFile.a(fat.o)
                0x40027464                fn_chdir
                0x400243f0                fn_getlabel
                0x4002438c                _f_getdirsector
                0x40023f44                fn_getcwd
                0x400252f0                fn_setattr
                0x400271ec                fn_rename
                0x400248bc                fn_setlabel
                0x40025444                fn_getattr
                0x40025900                fn_gettimedate
                0x4002460c                _f_addentry
                0x40026c94                fn_move
                0x40025568                fn_delete
                0x40025b9c                fn_open
                0x400263d0                fn_truncate
                0x40026734                fn_filelength
                0x400275b8                fn_findfirst
                0x40025080                fn_rmdir
                0x40023f10                _f_writedirsector
                0x4002572c                fn_stat
                0x40025a50                fn_settimedate
                0x40023bc8                _f_cmp_wname
                0x400268d0                fn_mkdir
                0x40024030                fn_getdcwd
                0x40024b10                fn_findnext
 .text          0x4002768c      0x22c /nburn/lib/FatFile.a(port_f.o)
                0x400276b8                f_mutex_get
                0x40027810                f_getdate
                0x40027720                f_mutex_create
                0x400277ac                f_getrand
                0x400276e8                f_mutex_delete
                0x40027734                f_gettime
                0x4002768c                fn_gettaskID
                0x400276a0                f_mutex_put
 .text          0x400278b8     0x17ce /nburn/lib/MOD5441X.a(ethernet.o)
                0x4002849c                AddEthernetInterface()
                0x40027a9c                StopEnet()
                0x40027f54                ResetEnet()
                0x400286bc                ProcessDuplexStatus()
                0x400278b8                read_eth_addr(MACADR*)
                0x40028590                WarmEnetReset()
                0x40028ed8                real_rxenetisr
                0x400278e4                fake_rxenetisr()
                0x400278e8                rxenetisr
                0x40027938                fake_txenetisr()
                0x4002868c                EnablePHY()
                0x40027af0                EthMultifunc(MACADR, unsigned char)
                0x4002798c                GetMII(unsigned char, unsigned char)
                0x40027b0c                ResetEnetPart2()
                0x4002793c                txenetisr
                0x40027a10                SetMII(unsigned char, unsigned char, unsigned short)
                0x400282e8                InitializeEthernet()
                0x40028b34                real_txenetisr
                0x40027acc                DisablePHY()
                0x4002862c                ManualEthernetConfig(unsigned char, unsigned char, unsigned char)
                0x400289e0                EthTransmitBuffer(pool_buffer*)
                0x40028d2c                Ether_ProcessTask(void*)
 *fill*         0x40029086        0x2 00
 .text          0x40029088     0x16e8 /nburn/lib/MOD5441X.a(etherprint.o)
                0x4002a698                EtherLink()
                0x40029088                EtherSpeed100()
                0x4002a68c                denet()
                0x4002a32c                ShowFECRegisters()
                0x40029160                ShowMII(unsigned char, unsigned char, char const*, unsigned short)
                0x4002a6cc                elink()
                0x4002a680                dEnet()
                0x400290a8                SwitchMIIPage(unsigned long)
                0x40029098                EtherDuplex()
                0x400290d4                showbinary(unsigned short, unsigned short)
                0x400291c8                ShowPhyterMII()
 .text          0x4002a770      0x196 /nburn/lib/MOD5441X.a(emulticast.o)
                0x4002a854                EthDisableMulticast(MACADR)
                0x4002a7b0                EthEnableMulticast(MACADR)
                0x4002a770                GetMultiCastCRC(MACADR)
 *fill*         0x4002a906        0x2 00
 .text          0x4002a908      0x1f2 /nburn/lib/NetBurner.a(netrx.o)
                0x4002a908                NetDoRX(pool_buffer*, unsigned short, int)
 *fill*         0x4002aafa        0x2 00
 .text          0x4002aafc       0x42 /nburn/lib/NetBurner.a(nbtime.o)
                0x4002ab1c                set_time
                0x4002aafc                time
 *fill*         0x4002ab3e        0x2 00
 .text          0x4002ab40      0x564 c:/nburn/gcc-m68k/bin/../lib/gcc/m68k-elf/4.2.1/../../../../m68k-elf/lib/m5206e\libm.a(lib_a-s_atan.o)
                0x4002ab40                atan
 .text          0x4002b0a4       0x20 c:/nburn/gcc-m68k/bin/../lib/gcc/m68k-elf/4.2.1/../../../../m68k-elf/lib/m5206e\libm.a(lib_a-s_fabs.o)
                0x4002b0a4                fabs
 .text          0x4002b0c4      0x112 c:/nburn/gcc-m68k/bin/../lib/gcc/m68k-elf/4.2.1/../../../../m68k-elf/lib/m5206e\libm.a(lib_a-w_sqrt.o)
                0x4002b0c4                sqrt
 *fill*         0x4002b1d6        0x2 00
 .text          0x4002b1d8      0x28c c:/nburn/gcc-m68k/bin/../lib/gcc/m68k-elf/4.2.1/../../../../m68k-elf/lib/m5206e\libm.a(lib_a-e_sqrt.o)
                0x4002b1d8                __ieee754_sqrt
 .text          0x4002b464       0x34 c:/nburn/gcc-m68k/bin/../lib/gcc/m68k-elf/4.2.1/../../../../m68k-elf/lib/m5206e\libm.a(lib_a-s_isnand.o)
                0x4002b464                __isnand
 .text          0x4002b498        0x0 c:/nburn/gcc-m68k/bin/../lib/gcc/m68k-elf/4.2.1/../../../../m68k-elf/lib/m5206e\libm.a(lib_a-s_lib_ver.o)
 .text          0x4002b498        0xa c:/nburn/gcc-m68k/bin/../lib/gcc/m68k-elf/4.2.1/../../../../m68k-elf/lib/m5206e\libm.a(lib_a-s_matherr.o)
                0x4002b498                matherr
 *fill*         0x4002b4a2        0x2 00
 .text          0x4002b4a4      0xba0 c:/nburn/gcc-m68k/bin/../lib/gcc/m68k-elf/4.2.1/m5206e\libgcc.a(_double.o)
                0x4002bfa2                __cmpdf2
                0x4002b504                __adddf3
                0x4002be6c                __negdf2
                0x4002bb7c                __divdf3
                0x4002beca                __cmpdf2_internal
                0x4002b9a0                __muldf3
                0x4002b4fe                __subdf3
 .text          0x4002c044       0x74 c:/nburn/gcc-m68k/bin/../lib/gcc/m68k-elf/4.2.1/m5206e\libgcc.a(_floatex.o)
                0x4002c050                $_exception_handler
                0x4002c044                __clear_sticky_bit
 .text          0x4002c0b8       0x22 c:/nburn/gcc-m68k/bin/../lib/gcc/m68k-elf/4.2.1/m5206e\libgcc.a(_eqdf2.o)
                0x4002c0b8                __eqdf2
 *fill*         0x4002c0da        0x2 00
 .text          0x4002c0dc       0x22 c:/nburn/gcc-m68k/bin/../lib/gcc/m68k-elf/4.2.1/m5206e\libgcc.a(_nedf2.o)
                0x4002c0dc                __nedf2
 *fill*         0x4002c0fe        0x2 00
 .text          0x4002c100       0x22 c:/nburn/gcc-m68k/bin/../lib/gcc/m68k-elf/4.2.1/m5206e\libgcc.a(_gtdf2.o)
                0x4002c100                __gtdf2
 *fill*         0x4002c122        0x2 00
 .text          0x4002c124       0x22 c:/nburn/gcc-m68k/bin/../lib/gcc/m68k-elf/4.2.1/m5206e\libgcc.a(_ltdf2.o)
                0x4002c124                __ltdf2
 *fill*         0x4002c146        0x2 00
 .text          0x4002c148       0x22 c:/nburn/gcc-m68k/bin/../lib/gcc/m68k-elf/4.2.1/m5206e\libgcc.a(_ledf2.o)
                0x4002c148                __ledf2
 *fill*         0x4002c16a        0x2 00
 .text          0x4002c16c       0x7a c:/nburn/gcc-m68k/bin/../lib/gcc/m68k-elf/4.2.1/m5206e\libgcc.a(_fixunsdfsi.o)
                0x4002c16c                __fixunsdfsi
 *fill*         0x4002c1e6        0x2 00
 .text          0x4002c1e8      0x49a c:/nburn/gcc-m68k/bin/../lib/gcc/m68k-elf/4.2.1/m5206e\libgcc.a(fpgnulib.o)
                0x4002c668                __fixsfsi
                0x4002c350                __floatsidf
                0x4002c426                __extendsfdf2
                0x4002c2de                __floatunsidf
                0x4002c5e8                __fixdfsi
                0x4002c40c                __floatsisf
                0x4002c4c0                __truncdfsf2
                0x4002c1e8                __unordsf2
                0x4002c3f2                __floatunsisf
                0x4002c24a                __unorddf2
 *fill*         0x4002c682        0x2 00
 .text          0x4002c684       0x22 c:/nburn/gcc-m68k/bin/../lib/gcc/m68k-elf/4.2.1/m5206e\libgcc.a(_gedf2.o)
                0x4002c684                __gedf2
 *fill*         0x4002c6a6        0x2 00
 .text          0x4002c6a8       0x1e c:/nburn/gcc-m68k/bin/../lib/gcc/m68k-elf/4.2.1/../../../../m68k-elf/lib/m5206e\libc.a(lib_a-cxa_atexit.o)
                0x4002c6a8                __cxa_atexit
 *fill*         0x4002c6c6        0x2 00
 .text          0x4002c6c8        0xe c:/nburn/gcc-m68k/bin/../lib/gcc/m68k-elf/4.2.1/../../../../m68k-elf/lib/m5206e\libc.a(lib_a-errno.o)
                0x4002c6c8                __errno
 *fill*         0x4002c6d6        0x2 00
 .text          0x4002c6d8       0x24 c:/nburn/gcc-m68k/bin/../lib/gcc/m68k-elf/4.2.1/../../../../m68k-elf/lib/m5206e\libc.a(lib_a-fiprintf.o)
                0x4002c6d8                fiprintf
 .text          0x4002c6fc       0x1a c:/nburn/gcc-m68k/bin/../lib/gcc/m68k-elf/4.2.1/../../../../m68k-elf/lib/m5206e\libc.a(lib_a-gmtime_r.o)
                0x4002c6fc                gmtime_r
 *fill*         0x4002c716        0x2 00
 .text          0x4002c718        0x0 c:/nburn/gcc-m68k/bin/../lib/gcc/m68k-elf/4.2.1/../../../../m68k-elf/lib/m5206e\libc.a(lib_a-impure.o)
 .text          0x4002c718       0x54 c:/nburn/gcc-m68k/bin/../lib/gcc/m68k-elf/4.2.1/../../../../m68k-elf/lib/m5206e\libc.a(lib_a-iprintf.o)
                0x4002c718                _iprintf_r
                0x4002c742                iprintf
 .text          0x4002c76c       0x3a c:/nburn/gcc-m68k/bin/../lib/gcc/m68k-elf/4.2.1/../../../../m68k-elf/lib/m5206e\libc.a(lib_a-isprint.o)
                0x4002c76c                isgraph
                0x4002c788                isprint
 *fill*         0x4002c7a6        0x2 00
 .text          0x4002c7a8       0x32 c:/nburn/gcc-m68k/bin/../lib/gcc/m68k-elf/4.2.1/../../../../m68k-elf/lib/m5206e\libc.a(lib_a-malloc.o)
                0x4002c7c2                malloc
                0x4002c7a8                free
 *fill*         0x4002c7da        0x2 00
 .text          0x4002c7dc      0x78c c:/nburn/gcc-m68k/bin/../lib/gcc/m68k-elf/4.2.1/../../../../m68k-elf/lib/m5206e\libc.a(lib_a-mallocr.o)
                0x4002c7dc                _malloc_r
 .text          0x4002cf68      0x628 c:/nburn/gcc-m68k/bin/../lib/gcc/m68k-elf/4.2.1/../../../../m68k-elf/lib/m5206e\libc.a(lib_a-mktm_r.o)
                0x4002cf68                __tzcalc_limits
                0x4002d168                _mktm_r
 .text          0x4002d590       0x54 c:/nburn/gcc-m68k/bin/../lib/gcc/m68k-elf/4.2.1/../../../../m68k-elf/lib/m5206e\libc.a(lib_a-printf.o)
                0x4002d590                printf
                0x4002d5ba                _printf_r
 .text          0x4002d5e4       0x8a c:/nburn/gcc-m68k/bin/../lib/gcc/m68k-elf/4.2.1/../../../../m68k-elf/lib/m5206e\libc.a(lib_a-puts.o)
                0x4002d5e4                _puts_r
                0x4002d658                puts
 *fill*         0x4002d66e        0x2 00
 .text          0x4002d670       0x6a c:/nburn/gcc-m68k/bin/../lib/gcc/m68k-elf/4.2.1/../../../../m68k-elf/lib/m5206e\libc.a(lib_a-rand.o)
                0x4002d688                rand
                0x4002d670                srand
 *fill*         0x4002d6da        0x2 00
 .text          0x4002d6dc       0x4e c:/nburn/gcc-m68k/bin/../lib/gcc/m68k-elf/4.2.1/../../../../m68k-elf/lib/m5206e\libc.a(lib_a-rget.o)
                0x4002d716                __srget
                0x4002d6dc                __srget_r
 *fill*         0x4002d72a        0x2 00
 .text          0x4002d72c      0x1ee c:/nburn/gcc-m68k/bin/../lib/gcc/m68k-elf/4.2.1/../../../../m68k-elf/lib/m5206e\libc.a(lib_a-setvbuf.o)
                0x4002d72c                setvbuf
 *fill*         0x4002d91a        0x2 00
 .text          0x4002d91c       0xba c:/nburn/gcc-m68k/bin/../lib/gcc/m68k-elf/4.2.1/../../../../m68k-elf/lib/m5206e\libc.a(lib_a-siprintf.o)
                0x4002d97a                _siprintf_r
                0x4002d91c                siprintf
 *fill*         0x4002d9d6        0x2 00
 .text          0x4002d9d8      0x14c c:/nburn/gcc-m68k/bin/../lib/gcc/m68k-elf/4.2.1/../../../../m68k-elf/lib/m5206e\libc.a(lib_a-sniprintf.o)
                0x4002da80                _sniprintf_r
                0x4002d9d8                sniprintf
 .text          0x4002db24       0xba c:/nburn/gcc-m68k/bin/../lib/gcc/m68k-elf/4.2.1/../../../../m68k-elf/lib/m5206e\libc.a(lib_a-sprintf.o)
                0x4002db82                _sprintf_r
                0x4002db24                sprintf
 *fill*         0x4002dbde        0x2 00
 .text          0x4002dbe0       0x1a c:/nburn/gcc-m68k/bin/../lib/gcc/m68k-elf/4.2.1/../../../../m68k-elf/lib/m5206e\libc.a(lib_a-strlen.o)
                0x4002dbe0                strlen
 *fill*         0x4002dbfa        0x2 00
 .text          0x4002dbfc        0x0 c:/nburn/gcc-m68k/bin/../lib/gcc/m68k-elf/4.2.1/../../../../m68k-elf/lib/m5206e\libc.a(lib_a-tzvars.o)
 .text          0x4002dbfc     0x1280 c:/nburn/gcc-m68k/bin/../lib/gcc/m68k-elf/4.2.1/../../../../m68k-elf/lib/m5206e\libc.a(lib_a-vfiprintf.o)
                0x4002ee5e                vfiprintf
                0x4002dc40                _vfiprintf_r
 .text          0x4002ee7c     0x1fac c:/nburn/gcc-m68k/bin/../lib/gcc/m68k-elf/4.2.1/../../../../m68k-elf/lib/m5206e\libc.a(lib_a-vfprintf.o)
                0x4002eec0                _vfprintf_r
                0x40030e0a                vfprintf
 .text          0x40030e28      0x110 c:/nburn/gcc-m68k/bin/../lib/gcc/m68k-elf/4.2.1/../../../../m68k-elf/lib/m5206e\libc.a(lib_a-vsnprintf.o)
                0x40030eae                vsnprintf
                0x40030e28                _vsnprintf_r
 .text          0x40030f38      0x124 c:/nburn/gcc-m68k/bin/../lib/gcc/m68k-elf/4.2.1/../../../../m68k-elf/lib/m5206e\libc.a(lib_a-wbuf.o)
                0x40030f38                __swbuf_r
                0x40031042                __swbuf
 .text          0x4003105c       0x7c c:/nburn/gcc-m68k/bin/../lib/gcc/m68k-elf/4.2.1/../../../../m68k-elf/lib/m5206e\libc.a(lib_a-wcrtomb.o)
                0x4003105c                _wcrtomb_r
                0x400310bc                wcrtomb
 .text          0x400310d8      0x130 c:/nburn/gcc-m68k/bin/../lib/gcc/m68k-elf/4.2.1/../../../../m68k-elf/lib/m5206e\libc.a(lib_a-wcsrtombs.o)
                0x400310d8                _wcsrtombs_r
                0x400311e6                wcsrtombs
 .text          0x40031208      0x452 c:/nburn/gcc-m68k/bin/../lib/gcc/m68k-elf/4.2.1/../../../../m68k-elf/lib/m5206e\libc.a(lib_a-wctomb_r.o)
                0x40031208                _wctomb_r
 *fill*         0x4003165a        0x2 00
 .text          0x4003165c      0x130 c:/nburn/gcc-m68k/bin/../lib/gcc/m68k-elf/4.2.1/../../../../m68k-elf/lib/m5206e\libc.a(lib_a-wsetup.o)
                0x4003165c                __swsetup
 .text          0x4003178c       0xe8 c:/nburn/gcc-m68k/bin/../lib/gcc/m68k-elf/4.2.1/../../../../m68k-elf/lib/m5206e\libc.a(lib_a-__atexit.o)
                0x4003178c                __register_exitproc
 .text          0x40031874        0x0 c:/nburn/gcc-m68k/bin/../lib/gcc/m68k-elf/4.2.1/../../../../m68k-elf/lib/m5206e\libc.a(lib_a-ctype_.o)
 .text          0x40031874     0x160a c:/nburn/gcc-m68k/bin/../lib/gcc/m68k-elf/4.2.1/../../../../m68k-elf/lib/m5206e\libc.a(lib_a-dtoa.o)
                0x40031a26                _dtoa_r
 *fill*         0x40032e7e        0x2 00
 .text          0x40032e80      0x198 c:/nburn/gcc-m68k/bin/../lib/gcc/m68k-elf/4.2.1/../../../../m68k-elf/lib/m5206e\libc.a(lib_a-fflush.o)
                0x40032e80                fflush
 .text          0x40033018      0x25e c:/nburn/gcc-m68k/bin/../lib/gcc/m68k-elf/4.2.1/../../../../m68k-elf/lib/m5206e\libc.a(lib_a-findfp.o)
                0x40033072                __sinit
                0x4003312a                __sfmoreglue
                0x40033118                _cleanup
                0x400330fe                _cleanup_r
                0x40033198                __sfp
 *fill*         0x40033276        0x2 00
 .text          0x40033278      0x422 c:/nburn/gcc-m68k/bin/../lib/gcc/m68k-elf/4.2.1/../../../../m68k-elf/lib/m5206e\libc.a(lib_a-freer.o)
                0x40033368                _free_r
                0x40033278                _malloc_trim_r
 *fill*         0x4003369a        0x2 00
 .text          0x4003369c      0x37e c:/nburn/gcc-m68k/bin/../lib/gcc/m68k-elf/4.2.1/../../../../m68k-elf/lib/m5206e\libc.a(lib_a-fvwrite.o)
                0x4003369c                __sfvwrite_r
 *fill*         0x40033a1a        0x2 00
 .text          0x40033a1c       0xe4 c:/nburn/gcc-m68k/bin/../lib/gcc/m68k-elf/4.2.1/../../../../m68k-elf/lib/m5206e\libc.a(lib_a-fwalk.o)
                0x40033a1c                _fwalk
                0x40033a8c                _fwalk_reent
 .text          0x40033b00        0xe c:/nburn/gcc-m68k/bin/../lib/gcc/m68k-elf/4.2.1/../../../../m68k-elf/lib/m5206e\libc.a(lib_a-gettzinfo.o)
                0x40033b00                __gettzinfo
 *fill*         0x40033b0e        0x2 00
 .text          0x40033b10       0xa6 c:/nburn/gcc-m68k/bin/../lib/gcc/m68k-elf/4.2.1/../../../../m68k-elf/lib/m5206e\libc.a(lib_a-locale.o)
                0x40033b3e                _setlocale_r
                0x40033b10                __locale_charset
                0x40033b1e                _localeconv_r
                0x40033b9e                setlocale
                0x40033b2c                localeconv
 *fill*         0x40033bb6        0x2 00
 .text          0x40033bb8      0x178 c:/nburn/gcc-m68k/bin/../lib/gcc/m68k-elf/4.2.1/../../../../m68k-elf/lib/m5206e\libc.a(lib_a-makebuf.o)
                0x40033bb8                __smakebuf
 .text          0x40033d30       0xd2 c:/nburn/gcc-m68k/bin/../lib/gcc/m68k-elf/4.2.1/../../../../m68k-elf/lib/m5206e\libc.a(lib_a-memchr.o)
                0x40033d30                memchr
 *fill*         0x40033e02        0x2 00
 .text          0x40033e04       0xb6 c:/nburn/gcc-m68k/bin/../lib/gcc/m68k-elf/4.2.1/../../../../m68k-elf/lib/m5206e\libc.a(lib_a-memmove.o)
                0x40033e04                memmove
 *fill*         0x40033eba        0x2 00
 .text          0x40033ebc      0xc78 c:/nburn/gcc-m68k/bin/../lib/gcc/m68k-elf/4.2.1/../../../../m68k-elf/lib/m5206e\libc.a(lib_a-mprec.o)
                0x40034210                _mprec_log10
                0x400342c6                __any_on
                0x4003436c                _Balloc
                0x4003417e                __ratio
                0x40034894                __i2b
                0x4003408e                __b2d
                0x40034a5c                __s2b
                0x40033fac                __mcmp
                0x40033ebc                __hi0bits
                0x4003497a                __pow5mult
                0x40034678                __lshift
                0x40034726                __multiply
                0x40034422                __d2b
                0x40034282                __copybits
                0x4003400c                __ulp
                0x40034538                __mdiff
                0x40033f20                __lo0bits
                0x400348b6                __multadd
                0x40034332                _Bfree
 .text          0x40034b34      0x502 c:/nburn/gcc-m68k/bin/../lib/gcc/m68k-elf/4.2.1/../../../../m68k-elf/lib/m5206e\libc.a(lib_a-reallocr.o)
                0x40034b34                _realloc_r
 *fill*         0x40035036        0x2 00
 .text          0x40035038      0x21c c:/nburn/gcc-m68k/bin/../lib/gcc/m68k-elf/4.2.1/../../../../m68k-elf/lib/m5206e\libc.a(lib_a-refill.o)
                0x4003505c                __srefill_r
 .text          0x40035254       0x42 c:/nburn/gcc-m68k/bin/../lib/gcc/m68k-elf/4.2.1/../../../../m68k-elf/lib/m5206e\libc.a(lib_a-s_isinfd.o)
                0x40035254                __isinfd
 *fill*         0x40035296        0x2 00
 .text          0x40035298      0x162 c:/nburn/gcc-m68k/bin/../lib/gcc/m68k-elf/4.2.1/../../../../m68k-elf/lib/m5206e\libc.a(lib_a-stdio.o)
                0x400352b6                __sseek
                0x400353a8                __sread
                0x40035298                __sclose
                0x40035318                __swrite
 *fill*         0x400353fa        0x2 00
 .text          0x400353fc       0x70 c:/nburn/gcc-m68k/bin/../lib/gcc/m68k-elf/4.2.1/../../../../m68k-elf/lib/m5206e\libc.a(lib_a-strcmp.o)
                0x400353fc                strcmp
 .text          0x4003546c       0x3e c:/nburn/gcc-m68k/bin/../lib/gcc/m68k-elf/4.2.1/../../../../m68k-elf/lib/m5206e\libc.a(lib_a-writer.o)
                0x4003546c                _write_r
 *fill*         0x400354aa        0x2 00
 .text          0x400354ac       0x92 c:/nburn/gcc-m68k/bin/../lib/gcc/m68k-elf/4.2.1/../../../../m68k-elf/lib/m5206e\libc.a(lib_a-callocr.o)
                0x400354ac                _calloc_r
 *fill*         0x4003553e        0x2 00
 .text          0x40035540       0x32 c:/nburn/gcc-m68k/bin/../lib/gcc/m68k-elf/4.2.1/../../../../m68k-elf/lib/m5206e\libc.a(lib_a-closer.o)
                0x40035540                _close_r
 *fill*         0x40035572        0x2 00
 .text          0x40035574       0xfe c:/nburn/gcc-m68k/bin/../lib/gcc/m68k-elf/4.2.1/../../../../m68k-elf/lib/m5206e\libc.a(lib_a-fclose.o)
                0x40035574                _fclose_r
                0x4003565c                fclose
 *fill*         0x40035672        0x2 00
 .text          0x40035674       0x36 c:/nburn/gcc-m68k/bin/../lib/gcc/m68k-elf/4.2.1/../../../../m68k-elf/lib/m5206e\libc.a(lib_a-fstatr.o)
                0x40035674                _fstat_r
 *fill*         0x400356aa        0x2 00
 .text          0x400356ac       0x3e c:/nburn/gcc-m68k/bin/../lib/gcc/m68k-elf/4.2.1/../../../../m68k-elf/lib/m5206e\libc.a(lib_a-lseekr.o)
                0x400356ac                _lseek_r
 *fill*         0x400356ea        0x2 00
 .text          0x400356ec       0x3e c:/nburn/gcc-m68k/bin/../lib/gcc/m68k-elf/4.2.1/../../../../m68k-elf/lib/m5206e\libc.a(lib_a-readr.o)
                0x400356ec                _read_r
 *fill*         0x4003572a        0x2 00
 .text          0x4003572c       0x72 c:/nburn/gcc-m68k/bin/../lib/gcc/m68k-elf/4.2.1/m5206e\libgcc.a(_muldi3.o)
                0x4003572c                __muldi3
 *fill*         0x4003579e        0x2 00
 .text          0x400357a0      0x4f6 c:/nburn/gcc-m68k/bin/../lib/gcc/m68k-elf/4.2.1/m5206e\libgcc.a(_udivdi3.o)
                0x400357a0                __udivdi3
 *fill*         0x40035c96        0x2 00
 .text          0x40035c98      0x4f8 c:/nburn/gcc-m68k/bin/../lib/gcc/m68k-elf/4.2.1/m5206e\libgcc.a(_umoddi3.o)
                0x40035c98                __umoddi3
 .text          0x40036190        0x0 c:/nburn/gcc-m68k/bin/../lib/gcc/m68k-elf/4.2.1/m5206e\libgcc.a(_clz.o)
 .text          0x40036190       0x32 c:/nburn/gcc-m68k/bin/../lib/gcc/m68k-elf/4.2.1/m5206e/crtend.o
                0x400361d0                . = ALIGN (0x10)
 *fill*         0x400361c2        0xe 00
 *(.text.*)
                0x400361d0                . = ALIGN (0x10)
 *(.eh_frame)
 .eh_frame      0x400361d0        0x0 c:/nburn/gcc-m68k/bin/../lib/gcc/m68k-elf/4.2.1/m5206e/crtbegin.o
 .eh_frame      0x400361d0       0x40 c:/nburn/gcc-m68k/bin/../lib/gcc/m68k-elf/4.2.1/m5206e\libgcc.a(_udivdi3.o)
 .eh_frame      0x40036210       0x2c c:/nburn/gcc-m68k/bin/../lib/gcc/m68k-elf/4.2.1/m5206e\libgcc.a(_umoddi3.o)
                                 0x40 (size before relaxing)
 .eh_frame      0x4003623c        0x4 c:/nburn/gcc-m68k/bin/../lib/gcc/m68k-elf/4.2.1/m5206e/crtend.o
                0x40036240                . = ALIGN (0x10)
 *fill*         0x40036240        0x0 00
 *(.gnu.linkonce.t.*)
                0x40036240                . = ALIGN (0x4)
                0x40036240                __CTOR_LIST__ = .
 *(.ctors)
 .ctors         0x40036240        0x4 c:/nburn/gcc-m68k/bin/../lib/gcc/m68k-elf/4.2.1/m5206e/crtbegin.o
 .ctors         0x40036244        0x4 /nburn/lib/MOD5441X.a(serial.o)
 .ctors         0x40036248        0x4 /nburn/lib/MOD5441X.a(HiResTimer.o)
 .ctors         0x4003624c        0x4 /nburn/lib/NetBurner.a(ip.o)
 .ctors         0x40036250        0x4 /nburn/lib/NetBurner.a(buffers.o)
 .ctors         0x40036254        0x4 /nburn/lib/NetBurner.a(tcp.o)
 .ctors         0x40036258        0x4 c:/nburn/gcc-m68k/bin/../lib/gcc/m68k-elf/4.2.1/m5206e/crtend.o
                0x4003625c                __CTOR_END__ = .
                0x4003625c        0x4 LONG 0x0
                0x40036260                __CTOR_END__ = .
                0x40036260                __DTOR_LIST__ = .
                0x40036260                ___DTOR_LIST__ = .
                0x40036260        0x4 LONG 0x2 (((__DTOR_END__ - __DTOR_LIST__) / 0x4) - 0x2)
 *(.dtors)
 .dtors         0x40036264        0x4 c:/nburn/gcc-m68k/bin/../lib/gcc/m68k-elf/4.2.1/m5206e/crtbegin.o
 .dtors         0x40036268        0x4 c:/nburn/gcc-m68k/bin/../lib/gcc/m68k-elf/4.2.1/m5206e/crtend.o
                0x4003626c        0x4 LONG 0x0
                0x40036270                __DTOR_END__ = .
 *(.rodata)
 .rodata        0x40036270      0x20f /nburn/lib/MOD5441X.a(mmc.o)
                0x40036270                CRCtbl
 *fill*         0x4003647f        0x1 00
 .rodata        0x40036480       0x50 /nburn/lib/MOD5441X.a(serial.o)
 .rodata        0x400364d0      0x100 /nburn/lib/MOD5441X.a(mmc_mcf.o)
 .rodata        0x400365d0      0x108 /nburn/lib/NetBurner.a(ucos.o)
                0x400365d8                FAKE_OSUnMapTbl
                0x400365d0                FAKE_OSMapTbl
 .rodata        0x400366d8       0xb8 /nburn/lib/NetBurner.a(utils.o)
 .rodata        0x40036790        0x4 /nburn/lib/NetBurner.a(buffers.o)
 .rodata        0x40036794        0x2 /nburn/lib/NetBurner.a(udp.o)
 .rodata        0x40036796        0xd /nburn/lib/NetBurner.a(tcp.o)
 *fill*         0x400367a3        0x1 00
 .rodata        0x400367a4       0x24 /nburn/lib/FatFile.a(common.o)
 .rodata        0x400367c8      0x400 /nburn/lib/MOD5441X.a(emulticast.o)
 .rodata        0x40036bc8       0x40 c:/nburn/gcc-m68k/bin/../lib/gcc/m68k-elf/4.2.1/../../../../m68k-elf/lib/m5206e\libm.a(lib_a-s_atan.o)
 .rodata        0x40036c08        0x4 c:/nburn/gcc-m68k/bin/../lib/gcc/m68k-elf/4.2.1/../../../../m68k-elf/lib/m5206e\libc.a(lib_a-impure.o)
                0x40036c08                _global_impure_ptr
 .rodata        0x40036c0c       0x68 c:/nburn/gcc-m68k/bin/../lib/gcc/m68k-elf/4.2.1/../../../../m68k-elf/lib/m5206e\libc.a(lib_a-mktm_r.o)
 .rodata        0x40036c74       0x20 c:/nburn/gcc-m68k/bin/../lib/gcc/m68k-elf/4.2.1/../../../../m68k-elf/lib/m5206e\libc.a(lib_a-vfiprintf.o)
 .rodata        0x40036c94       0x20 c:/nburn/gcc-m68k/bin/../lib/gcc/m68k-elf/4.2.1/../../../../m68k-elf/lib/m5206e\libc.a(lib_a-vfprintf.o)
 .rodata        0x40036cb4      0x101 c:/nburn/gcc-m68k/bin/../lib/gcc/m68k-elf/4.2.1/../../../../m68k-elf/lib/m5206e\libc.a(lib_a-ctype_.o)
                0x40036cb4                _ctype_
 *fill*         0x40036db5        0x1 00
 .rodata        0x40036db6       0x34 c:/nburn/gcc-m68k/bin/../lib/gcc/m68k-elf/4.2.1/../../../../m68k-elf/lib/m5206e\libc.a(lib_a-locale.o)
 .rodata        0x40036dea      0x124 c:/nburn/gcc-m68k/bin/../lib/gcc/m68k-elf/4.2.1/../../../../m68k-elf/lib/m5206e\libc.a(lib_a-mprec.o)
                0x40036eda                __mprec_tinytens
                0x40036dea                __mprec_tens
                0x40036eb2                __mprec_bigtens
 .rodata        0x40036f0e      0x100 c:/nburn/gcc-m68k/bin/../lib/gcc/m68k-elf/4.2.1/m5206e\libgcc.a(_clz.o)
                0x40036f0e                __clz_tab
 *(.rodata.*)
 .rodata.str1.1
                0x00000000        0x0 PINS_Definations.o
                                  0x4 (size before relaxing)
 .rodata.str1.1
                0x4003700e       0x56 Gen_VI_PWM_v1.o
                                 0x5a (size before relaxing)
 .rodata.str1.1
                0x40037064      0x5a2 FileSystemUtils.o
                                0x5b7 (size before relaxing)
 .rodata.str1.1
                0x40037606       0x30 Card_Routines.o
 .rodata.str1.1
                0x40037636        0xa Accessory_Functions.o
                                  0xd (size before relaxing)
 .rodata.str1.1
                0x40037640        0x9 /nburn/lib/MOD5441X.a(bsp.o)
 .rodata.str1.1
                0x40037649      0x156 /nburn/lib/MOD5441X.a(serial.o)
                                0x15a (size before relaxing)
 .rodata.str1.1
                0x4003779f       0xcf /nburn/lib/MOD5441X.a(HiResTimer.o)
 .rodata.str1.1
                0x4003786e        0x5 /nburn/lib/NetBurner.a(ucos.o)
 .rodata.str1.1
                0x40037873        0x3 /nburn/lib/NetBurner.a(fileio.o)
                                  0x6 (size before relaxing)
 .rodata.str1.1
                0x40037876       0xc9 /nburn/lib/NetBurner.a(system.o)
                                 0xcd (size before relaxing)
 .rodata.str1.1
                0x4003793f        0x5 /nburn/lib/NetBurner.a(main.o)
 .rodata.str1.1
                0x40037944      0x174 /nburn/lib/NetBurner.a(utils.o)
                                0x17b (size before relaxing)
 .rodata.str1.1