Archive member included because of file (symbol)

/nburn/lib/MOD5441X.a(bsp.o)  c:/nburn/gcc-m68k/bin/../lib/gcc/m68k-elf/4.2.1/../../../../m68k-elf/lib/m5206e\nb-crt0.o (atexit)
/nburn/lib/MOD5441X.a(flash.o)
                              /nburn/lib/MOD5441X.a(bsp.o) (FlashErase)
/nburn/lib/MOD5441X.a(mmc.o)  FileSystemUtils.o (mmc_initfunc)
/nburn/lib/MOD5441X.a(serial.o)
                              Accessory_Functions.o (SerialClose)
/nburn/lib/MOD5441X.a(pins.o)
                              PINS_Definations.o (PinIO::set(unsigned char))
/nburn/lib/MOD5441X.a(mmc_mcf.o)
                              /nburn/lib/MOD5441X.a(mmc.o) (spi_tx1)
/nburn/lib/MOD5441X.a(pitr_sem.o)
                              GenVI_v2.0.o (InitPitOSSem(int, os_sem*, int))
/nburn/lib/MOD5441X.a(HiResTimer.o)
                              Accessory_Functions.o (HiResTimer::getHiResTimer(int))
/nburn/lib/MOD5441X.a(dspi.o)
                              Accessory_Functions.o (DSPIdone(unsigned char))
/nburn/lib/MOD5441X.a(localio.o)
                              /nburn/lib/MOD5441X.a(serial.o) (GetUartRecord)
/nburn/lib/NetBurner.a(ucosmcfa.o)
                              /nburn/lib/MOD5441X.a(bsp.o) (OSCtxSw)
/nburn/lib/NetBurner.a(software_init.o)
                              c:/nburn/gcc-m68k/bin/../lib/gcc/m68k-elf/4.2.1/../../../../m68k-elf/lib/m5206e\nb-crt0.o (software_init_hook)
/nburn/lib/NetBurner.a(ucosmcfc.o)
                              GenVI_v2.0.o (OSTaskCreate)
/nburn/lib/NetBurner.a(ucos.o)
                              /nburn/lib/NetBurner.a(ucosmcfc.o) (OSSched)
/nburn/lib/NetBurner.a(ucosflags.o)
                              /nburn/lib/MOD5441X.a(pitr_sem.o) (OSFlagSet)
/nburn/lib/NetBurner.a(ucosmain.o)
                              /nburn/lib/MOD5441X.a(bsp.o) (critical_count)
/nburn/lib/NetBurner.a(fileio.o)
                              /nburn/lib/MOD5441X.a(serial.o) (ReplaceStdio)
/nburn/lib/NetBurner.a(system.o)
                              /nburn/lib/MOD5441X.a(serial.o) (rnd_cnt)
/nburn/lib/NetBurner.a(main.o)
                              c:/nburn/gcc-m68k/bin/../lib/gcc/m68k-elf/4.2.1/../../../../m68k-elf/lib/m5206e\nb-crt0.o (main)
/nburn/lib/NetBurner.a(utils.o)
                              /nburn/lib/NetBurner.a(system.o) (AsciiToIp)
/nburn/lib/NetBurner.a(ip.o)  Accessory_Functions.o (InitializeStack(unsigned long, unsigned long, unsigned long, unsigned long))
/nburn/lib/NetBurner.a(buffers.o)
                              /nburn/lib/NetBurner.a(ip.o) (FreeBuffer)
/nburn/lib/NetBurner.a(arp.o)
                              /nburn/lib/NetBurner.a(ip.o) (wArpLifetime)
/nburn/lib/NetBurner.a(udp.o)
                              /nburn/lib/NetBurner.a(ip.o) (process_udp(pool_buffer*, IPPKT*, unsigned short))
/nburn/lib/NetBurner.a(tcp.o)
                              /nburn/lib/NetBurner.a(ip.o) (DumpTcpPacket(IPPKT*))
/nburn/lib/NetBurner.a(extraio.o)
                              /nburn/lib/MOD5441X.a(serial.o) (GetExtraFD)
/nburn/lib/NetBurner.a(iosys.o)
                              /nburn/lib/MOD5441X.a(serial.o) (FD_ZERO)
/nburn/lib/NetBurner.a(autoip.o)
                              /nburn/lib/NetBurner.a(arp.o) (AutoIPClient::addressCollision())
/nburn/lib/NetBurner.a(netinterface.o)
                              /nburn/lib/NetBurner.a(ip.o) (GetFirstInterface())
/nburn/lib/NetBurner.a(taskmon.o)
                              Accessory_Functions.o (EnableTaskMonitor())
/nburn/lib/NetBurner.a(smarttrap.o)
                              Accessory_Functions.o (EnableSmartTraps())
/nburn/lib/NetBurner.a(autoupdate.o)
                              Accessory_Functions.o (EnableAutoUpdate)
/nburn/lib/NetBurner.a(device.o)
                              /nburn/lib/NetBurner.a(main.o) (DeviceInitializeSem)
/nburn/lib/NetBurner.a(new_ops.o)
                              /nburn/lib/NetBurner.a(autoip.o) (operator new(unsigned long))
/nburn/lib/FatFile.a(fat_m.o)
                              FileSystemUtils.o (fm_getlasterror)
/nburn/lib/FatFile.a(common.o)
                              /nburn/lib/FatFile.a(fat_m.o) (fn_getversion)
/nburn/lib/FatFile.a(f_fgets.o)
                              FileSystemUtils.o (f_fgets)
/nburn/lib/FatFile.a(f_fprintf.o)
                              FileSystemUtils.o (f_fprintf)
/nburn/lib/FatFile.a(f_fputs.o)
                              FileSystemUtils.o (f_fputs)
/nburn/lib/FatFile.a(fat.o)   /nburn/lib/FatFile.a(common.o) (_f_writedirsector)
/nburn/lib/FatFile.a(port_f.o)
                              /nburn/lib/FatFile.a(common.o) (fn_gettaskID)
/nburn/lib/MOD5441X.a(ethernet.o)
                              /nburn/lib/NetBurner.a(netinterface.o) (AddEthernetInterface())
/nburn/lib/MOD5441X.a(etherprint.o)
                              /nburn/lib/MOD5441X.a(ethernet.o) (EtherLink())
/nburn/lib/MOD5441X.a(emulticast.o)
                              /nburn/lib/MOD5441X.a(ethernet.o) (EthEnableMulticast(MACADR))
/nburn/lib/NetBurner.a(netrx.o)
[...]
Memory Configuration

Name             Origin             Length             Attributes
ram              0x40000400         0x03fffcff         xrw
SRAM             0x80000400         0x0000fbf0         xrw
*default*        0x00000000         0xffffffff

Linker script and memory map

LOAD c:/nburn/gcc-m68k/bin/../lib/gcc/m68k-elf/4.2.1/../../../../m68k-elf/lib/m5206e\nb-crt0.o
LOAD c:/nburn/gcc-m68k/bin/../lib/gcc/m68k-elf/4.2.1/m5206e/crtbegin.o
LOAD PINS_Definations.o
LOAD GenVI_v2.0.o
LOAD FileSystemUtils.o
LOAD Card_Routines.o
LOAD Accessory_Functions.o
LOAD /nburn/MOD5441X/lib/sys.ld
                0x40000000                ovector_base = 0x40000000
                0x80000000                vector_base = 0x80000000
                0x80000400                SRAM_START_ADDR = 0x80000400
                0x80010000                SRAM_END_ADDR = 0x80010000
                0xc0000000                gConfigRec = 0xc0000000
                0xc0020000                UserParamBase = 0xc0020000
                0xc0040000                FlashAppBase = 0xc0040000
                0xec008000                sim1 = 0xec008000
                0xfc004000                sim2 = 0xfc004000
                0xfc0d4008                DBETHER_EMIR_REG = 0xfc0d4008
START GROUP
LOAD /nburn/lib/MOD5441X.a
LOAD /nburn/lib/NetBurner.a
LOAD /nburn/lib/FatFile.a
LOAD C:\nburn\lib\debugLibrary.a
LOAD C:\nburn\lib\Lua_Full.a
LOAD C:\nburn\lib\nb-libxively.a
LOAD C:\nburn\lib\nbwifilib.a
LOAD C:\nburn\lib\webclient.a
END GROUP
LOAD c:/nburn/gcc-m68k/bin/../lib/gcc/m68k-elf/4.2.1/../../../../m68k-elf/lib/m5206e\libstdc++.a
LOAD c:/nburn/gcc-m68k/bin/../lib/gcc/m68k-elf/4.2.1/../../../../m68k-elf/lib/m5206e\libm.a
LOAD c:/nburn/gcc-m68k/bin/../lib/gcc/m68k-elf/4.2.1/m5206e\libgcc.a
LOAD c:/nburn/gcc-m68k/bin/../lib/gcc/m68k-elf/4.2.1/../../../../m68k-elf/lib/m5206e\libc.a
LOAD c:/nburn/gcc-m68k/bin/../lib/gcc/m68k-elf/4.2.1/m5206e\libgcc.a
LOAD c:/nburn/gcc-m68k/bin/../lib/gcc/m68k-elf/4.2.1/m5206e/crtend.o
START GROUP
LOAD c:/nburn/gcc-m68k/bin/../lib/gcc/m68k-elf/4.2.1/../../../../m68k-elf/lib/m5206e\libc.a
LOAD c:/nburn/gcc-m68k/bin/../lib/gcc/m68k-elf/4.2.1/m5206e\libgcc.a
LOAD c:/nburn/gcc-m68k/bin/../lib/gcc/m68k-elf/4.2.1/../../../../m68k-elf/lib/m5206e\libm.a
END GROUP
                0x00000000                __DYNAMIC = 0x0
                0x44000000                PROVIDE (__stack, 0x44000000)
                0x00000000                PROVIDE (hardware_init_hook, 0x0)
                0x00000000                PROVIDE (_hardware_init_hook, 0x0)
                0x00000000                PROVIDE (software_init_hook, 0x0)
                0x00000000                PROVIDE (_software_init_hook, 0x0)

.SRAM_SECT      0x80000400     0x8d40
                0x80000400                SRAM_START = .
 *(SYS_VAR_SECT)
 SYS_VAR_SECT   0x80000400      0x3a0 /nburn/lib/MOD5441X.a(dspi.o)
                0x80000404                fakeRXData
                0x80000408                driverCxt
                0x80000400                fakeTXData
 SYS_VAR_SECT   0x800007a0      0x238 /nburn/lib/NetBurner.a(ucos.o)
                0x800008cc                TimeTick
                0x800008bc                OSLockNesting
                0x800008c6                OSRunning
                0x800008a8                OSTCBList
                0x800008d0                OSMapTbl
                0x800008c8                Secs
                0x800008b4                OSTCBFreeList
                0x800008c4                OSISRLevel
                0x800008b0                OSTCBHighRdy
                0x800008c0                OSRdyGrp
                0x800008d8                OSUnMapTbl
                0x800008a0                OSRdyTbl
                0x800008b8                OSIntNesting
                0x800008ac                OSTCBCur
                0x800007a0                OSTCBPrioTbl
 SYS_VAR_SECT   0x800009d8      0x1ac /nburn/lib/NetBurner.a(ucosmain.o)
                0x800009d8                OSTcbStructSize
                0x800009f0                critical_count
                0x800009f4                OSTCBTbl
 SYS_VAR_SECT   0x80000b84       0x1c /nburn/lib/NetBurner.a(fileio.o)
                0x80000b9c                pExtraFdFunc
 SYS_VAR_SECT   0x80000ba0       0x20 /nburn/lib/NetBurner.a(iosys.o)
                0x80000ba0                read_file_sets
                0x80000bb0                error_file_sets
                0x80000ba8                write_file_sets
                0x80000bc0                SYS_VAR_SECT_END = .
                0x80000bc0                . = ALIGN (0x10)
 *(IDLE_STK_SECT)
                0x80000bc0                IDLE_STK_SECT_END = .
                0x80000bc0                . = ALIGN (0x10)
 *(MAIN_STK_SECT)
 MAIN_STK_SECT  0x80000bc0     0x2000 /nburn/lib/NetBurner.a(main.o)
                0x80000bc0                MainStk
                0x80002bc0                MAIN_STK_SECT_END = .
                0x80002bc0                . = ALIGN (0x4)
 *(ETHER_VAR_SECT)
 ETHER_VAR_SECT
                0x80002bc0      0x110 /nburn/lib/MOD5441X.a(ethernet.o)
                0x80002c96                TxcPosts
                0x80002c9a                TxcSems
                0x80002bc0                EthernetMac
                0x80002c8e                LastIsrStatus
                0x80002bf0                RxBD
                0x80002c80                TxBDFlag
                0x80002c9e                RxIsr
                0x80002cac                PHY_addr
                0x80002c92                RxPosts
                0x80002cae                PHY_ID
                0x80002ca6                bEthLink
                0x80002c74                RxBDFlag
                0x80002c8a                last_rxbd
                0x80002c40                RxBDpp
                0x80002ca8                phy_data_pd
                0x80002bc6                nTx
                0x80002ca2                TxIsr
                0x80002c68                TxBDpp
                0x80002bd0                TxBD
                0x80002cd0                ETHER_VAR_SECT_END = .
                0x80002cd0                . = ALIGN (0x10)
 *(ETHER_STK_SECT)
 ETHER_STK_SECT
                0x80002cd0     0x2000 /nburn/lib/MOD5441X.a(ethernet.o)
                0x80002cd0                EtherSendStk
                0x80004cd0                ETHER_STK_SECT_END = .
                0x80004cd0                . = ALIGN (0x4)
 *(IP_VAR_SECT)
 IP_VAR_SECT    0x80004cd0      0x2fe /nburn/lib/NetBurner.a(ip.o)
                0x80004cee                pDHCPServerTick
                0x80004cd2                bTTL_Default
                0x80004fc6                next_arp_time
                0x80004cd4                ipRxFifo
                0x80004d0a                multi_home_if_record
                0x80004ce6                IcmpFifo
                0x80004d06                nAdditional_Homes
                0x80004cd0                wGlobalPktId
                0x80004cfa                pPromisciousPacketFunc
                0x80004d02                pFragFunc
                0x80004cfe                pMultiCastFunc
                0x80004fca                delay
                0x80004cf6                pAutoIPTick
                0x80004cf2                pMultiTick
                0x80004cea                pDHCPTick
                0x80004d32                multi_if_block
 IP_VAR_SECT    0x80004fce       0x78 /nburn/lib/NetBurner.a(udp.o)
                0x80005042                UdpNetbiosNameServicePtr
                0x8000503a                pDHCPServerProcessFunction
                0x80004fce                udp_fifos
                0x80005036                pDHCPProcessFunction
                0x8000503e                pTaskPacketFunc
                0x80005032                UDP_fifos_used
                0x80005046                IP_VAR_SECT_END = .
                0x80005050                . = ALIGN (0x10)
 *fill*         0x80005046        0xa 00
 *(IP_STK_SECT)
 IP_STK_SECT    0x80005050     0x2000 /nburn/lib/NetBurner.a(ip.o)
                0x80005050                IPStk
                0x80007050                IP_STK_SECT_END = .
                0x80007050                . = ALIGN (0x4)
 *(TCP_VAR_SECT)
 TCP_VAR_SECT   0x80007050       0x1e /nburn/lib/NetBurner.a(tcp.o)
                0x80007060                TCP_TimerSemaphore
                0x80007050                TCP_critical_section
                0x8000706e                TCP_VAR_SECT_END = .
                0x80007070                . = ALIGN (0x10)
 *fill*         0x8000706e        0x2 00
 *(TCP_STK_SECT)
 TCP_STK_SECT   0x80007070     0x2000 /nburn/lib/NetBurner.a(tcp.o)
                0x80007070                TCPStk
                0x80009070                TCP_STK_SECT_END = .
                0x80009070                . = ALIGN (0x10)
 *(HTTP_STK_SECT)
                0x80009070                HTTP_STK_SECT_END = .
                0x80009070                . = ALIGN (0x10)
 *(FTP_STK_SECT)
                0x80009070                FTP_STK_SECT_END = .
                0x80009070                . = ALIGN (0x10)
 *(WIFI_STK_SECT)
                0x80009070                WIFI_STK_SECT_END = .
                0x80009070                . = ALIGN (0x10)
 *(PPP_STK_SECT)
                0x80009070                PPP_STK_SECT_END = .
                0x80009070                . = ALIGN (0x10)
 *(COMMAND_STK_SECT)
                0x80009070                COMMAND_STK_SECT_END = .
                0x80009070                . = ALIGN (0x4)
 *(USER_VAR_SECT)
 USER_VAR_SECT  0x80009070       0xac /nburn/lib/MOD5441X.a(HiResTimer.o)
                0x80009118                HiResTimer::timerCreated
                0x80009070                HiResTimer::timers
                0x8000911c                USER_VAR_SECT_END = .
                0x80009120                . = ALIGN (0x10)
 *fill*         0x8000911c        0x4 00
 *(USER_STK_SECT)
                0x80009120                USER_STK_SECT_END = .
                0x80009120                BUFFERS_SECT_START = .
                0x80009120                . = ALIGN (0x10)
 *(BUFFERS_VAR_SECT)
 BUFFERS_VAR_SECT
                0x80009120       0x1c /nburn/lib/NetBurner.a(buffers.o)
                0x80009120                FAST_BUFFER_POOL_SIZE
                0x8000912e                free_fast_list
                0x80009138                free_list_is_initialized
                0x80009124                free_list
                0x80009140                . = ALIGN (0x10)
 *fill*         0x8000913c        0x4 00
                0x80009140                BUFFERS_VAR_SECT_END = .
                0x80009140                . = ALIGN (0x10)
                0x80009140                SRAM_END = .

.text           0x40000400    0x388c0
 *(.text)
 .text          0x40000400       0xaa c:/nburn/gcc-m68k/bin/../lib/gcc/m68k-elf/4.2.1/../../../../m68k-elf/lib/m5206e\nb-crt0.o
                0x40000400                start
 *fill*         0x400004aa        0x2 00
 .text          0x400004ac       0x9c c:/nburn/gcc-m68k/bin/../lib/gcc/m68k-elf/4.2.1/m5206e/crtbegin.o
 .text          0x40000548      0x128 PINS_Definations.o
                0x40000548                initPINS
 .text          0x40000670      0x7a8 GenVI_v2.0.o
                0x40000670                Read_Spektrum_Receiver(void*)
                0x40000d60                UserMain
                0x40000894                IMU_Filter_Loop(void*)
                0x400007a0                Read_GPS_Data(void*)
 .text          0x40000e18      0xda8 FileSystemUtils.o
                0x400018fc                FormatExtFlash
                0x400019b4                OpenMMCFlash(int)
                0x40001bb0                OpenOnBoardFlash
                0x40000e18                DisplayEffsErrorCode
                0x400016b4                DeleteFile
                0x40000e5c                f_close_PrintError(char*)
                0x40001760                DumpDir
                0x40001170                fprintf_test
                0x40000f40                ReadFile
                0x40001548                ReadWriteTest
                0x4000109c                fputs_test
                0x40001ba0                OpenOffBoardFlash
                0x40000ebc                f_open_PrintError(char*)
                0x400012a0                fgets_test
                0x400014a0                WriteFile
                0x40000fc4                DisplayTextFile
                0x40001818                DisplayEffsSpaceStats
                0x40001960                UnmountFlash
                0x400013f8                AppendFile
 .text          0x40001bc0       0x84 Card_Routines.o
                0x40001bc0                initOnBoardSD
 .text          0x40001c44      0x8d6 Accessory_Functions.o
                0x40001fac                InitTimer(int)
                0x4000201c                GetTiltAngle_Roll(double*)
                0x40001f7c                AssignDeltaTandCounter(char*, HiResTimer*)
                0x4000223c                GetIMUdata(unsigned char*, unsigned char, double*, unsigned char*)
                0x40001e14                readSatRec(int, char*)
                0x40001d44                Read_Serial_Data(int, unsigned char*, int, char*, unsigned char)
                0x40001cf8                AssignPilot_toSD(char*, unsigned short*)
                0x40001c7c                AssignAttitudetoSD(angle, char*)
                0x400024b4                Usual_Routine()
                0x40001fe8                SerialRoutine(int)
                0x4000211c                GetAttitude(double*, angle*)
                0x40001f08                GetDeltaT(HiResTimer*)
                0x4000206c                GetTiltAngle_Pitch(double*)
                0x40001c44                AssignIMUtoSD(char*, unsigned char*)
                0x40002438                OpenFileRoutine(FileRoutines*)
 *fill*         0x4000251a        0x2 00
 .text          0x4000251c      0x3f8 /nburn/lib/MOD5441X.a(bsp.o)
                0x40002758                GetUserParameters
                0x400026b4                _sbrk_r
                0x400027f8                HardwareSetup
                0x40002604                DisableCache
                0x4000270c                spaceleft
                0x40002520                Tick5441X
                0x400027dc                ForceReboot
                0x40002744                BspGetTickFraction
                0x4000251c                xTick
                0x40002700                atexit
                0x40002768                SaveUserParameters
                0x4000267c                EnableCache
                0x4000253c                SetIntc
 .text          0x40002914      0x1b2 /nburn/lib/MOD5441X.a(flash.o)
                0x4000298c                FlashProgram
                0x40002914                FlashErase
 *fill*         0x40002ac6        0x2 00
 .text          0x40002ac8     0x13dc /nburn/lib/MOD5441X.a(mmc.o)
                0x40002bb8                mmc_initfunc
                0x40003b4c                mmc_writesector
                0x40003b40                mmc_writemultiplesector
                0x40003e88                mmc_readsector
                0x40002ac8                _get_csd_bits
                0x40003e7c                mmc_readmultiplesector
 .text          0x40003ea4     0x1d9e /nburn/lib/MOD5441X.a(serial.o)
                0x40003ed0                WakeTx(int)
                0x40003ea4                FdSerialMap(int)
                0x40004e30                SerialClose
                0x400044c0                fake_SER_7_ISR()
                0x40005b44                real_SER_5_ISR
                0x40004dbc                SendBreak
                0x400055f4                OpenSerial
                0x400048f4                GetUartErrorReg
                0x40004234                fake_SER_0_ISR()
                0x40004518                SER_8_ISR
                0x400042dc                real_SER_1_ISR
                0x40005b84                real_SER_4_ISR
                0x40004b3c                fShowSerialData(__sFILE*)
                0x40005a84                real_SER_8_ISR
                0x40004418                fake_SER_5_ISR()
                0x40004470                SER_6_ISR
                0x4000431c                fake_SER_2_ISR()
                0x40004a6c                SerialSendComplete
                0x400045bc                SerialEnableTxFlow
                0x40004604                SerialEnableRxFlow
                0x40005ac4                real_SER_7_ISR
                0x40003f64                DoSerIsr(int)
                0x400047f0                Serial485HalfDupMode
                0x40005bc4                real_SER_3_ISR
                0x4000456c                SER_9_ISR
                0x40004374                SER_3_ISR
                0x40004568                fake_SER_9_ISR()
                0x4000441c                SER_5_ISR
                0x40005a08                real_SER_0_ISR
                0x40004740                SerialEnableHwRxFlow
                0x40005110                serread
                0x40005430                BasePutChar(int, unsigned char)
                0x4000512c                BaseGetChar(int)
                0x40005c04                real_SER_2_ISR
                0x400043c8                SER_4_ISR
                0x4000428c                SER_1_ISR
                0x40004f24                serreadwto
                0x40005554                InitializeMaps()
                0x40004238                SER_0_ISR
                0x40005334                serwriteaddress
                0x400044c4                SER_7_ISR
                0x40005a44                real_SER_9_ISR
                0x400051ec                serwrite
                0x40004aec                SerialExpandRxBuffer(int, int)
                0x40004f00                serexternalclose
                0x4000446c                fake_SER_6_ISR()
                0x40004320                SER_2_ISR
                0x400043c4                fake_SER_4_ISR()
                0x40004514                fake_SER_8_ISR()
                0x40004288                fake_SER_1_ISR()
                0x40004370                fake_SER_3_ISR()
                0x40005b04                real_SER_6_ISR
                0x40004650                SerialEnableHwTxFlow
 *fill*         0x40005c42        0x2 00
 .text          0x40005c44     0x1d06 /nburn/lib/MOD5441X.a(pins.o)
                0x40005c44                PinIO::set(unsigned char)
                0x400071d8                PinIO::function(int)
                0x4000673c                PinIO::drive()
                0x400078e8                CReadPin
                0x40006b68                PinIO::read()
                0x4000790c                CGPInPin
 *fill*         0x4000794a        0x2 00
 .text          0x4000794c      0xee0 /nburn/lib/MOD5441X.a(mmc_mcf.o)
                0x40007be4                spi_tx512
                0x40007a90                spi_tx4
                0x40008474                spi_get_baudrate
                0x4000872c                spi_init
                0x4000856c                onboardCardReaderCD()
                0x40008494                MMC_BaseInit(int)
                0x400086b4                spi_cs_hi
                0x400079c8                spi_tx2
                0x40007c7c                spi_rx1
                0x400085f4                get_wp
                0x40008078                spi_set_baudrate
                0x400085dc                get_cd
                0x4000863c                spi_cs_lo
                0x400085a4                offboardCardReaderCD()
                0x4000794c                spi_tx1
                0x40007e2c                spi_rx512
 .text          0x4000882c      0x25e /nburn/lib/MOD5441X.a(pitr_sem.o)
                0x40008830                NbPit1_ISR
                0x400089ac                InitPitOSFlag(int, os_flags*, unsigned long, int)
                0x400089ec                real_NbPit2_ISR
                0x40008a3c                real_NbPit1_ISR
                0x400089d0                InitPitOSSem(int, os_sem*, int)
                0x4000882c                fake_NbPit1_ISR()
                0x40008884                NbPit2_ISR
                0x40008880                fake_NbPit2_ISR()
                0x400088d4                ConfigurePitTimer(int, int)
 *fill*         0x40008a8a        0x2 00
 .text          0x40008a8c      0xaf4 /nburn/lib/MOD5441X.a(HiResTimer.o)
                0x40008c2c                HiResTimer::HiResTimer(int)
                0x40008b8c                Timer3_Interrupt
                0x400091f0                HiResTimer::clockGenerator(double)
                0x40008c60                HiResTimer::operator=(HiResTimer const&)
                0x40008ae4                Timer1_Interrupt
                0x400092a4                HiResTimer::pollingDelay(double)
                0x40008a90                Timer0_Interrupt
                0x40008cbc                HiResTimer::getHiResTimer(int)
                0x40009514                real_Timer1_Interrupt
                0x40008ae0                fake_Timer1_Interrupt()
                0x40008de4                HiResTimer::toString()
                0x40009324                HiResTimer::readTime()
                0x40008bdc                HiResTimer::releaseTimer()
                0x40008ff4                HiResTimer::init(double)
                0x40008b88                fake_Timer3_Interrupt()
                0x40008a8c                fake_Timer0_Interrupt()
                0x400094a8                real_Timer2_Interrupt
                0x40008b34                fake_Timer2_Interrupt()
                0x4000943c                real_Timer3_Interrupt
                0x40008f6c                HiResTimer::delay_uSec(unsigned long)
                0x40008bf8                HiResTimer::HiResTimer(int)
                0x40009264                HiResTimer::pollingDelay_refTicks(unsigned long)
                0x40008e64                HiResTimer::init_ticks(unsigned long)
                0x40008b38                Timer2_Interrupt
                0x40009110                real_Timer0_Interrupt
                0x4000917c                HiResTimer::delay(double)
 .text          0x40009580     0x2162 /nburn/lib/MOD5441X.a(dspi.o)
                0x4000b6cc                real_dspi0_int_routine
                0x4000aa0c                real_dspi2_rx_dma_int_routine
                0x40009d98                canDoDMA(unsigned char, unsigned char*, unsigned char volatile*)
                0x40009d48                dspi3_int_routine
                0x40009af8                fake_dspi2_rx_dma_int_routine()
                0x40009a54                dspi1_rx_dma_int_routine
                0x40009e10                DSPIdone(unsigned char)
                0x4000aaa8                real_dspi0_tx_dma_int_routine
                0x4000aa40                real_dspi1_tx_dma_int_routine
                0x4000a970                real_dspi3_tx_dma_int_routine
                0x400099a8                fake_dspi0_rx_dma_int_routine()
                0x40009cf4                dspi2_int_routine
                0x40009ba4                dspi3_rx_dma_int_routine
                0x40009580                setupDSPI_Dma(int, dspistruct volatile&)
                0x40009cf0                fake_dspi2_int_routine()
                0x40009ec0                DSPIInit(unsigned char, unsigned long, unsigned char, unsigned char, unsigned char, unsigned char, unsigned char, unsigned char, unsigned char, unsigned char)
                0x40009c9c                fake_dspi1_int_routine()
                0x4000b6b4                real_dspi1_int_routine
                0x40009aa4                fake_dspi1_tx_dma_int_routine()
                0x4000b69c                real_dspi2_int_routine
                0x40009afc                dspi2_rx_dma_int_routine
                0x40009ba0                fake_dspi3_rx_dma_int_routine()
                0x400099fc                fake_dspi0_tx_dma_int_routine()
                0x4000abb0                DSPI_Isr_cleanup(unsigned int, dspistruct volatile&, unsigned long, unsigned long)
                0x40009a50                fake_dspi1_rx_dma_int_routine()
                0x4000a9a4                real_dspi3_rx_dma_int_routine
                0x40009b4c                fake_dspi2_tx_dma_int_routine()
                0x40009b50                dspi2_tx_dma_int_routine
                0x40009c48                fake_dspi0_int_routine()
                0x40009c4c                dspi0_int_routine
                0x40009bf4                fake_dspi3_tx_dma_int_routine()
                0x40009aa8                dspi1_tx_dma_int_routine
                0x4000aad8                real_dspi0_rx_dma_int_routine
                0x40009bf8                dspi3_tx_dma_int_routine
                0x40009d44                fake_dspi3_int_routine()
                0x4000b438                DSPIStart(unsigned char, unsigned char*, unsigned char volatile*, unsigned long, os_sem*, unsigned char, int)
                0x4000ac34                DSPI_Isr(unsigned int, dspistruct volatile*)
                0x40009ca0                dspi1_int_routine
                0x4000ab08                DSPI_Isr_done(unsigned int, dspistruct volatile&)
                0x4000b684                real_dspi3_int_routine
                0x4000aa74                real_dspi1_rx_dma_int_routine
                0x400099ac                dspi0_rx_dma_int_routine
                0x4000a9d8                real_dspi2_tx_dma_int_routine
                0x40009a00                dspi0_tx_dma_int_routine
 *fill*         0x4000b6e2        0x2 00
 .text          0x4000b6e4       0xbc /nburn/lib/MOD5441X.a(localio.o)
                0x4000b6e4                GetUartRecord
                0x4000b728                GetDefUart
                0x4000b73c                LocalInByte
                0x4000b758                LocalOutByte
                0x4000b78c                LocalCharAvail
 .text          0x4000b7a0      0x44a /nburn/lib/NetBurner.a(ucosmcfa.o)
                0x4000b880                OSDebugTraceHalt
                0x4000b7a0                OSStartHighRdy
                0x4000b890                TrapOutByte
                0x4000b8c0                memcpy
                0x4000b8c0                fmemcpy
                0x4000b7c0                OSCtxSw
                0x4000b8b0                TrapCharAvail
                0x4000b7f0                OSIntCtxSw
                0x4000b8a0                TrapInByte
                0x4000b820                OSTickISR
                0x4000b990                memcpysum
                0x4000b860                OSSetupVBR
                0x4000bbc0                GetSR_IntLevel
                0x4000bb20                memset
                0x4000bb20                fmemset
                0x4000bbd0                SetSR_IntLevel
 *fill*         0x4000bbea        0x2 00
 .text          0x4000bbec        0x8 /nburn/lib/NetBurner.a(software_init.o)
                0x4000bbec                software_init_hook
 .text          0x4000bbf4      0x320 /nburn/lib/NetBurner.a(ucosmcfc.o)
                0x4000bedc                OSTaskCreate
                0x4000bf08                TopOfStackKillfunction
                0x4000bcb0                OSTaskCreatewName
                0x4000bbf4                OSTCBInit
                0x4000bf0c                KillFunctionLink
 .text          0x4000bf14     0x1e0c /nburn/lib/NetBurner.a(ucos.o)
                0x4000d8c0                OSCritEnterNoWait
                0x4000bfc4                UCOSWAITS_HERE
                0x4000d56c                OSFifoPostFirst
                0x4000d934                OSCritLeave
                0x4000d6cc                getpid
                0x4000c1d0                OSLock
                0x4000d03c                OSQPostFirst
                0x4000da4c                OSTaskID
                0x4000ce28                OSQPendNoWait
                0x4000da64                OSSetName
                0x4000da8c                OSIntExit
                0x4000c654                OSSemPendNoWait
                0x4000c33c                OSTaskDelete
                0x4000c1f8                OSUnlock
                0x4000d6e4                OSCritInit
                0x4000cea4                OSQPost
                0x4000d720                OSCritEnter
                0x4000d228                OSFifoPend
                0x4000c4b4                OSSemPend
                0x4000c820                OSMboxInit
                0x4000ca5c                OSMboxPost
                0x4000d1dc                OSFifoInit
                0x4000cc40                OSQPend
                0x4000bf40                OSSched
                0x4000bffc                OSTimeDly
                0x4000c694                OSSemPost
                0x4000c238                OSChangePrio
                0x4000c1a0                OSTCBGetFree
                0x4000bfd4                OSIntEnterWAS
                0x4000ca14                OSMboxPendNoWait
                0x4000d40c                OSFifoPost
                0x4000c454                OSSemInit
                0x4000db28                OSStart
                0x4000c0b4                OSTimeTick
                0x4000cbcc                OSQInit
                0x4000da78                OSTaskName
                0x4000d3bc                OSFifoPendNoWait
                0x4000c874                OSMboxPend
                0x4000dba4                OSInit
                0x4000c094                OSChangeTaskDly
 .text          0x4000dd20      0x318 /nburn/lib/NetBurner.a(ucosflags.o)
                0x4000de1c                OSFlagPendAnyNoWait
                0x4000df4c                OSFlagPendAny
                0x4000ddc8                OSFlagState
                0x4000dda4                OSFlagCreate
                0x4000deb8                OSFlagPendAll
                0x4000dfe0                OSFlagClear
                0x4000e00c                OSFlagSet
                0x4000ddf0                OSFlagPendAllNoWait
 .text          0x4000e038      0x1b8 /nburn/lib/NetBurner.a(ucosmain.o)
                0x4000e114                __malloc_unlock
                0x4000e038                UCosBegin
                0x4000e134                balloc_lock
                0x4000e174                UCosSetup
                0x4000e0f8                balloc_unlock
                0x4000e154                __malloc_lock
 .text          0x4000e1f0      0x5f8 /nburn/lib/NetBurner.a(fileio.o)
                0x4000e380                ioctl
                0x4000e1f0                isatty
                0x4000e2d8                CurrentStdioFD
                0x4000e350                lseek
                0x4000e228                ReplaceStdio
                0x4000e3ec                write
                0x4000e20c                fstat
                0x4000e51c                rawwrite
                0x4000e728                stdioinbyte
                0x4000e5a0                read
                0x4000e308                outbyte
                0x4000e368                open
                0x4000e320                charavail
                0x4000e2fc                fcntl
                0x4000e7a0                close
 .text          0x4000e7e8      0x684 /nburn/lib/NetBurner.a(system.o)
                0x4000eb6c                UpdateConfigRecord_Num
                0x4000e83c                RawGetConfig
                0x4000e7e8                isvalidcr
                0x4000ed28                SetupDialog
                0x4000e8f8                ReadLine
                0x4000ed14                UpdateConfigRecord
                0x4000e868                GetValidConfig
                0x4000eab8                IpQuestion
                0x4000e890                ShowChange
 .text          0x4000ee6c       0x78 /nburn/lib/NetBurner.a(main.o)
                0x4000eea4                main
                0x4000ee6c                __do_global_ctors
 .text          0x4000eee4      0xc84 /nburn/lib/NetBurner.a(utils.o)
                0x4000f8d0                fShowMac
                0x4000f0d4                FancyDump(unsigned char*, int)
                0x4000fa04                ShowCounters
                0x4000f01c                convertHexAsciiToBinary
                0x4000f294                ShowData
                0x4000f92c                snShowIP
                0x4000eee4                kill
                0x4000fa6c                fShowCounters
                0x4000f890                fShowIP
                0x4000eef4                _fini
                0x4000f200                ShowIP
                0x4000ef00                AsciiToIp
                0x4000fae4                sShowCounters
                0x4000f9d0                DiagMenuPicker(int, unsigned char)
                0x4000f23c                ShowMac
                0x4000ef84                convertBinaryToHexAscii
                0x4000f0bc                __builtin_delete
                0x4000eeec                _exit
                0x4000f970                snShowMac
 .text          0x4000fb68     0x1aaa /nburn/lib/NetBurner.a(ip.o)
                0x4000ffb8                FixUpICMP(IPPKT*, unsigned char, unsigned char, unsigned char*, unsigned short)
                0x4000fd28                IsMultiCast(unsigned long)
                0x40010958                FixHeaderAndSend(pool_buffer*, IPPKT*)
                0x400102cc                DoIPPacket(pool_buffer*, EFRAME*, unsigned short)
                0x4000fc24                GetSum20
                0x40010c54                PingViaInterface
                0x4001026c                SaveError(pool_buffer*)
                0x400105dc                process_icmp(pool_buffer*, IPPKT*, unsigned short)
                0x4000fe64                IpProcessEthernetPacket
                0x40010490                FixHeaderAndSendViaInterface(pool_buffer*, IPPKT*, int)
                0x40010ed0                ShowIPBuffer(pool_buffer*)
                0x40010ab8                SendICMPError(pool_buffer*, unsigned char, unsigned char)
                0x400100d0                InitializeStack(unsigned long, unsigned long, unsigned long, unsigned long)
                0x4000fd78                GetData(IPPKT*)
                0x400101f4                InitializeCStack
                0x40010d64                Ping
                0x4000fb68                GetSum
                0x40010200                GetMultiHomeInterface(unsigned long, int)
                0x400102b0                IsMyIp
                0x40010074                IsBroadCast(unsigned long, int)
                0x40010020                KillStack
                0x4000fda4                PrepareIPOutput(pool_buffer*, unsigned long, unsigned short)
                0x4000fd48                GetMultiAddress(unsigned long)
                0x40010b8c                SendPing
                0x4000fc5c                GetSumHdr
                0x4001002c                IsLocal(unsigned long, int)
                0x40010d98                GetLocalIPInterface(unsigned long)
                0x40010df0                AddInterface(unsigned long, unsigned long, unsigned long, int)
                0x400106f8                IPTask(void*)
 *fill*         0x40011612        0x2 00
 .text          0x40011614      0xef8 /nburn/lib/NetBurner.a(buffers.o)
                0x400116f8                FreeBufferList
                0x40011b04                fifo_buffer_storage::Full()
                0x40011bf4                ShowBuffer
                0x40011ed8                fifo_buffer_storage::Reset(unsigned char)
                0x40011728                InitBuffers
                0x40011854                buffer_list::InsertBefore(pool_buffer*, pool_buffer*)
                0x40011a2c                GetBuffer
                0x40011bd4                fifo_buffer_storage::fifo_buffer_storage(unsigned char, unsigned char)
                0x40011aec                fifo_buffer_storage::Empty()
                0x40012350                fifo_buffer_storage::ReadDatawSum(unsigned char*, int, unsigned long&)
                0x40011ad8                fifo_buffer_storage::SpaceUsed()
                0x40011614                ShowBuffers()
                0x40011640                buffer_list::InsertHead(pool_buffer*)
                0x40011d20                GetFreeCount
                0x40011624                IncUsageCount
                0x40011bb4                fifo_buffer_storage::fifo_buffer_storage(unsigned char, unsigned char)
                0x400117f0                buffer_list::InsertTail(pool_buffer*)
                0x40011f98                fifo_buffer_storage::~fifo_buffer_storage()
                0x40012088                fifo_buffer_storage::SetMaxBuffers(unsigned char)
                0x40011d98                fifo_buffer_storage::ReadData(unsigned char*, int)
                0x40011b4c                fifo_buffer_storage::Init(unsigned char, unsigned char)
                0x4001161c                DumpBuffers()
                0x400119c4                buffer_list::RemoveHead()
                0x4001193c                buffer_list::Remove(pool_buffer*)
                0x40011a78                buffer_list::RemoveTail()
                0x40011fac                fifo_buffer_storage::LongSpaceAvail()
                0x40012118                fifo_buffer_storage::WriteData(unsigned char*, int)
                0x400116b0                FreeBuffer
                0x400118c8                buffer_list::InsertAfter(pool_buffer*, pool_buffer*)
                0x40012064                fifo_buffer_storage::SpaceAvail()
                0x40011f84                fifo_buffer_storage::~fifo_buffer_storage()
 .text          0x4001250c     0x1922 /nburn/lib/NetBurner.a(arp.o)
                0x40013240                FindAddArp(unsigned long)
                0x40012668                sendGratuitousArp(int)
                0x40012534                MacEqual(MACADR, MACADR)
                0x40012870                InitializeArp()
                0x40012918                FindArp(unsigned long)
                0x40012b74                SendArp(ArpRecord*, int)
                0x40012824                GetInterface(unsigned long)
                0x40013b24                AddCheckArp(MACADR*, unsigned long, int)
                0x40012594                SetMac(ArpRecord*, MACADR, int)
                0x4001307c                DeleteArpFromIp(unsigned long)
                0x40012a1c                GetArpMacFromIp(unsigned long, MACADR&)
                0x4001364c                RouteOutVia(EFRAME*, unsigned long, pool_buffer*, int)
                0x40012ad0                GetProperInterface(unsigned long)
                0x40013190                FreeOneArp()
                0x40013bb0                processArp(pool_buffer*, EFRAME*)
                0x4001262c                NeedsArp(int)
                0x40012ca4                GetNextArp(ArpRecord*)
                0x40012738                RawSendArp(ArpRecord*, unsigned long, int)
                0x4001309c                AgeArp()
                0x4001386c                RouteOut(EFRAME*, unsigned long, pool_buffer*)
                0x40012d6c                ShowArp()
                0x40012eac                DeleteArp(ArpRecord*)
                0x40012d14                GetFirstArp()
                0x40012be0                GetSrcIp
                0x400134dc                IsMyAddressUsedArpDetect(unsigned short, int)
                0x4001252c                Cleanup()
                0x4001250c                IsNull(ArpRecord*)
                0x40012e00                fShowArp(__sFILE*)
                0x40012a74                AddPending(MACADR*, unsigned long, int)
 *fill*         0x40013e2e        0x2 00
 .text          0x40013e30     0x13dc /nburn/lib/NetBurner.a(udp.o)
                0x400146f8                UDPPacket::Send(unsigned long, unsigned char)
                0x40013f78                UDPPacket::SetDestinationPort(unsigned short)
                0x4001403c                UDPPacket::GetPacketId()
                0x40014088                UDPPacket::GetSourceAddress()
                0x40014e44                UDPPacket::UDPPacket()
                0x40014434                UDPPacket::AddDataByte(unsigned char)
                0x40014810                UDPPacket::SendAndKeep(unsigned long, unsigned char)
                0x400140ac                RegisterUDPFifo(unsigned short, os_fifo*)
                0x4001447c                UDPPacket::AddData(char const*)
                0x40013ea4                UDPPacket::UDPPacket(pool_buffer*)
                0x4001453c                UDPPacket::SendViaInterface(unsigned long, int, unsigned char)
                0x40014024                UDPPacket::GetIpPacket()
                0x40014664                UDPPacket::SendVia(unsigned long, unsigned long, unsigned char)
                0x40014880                UDPPacket::~UDPPacket()
                0x40013e30                GetUdpFifoRec(unsigned short)
                0x40013fb4                UDPPacket::GetDataBuffer()
                0x40014174                RegisterUDPFifoWithNotify(unsigned short, os_fifo*, void (*)(os_fifo*, unsigned short))
                0x40013ef0                UDPPacket::UDPPacket(pool_buffer*)
                0x40013fe8                UDPPacket::GetDataSize() const
                0x400148ec                ProcessIDPacket(UDPPacket&, int)
                0x40014458                UDPPacket::AddDataWord(unsigned short)
                0x40014e88                process_udp(pool_buffer*, IPPKT*, unsigned short)
                0x400144ac                UDPPacket::Validate()
                0x40013f94                UDPPacket::GetDestinationPort() const
                0x40014388                UDPPacket::AddData(unsigned char const*, unsigned short)
                0x4001423c                UnregisterUDPFifo(unsigned short)
                0x4001514c                UDPPacket::UDPPacket(os_fifo*, unsigned long)
                0x40013fc8                UDPPacket::SetDataSize(unsigned short)
                0x40014304                FixIDDataPacket(UDPPacket&, _InterfaceBlock*)
                0x40014010                UDPPacket::ResetData()
                0x40014858                UDPPacket::~UDPPacket()
                0x400151ac                UDPPacket::UDPPacket(os_fifo*, unsigned long)
                0x400146a4                UDPPacket::SendAndKeepVia(unsigned long, unsigned long, unsigned char)
                0x40013f3c                UDPPacket::SetSourcePort(unsigned short)
                0x40013f58                UDPPacket::GetSourcePort() const
                0x40014360                FixIDDataPacket(UDPPacket&, int)
                0x400148a8                UDPPacket::UDPPacket()
                0x40014064                UDPPacket::GetDestinationAddress()
 .text          0x4001520c     0x5406 /nburn/lib/NetBurner.a(tcp.o)
                0x400168b4                SendTcpRst(IPPKT*)
                0x40015848                GetTcpState(int)
                0x40016b64                InitTCP()
                0x40017648                _Socket_Private_read
                0x400157fc                ShortSocketList::ShortSocketList()
                0x400158a8                SetOutOfOrderbuffers(int, unsigned char)
                0x4001547c                GetSocketRemotePort(int)
                0x4001601c                socket_struct::MyAdvertisedWindow()
                0x40015eb8                SetSocketTxBuffers(int, int)
                0x40015590                setsockoption(int, int)
                0x40016368                TcpSend(socket_struct*, unsigned long, pool_buffer*, unsigned short, unsigned char)
                0x40019794                TCPTimerTask(void*)
                0x40019f84                process_tcp(pool_buffer*, IPPKT*, unsigned short)
                0x40017ca4                socket_struct::ProcessRST()
                0x4001a548                NoBlockconnectvia(unsigned long, unsigned short, unsigned short, unsigned long)
                0x400158ec                TcpGetLastRxTime(int)
                0x40017dc0                abortsocket
                0x400181a4                socket_struct::ProcessDataSegment(TCPPKT*, unsigned short, unsigned char*, pool_buffer*&)
                0x4001a3a0                connectvia(unsigned long, unsigned short, unsigned short, unsigned long, unsigned long)
                0x4001717c                HashSocketList::RemoveSocket(socket_struct*) const
                0x4001883c                _Socket_Private_write
                0x400155c8                getsockoption(int)
                0x40018e84                socket_struct::ProcessAck(TCPPKT*)
                0x40017664                socket_struct::SaveData(unsigned char*, unsigned short, unsigned char)
                0x40016e6c                GetTcpRtxCount(int)
                0x40015370                fixoverlap(unsigned long, unsigned long, unsigned long&, unsigned long&)
                0x40017944                socket_struct::SetTimer(unsigned long)
                0x4001a520                connect(unsigned long, unsigned short, unsigned short, unsigned long)
                0x40015654                HashSocketList::HashSocketList()
                0x400173c0                GetTcpSocket(TCPPKT*, unsigned long)
                0x4001a598                NoBlockConnect(unsigned long, unsigned short, unsigned short, unsigned long)
                0x40015b38                TcpGetRxBufferSpaceUsed(int)
                0x40018484                socket_struct::DoRawSend()
                0x40015b78                ShowFdTcpSocket(int)
                0x40015e3c                socket_struct::ClearPending(int)
                0x40016ee0                ShortSocketList::findsocket(unsigned short, unsigned short, unsigned long) const
                0x4001a498                connect(unsigned long, unsigned short, unsigned short, unsigned long, unsigned long)
                0x40016df8                TcpSendKeepAlive(int)
                0x400153ec                getsocketerror(int)
                0x4001563c                EnableTcpDebug(unsigned short)
                0x400196a0                socket_struct::ProcessTimer()
                0x40018360                socket_struct::SetUpNextRetransmit()
                0x4001564c                HashSocketList::HashSocketList()
                0x40017478                SockReadWithTimeout
                0x40016af8                GetFreeSocketCount()
                0x40019130                socket_struct::ProcessFIN(TCPPKT*, unsigned short)
                0x40016094                FixHeaderAndSendTcp(pool_buffer*, IPPKT*, socket_struct*)
                0x400155f8                setsocketackbuffers(int, unsigned char)
                0x40015570                socket_struct::CleanUpDeletedListener()
                0x4001532c                FindListenSocket(unsigned short, unsigned long)
                0x400161a0                TcpSendwSum(socket_struct*, unsigned long, pool_buffer*, unsigned short, unsigned char, unsigned long)
                0x400179c4                socket_struct::DoCleanup()
                0x40017754                socket_struct::TestOutofOrder()
                0x4001595c                TcpGetLastRxInterval(int)
                0x4001520c                GetFirstSeq()
                0x40016d64                FREESOCKET(socket_struct*)
                0x40017b9c                ShortSocketList::AddSocket(socket_struct*)
                0x40018d68                socket_struct::DoRetransmit(unsigned char)
                0x4001580c                ShortSocketList::Init()
                0x40016f84                ShortSocketList::processTick()
                0x4001a090                socket_struct::CoreConnect(unsigned long, unsigned short, unsigned short, unsigned long)
                0x400192a4                _Socket_Private_close
                0x400193e4                accept(int, unsigned long*, unsigned short*, unsigned short)
                0x40015804                ShortSocketList::ShortSocketList()
                0x40015ef8                SetSocketRxBuffers(int, int)
                0x40017fe0                listen(unsigned long, unsigned short, unsigned char)
                0x4001565c                HashSocketList::Init() const
                0x40015674                ShortSocketList::GetFreeShort()
                0x4001544c                GetSocketRemoteAddr(int)
                0x400172e8                HashSocketList::findsocket(unsigned short, unsigned short, unsigned long) const
                0x40015acc                WaitForSocketFlush(int, unsigned long)
                0x40015644                DumpTcpPacket(IPPKT*)
                0x400180e8                RemoveFromUserCloseList(socket_struct*)
                0x40015250                ValidateTCP(IPPKT*, unsigned short)
                0x40017034                ShortSocketList::process(pool_buffer*, TCPPKT*, unsigned long) const
                0x4001523c                socket_struct::SetState(int)
                0x40015f38                socket_struct::processoptions(pool_buffer*, TCPPKT*, IPPKT*)
                0x40018a64                socket_struct::DoClose(int)
                0x40017ef4                GetFreeSocket()
                0x400154ac                GetSocketLocalPort(int)
                0x40017234                HashSocketList::AddSocket(socket_struct*) const
                0x400157bc                ShortSocketList::FreeShort(ShortSocket*) const
                0x400154dc                socket_struct::CalcRTO(unsigned long)
                0x4001685c                socket_struct::OpenWindow()
                0x400169c8                SendTcpSynRst(IPPKT*)
                0x40015a7c                TcpAllDataAcked(int)
                0x400187bc                clrsockoption(int, int)
                0x40015920                TcpGetSocketState(int)
                0x40015634                DumpTcpDebug()
                0x4001541c                GetSocketLocalAddr(int)
                0x400198bc                socket_struct::process(pool_buffer*, TCPPKT*)
                0x4001587c                RegisterTCPReadNotify
                0x400163f8                socket_struct::SendState(unsigned short, pool_buffer*)
 *fill*         0x4001a612        0x2 00
 .text          0x4001a614      0x23c /nburn/lib/NetBurner.a(extraio.o)
                0x4001a644                ExpandWrite(int, char const*, int)
                0x4001a674                ExpandClose(int)
                0x4001a6a4                InitExtras()
                0x4001a6e0                GetExtraFD
                0x4001a614                ExpandRead(int, char*, int)
                0x4001a814                GetFreeExtraFDCount
                0x4001a770                FreeExtraFd
                0x4001a7a8                GetExtraData
                0x4001a7dc                GetExtraExtraData
 .text          0x4001a850      0x69e /nburn/lib/NetBurner.a(iosys.o)
                0x4001ac8c                SetDataAvail
                0x4001ab2c                writeall
                0x4001ab8c                RawCheckSelects()
                0x4001ac38                SetHaveError
                0x4001acc8                RemoveSelect(PendingSelect*)
                0x4001ac50                SetWriteAvail
                0x4001aa1c                ZeroWaitSelect
                0x4001ad48                AddSelect(PendingSelect*)
                0x4001a970                FD_ISSET
                0x4001a918                ClrDataAvail
                0x4001ada0                select
                0x4001a900                ClrWriteAvail
                0x4001ac04                CheckSelects()
                0x4001aad0                writestring
                0x4001a9e0                countbits(fd_set*)
                0x4001a850                FD_OVERLAP(fd_set*, fd_set*)
                0x4001aaa0                dataavail
                0x4001a88c                FD_ZERO
                0x4001a930                FD_SET
                0x4001a8e8                ClrHaveError
                0x4001a9bc                countdwbits(unsigned long)
                0x4001ae40                ReadWithTimeout
                0x4001a8a4                FD_CLR
 *fill*         0x4001aeee        0x2 00
 .text          0x4001aef0      0x71c /nburn/lib/NetBurner.a(autoip.o)
                0x4001b12c                AutoIPClient::AutoIPClient(int)
                0x4001b00c                AutoIPClient::stop()
                0x4001b458                AutoIPClient::arpCheck()
                0x4001af7c                AutoIPClient::getNextTick()
                0x4001b2b4                AutoIPClient::announce()
                0x4001af30                AutoIPClient::addressCollision()
                0x4001af6c                AutoIPClient::getState()
                0x4001b390                AutoIPClient::startArp()
                0x4001b5b4                AutoIPClient::staticTimeTick()
                0x4001aef0                AutoIPClient::start()
                0x4001b1a8                AutoIPClient::AutoIPClient(int)
                0x4001af8c                AutoIPClient::tickDelay(int)
                0x4001afb4                AutoIPClient::negotiate()
                0x4001b2f8                AutoIPClient::setRNG()
                0x4001b0c8                AutoIPClient::~AutoIPClient()
                0x4001b544                AutoIPClient::timeTick()
                0x4001b044                AutoIPClient::restart()
                0x4001b224                AddAutoIPInterface(int)
                0x4001b064                AutoIPClient::~AutoIPClient()
                0x4001b354                AutoIPClient::generateNewIPAddr()
 .text          0x4001b60c      0x4b2 /nburn/lib/NetBurner.a(netinterface.o)
                0x4001b9f0                InitializeNetwork(void (*)(pool_buffer*, EFRAME*, unsigned short), void (*)(pool_buffer*, EFRAME*))
                0x4001b6c4                InterfaceIP(int)
                0x4001b7b8                GetEframe(pool_buffer*)
                0x4001b990                SaveIfConfig(ConfigRecord*, int)
                0x4001b884                RegisterMultiHomeInterface(_InterfaceBlock*)
                0x4001b60c                GetFirstInterface()
                0x4001b9c0                GetIfConfig(int)
                0x4001b774                InterfaceMAC(int)
                0x4001b670                GetInterFaceBlock(int)
                0x4001b6f0                InterfaceDNS(int)
                0x4001b71c                InterfaceMASK(int)
                0x4001b62c                GetnextInterface(int)
                0x4001ba5c                TransmitBuffer(pool_buffer*, int)
                0x4001b824                DisableMulticast(MACADR, int)
                0x4001b8ec                RegisterInterface(_InterfaceBlock*)
                0x4001b7cc                EnableMulticast(MACADR, int)
                0x4001b95c                Removeinterface(int)
                0x4001b87c                StopNetworks()
                0x4001b69c                GetInterfaceNumber(_InterfaceBlock*)
                0x4001b748                InterfaceGate(int)
 *fill*         0x4001babe        0x2 00
 .text          0x4001bac0      0x5c8 /nburn/lib/NetBurner.a(taskmon.o)
                0x4001bfc8                ProcessTaskPacket(UDPPacket&, int)
                0x4001bac0                EnableTaskMonitor()
                0x4001bad4                BufferDumpTCBState(os_tcb*)
 .text          0x4001c088     0x131e /nburn/lib/NetBurner.a(smarttrap.o)
                0x4001c0bc                EnableSmartTraps()
                0x4001c19c                WalkStack(os_tcb*, unsigned long, unsigned long)
                0x4001c67c                smart_trap_asm
                0x4001c49c                Local_OutTCBState(os_tcb*, unsigned long, unsigned long)
                0x4001c088                SafeRead(unsigned long)
                0x4001c0d8                Local_OutHex(unsigned long, int)
                0x4001c674                Smart_Trap_Holder()
                0x4001c16c                Local_OutString(char const*)
                0x4001c218                Local_ShowTaskName(os_tcb volatile*)
 *fill*         0x4001d3a6        0x2 00
 .text          0x4001d3a8      0x538 /nburn/lib/NetBurner.a(autoupdate.o)
                0x4001d830                ProcessAutoUpdatePacket(UDPPacket&)
                0x4001d564                DoData(UDPPacket&)
                0x4001d3a8                EnableAutoUpdate
                0x4001d3bc                DoReboot()
                0x4001d3ec                DoExecute(UDPPacket&, int)
                0x4001d654                DoStart(UDPPacket&)
 .text          0x4001d8e0       0x52 /nburn/lib/NetBurner.a(device.o)
                0x4001d900                DeviceInitializeSem
                0x4001d8e0                DeviceGetQspiSem()
                0x4001d8f0                DeviceGetI2cSem()
 *fill*         0x4001d932        0x2 00
 .text          0x4001d934       0x26 /nburn/lib/NetBurner.a(new_ops.o)
                0x4001d934                operator new(unsigned long)
 *fill*         0x4001d95a        0x2 00
 .text          0x4001d95c      0xf34 /nburn/lib/FatFile.a(fat_m.o)
                0x4001dc5c                fm_settimedate
                0x4001d95c                fm_getlasterror
                0x4001dee8                fm_seek
                0x4001e53c                fm_format
                0x4001e360                fm_chdir
                0x4001e120                fm_move
                0x4001e830                fm_initvolume
                0x4001ddb4                fm_rewind
                0x4001e03c                fm_flush
                0x4001dcc4                fm_stat
                0x4001e884                fm_getversion
                0x4001dac4                fm_setlabel
                0x4001e6e4                fm_getpartition
                0x4001e61c                fm_releasedriver
                0x4001de00                fm_putc
                0x4001db14                fm_getlabel
                0x4001e58c                fm_get_volume_list
                0x4001e314                fm_mkdir
                0x4001e170                fm_rename
                0x4001e22c                fm_findnext
                0x4001e0d4                fm_filelength
                0x4001e4ec                fm_getcwd
                0x4001de50                fm_getc
                0x4001dbc0                fm_getattr
                0x4001e088                fm_close
                0x4001e64c                fm_delvolume
                0x4001e44c                fm_chdrive
                0x4001da74                fm_truncate
                0x4001e498                fm_getdcwd
                0x4001e788                fm_initvolumepartition
                0x4001da20                fm_get_oem
                0x4001dd68                fm_eof
                0x4001df3c                fm_write
                0x4001e698                fm_checkvolume
                0x4001de9c                fm_tell
                0x4001e5d8                fm_get_volume_count
                0x4001d984                fm_seteof
                0x4001db68                fm_setattr
                0x4001e734                fm_createpartition
                0x4001e7dc                fm_createdriver
                0x4001e3fc                fm_getdrive
                0x4001e278                fm_findfirst
                0x4001dd14                fm_gettimedate
                0x4001e3ac                fm_getfreespace
                0x4001dc10                fm_delete
                0x4001dfec                fm_open
                0x4001e2c8                fm_rmdir
                0x4001d9d0                fm_ftruncate
                0x4001df94                fm_read
 .text          0x4001e890     0x4fcc /nburn/lib/FatFile.a(common.o)
                0x400202a4                fn_getdrive
                0x40022b2c                fn_initvolumepartition
                0x4002024c                fn_tell
                0x4001f5f8                _f_clustertopos
                0x40022658                fn_flush
                0x4001fb00                _f_allocnextcluster
                0x40020088                _fn_removeseekpos
                0x400201c8                fn_chdrive
                0x40021644                fn_seteof
                0x4001fcbc                _f_check_handle
                0x4001eb58                _f_drvreadsector
                0x40021034                fn_getpartition
                0x40020188                fn_eof
                0x400228dc                fn_getfreespace
                0x4001ea4c                _f_checkstatus
                0x4001e8a0                _f_get16bitl
                0x400222dc                fn_read
                0x400234fc                fn_releasedriver
                0x40022bd4                fn_format
                0x4001fa6c                _f_checkappendlocked
                0x400221f0                fn_rewind
                0x4001ef18                _f_fatcache_flush
                0x400211a4                _f_getvolume
                0x40023724                fn_initvolume
                0x400202c0                fn_get_volume_list
                0x40021c30                fn_putc
                0x40021c6c                _f_writezeros
                0x4001e8bc                _f_set16bitl
                0x40020c14                _f_checkreadlocked
                0x4001fc34                _f_removechain
                0x40022208                _f_syncfiles
                0x40021820                fn_write
                0x40020238                fn_setlasterror_noret
                0x40020af4                _f_updatefileentry
                0x400204b4                f_enterFS
                0x40023658                fn_createdriver
                0x40020338                _f_mutex_put
                0x4001f044                _f_writefatsector
                0x40023590                fn_delvolume
                0x40023808                fn_init
                0x400203d0                f_releaseFS
                0x40020170                fn_setlasterror
                0x40020dec                fn_createpartition
                0x40022774                fn_close
                0x4001fdcc                _f_getcurrsector
                0x40020364                _f_mutex_get
                0x40020428                fnGetTask
                0x400205a0                _f_emptywritecache
                0x4001fd90                _fn_updateseekpos
                0x4001e890                fn_getversion
                0x40022620                fn_getc
                0x40021d00                _f_fseek
                0x4001f6d4                _f_setdecluster
                0x4001ecec                _f_readsector
                0x4001f258                _f_setclustervalue
                0x400221a4                fn_ftruncate
                0x4001f454                _f_getclustervalue
                0x40020300                fn_get_volume_count
                0x40022068                fn_seek
                0x4001f9f0                _f_checklocked
                0x40022afc                fn_checkvolume
                0x4001e8d8                _f_get32bitl
                0x40020924                _f_emptywritebuffer
                0x4001f860                _f_dobadblock
                0x40020d00                _f_initentry
                0x40020a3c                _f_syncfilescontent
                0x4001ebb8                _f_writesector
                0x400200ec                _f_findopensize
                0x4001e908                _f_set32bitl
                0x4001fd00                _fn_initseekdivisor
                0x4002178c                fn_get_oem
                0x4001f738                _f_alloccluster
                0x4001edec                _f_getmaxcluster
                0x4001f674                _f_getdecluster
 .text          0x4002385c       0xae /nburn/lib/FatFile.a(f_fgets.o)
                0x4002385c                f_fgets
 *fill*         0x4002390a        0x2 00
 .text          0x4002390c       0xec /nburn/lib/FatFile.a(f_fprintf.o)
                0x4002390c                f_fprintf
 .text          0x400239f8       0x2c /nburn/lib/FatFile.a(f_fputs.o)
                0x400239f8                f_fputs
 .text          0x40023a24     0x3d90 /nburn/lib/FatFile.a(fat.o)
                0x4002758c                fn_chdir
                0x40024518                fn_getlabel
                0x400244b4                _f_getdirsector
                0x4002406c                fn_getcwd
                0x40025418                fn_setattr
                0x40027314                fn_rename
                0x400249e4                fn_setlabel
                0x4002556c                fn_getattr
                0x40025a28                fn_gettimedate
                0x40024734                _f_addentry
                0x40026dbc                fn_move
                0x40025690                fn_delete
                0x40025cc4                fn_open
                0x400264f8                fn_truncate
                0x4002685c                fn_filelength
                0x400276e0                fn_findfirst
                0x400251a8                fn_rmdir
                0x40024038                _f_writedirsector
                0x40025854                fn_stat
                0x40025b78                fn_settimedate
                0x40023cf0                _f_cmp_wname
                0x400269f8                fn_mkdir
                0x40024158                fn_getdcwd
                0x40024c38                fn_findnext
 .text          0x400277b4      0x22c /nburn/lib/FatFile.a(port_f.o)
                0x400277e0                f_mutex_get
                0x40027938                f_getdate
                0x40027848                f_mutex_create
                0x400278d4                f_getrand
                0x40027810                f_mutex_delete
                0x4002785c                f_gettime
                0x400277b4                fn_gettaskID
                0x400277c8                f_mutex_put
 .text          0x400279e0     0x17ce /nburn/lib/MOD5441X.a(ethernet.o)
                0x400285c4                AddEthernetInterface()
                0x40027bc4                StopEnet()
                0x4002807c                ResetEnet()
                0x400287e4                ProcessDuplexStatus()
                0x400279e0                read_eth_addr(MACADR*)
                0x400286b8                WarmEnetReset()
                0x40029000                real_rxenetisr
                0x40027a0c                fake_rxenetisr()
                0x40027a10                rxenetisr
                0x40027a60                fake_txenetisr()
                0x400287b4                EnablePHY()
                0x40027c18                EthMultifunc(MACADR, unsigned char)
                0x40027ab4                GetMII(unsigned char, unsigned char)
                0x40027c34                ResetEnetPart2()
                0x40027a64                txenetisr
                0x40027b38                SetMII(unsigned char, unsigned char, unsigned short)
                0x40028410                InitializeEthernet()
                0x40028c5c                real_txenetisr
                0x40027bf4                DisablePHY()
                0x40028754                ManualEthernetConfig(unsigned char, unsigned char, unsigned char)
                0x40028b08                EthTransmitBuffer(pool_buffer*)
                0x40028e54                Ether_ProcessTask(void*)
 *fill*         0x400291ae        0x2 00
 .text          0x400291b0     0x16e8 /nburn/lib/MOD5441X.a(etherprint.o)
                0x4002a7c0                EtherLink()
                0x400291b0                EtherSpeed100()
                0x4002a7b4                denet()
                0x4002a454                ShowFECRegisters()
                0x40029288                ShowMII(unsigned char, unsigned char, char const*, unsigned short)
                0x4002a7f4                elink()
                0x4002a7a8                dEnet()
                0x400291d0                SwitchMIIPage(unsigned long)
                0x400291c0                EtherDuplex()
                0x400291fc                showbinary(unsigned short, unsigned short)
                0x400292f0                ShowPhyterMII()
 .text          0x4002a898      0x196 /nburn/lib/MOD5441X.a(emulticast.o)
                0x4002a97c                EthDisableMulticast(MACADR)
                0x4002a8d8                EthEnableMulticast(MACADR)
                0x4002a898                GetMultiCastCRC(MACADR)
 *fill*         0x4002aa2e        0x2 00
 .text          0x4002aa30      0x1f2 /nburn/lib/NetBurner.a(netrx.o)
                0x4002aa30                NetDoRX(pool_buffer*, unsigned short, int)
 *fill*         0x4002ac22        0x2 00
 .text          0x4002ac24       0x42 /nburn/lib/NetBurner.a(nbtime.o)
                0x4002ac44                set_time
                0x4002ac24                time
 *fill*         0x4002ac66        0x2 00
 .text          0x4002ac68      0x564 c:/nburn/gcc-m68k/bin/../lib/gcc/m68k-elf/4.2.1/../../../../m68k-elf/lib/m5206e\libm.a(lib_a-s_atan.o)
                0x4002ac68                atan
 .text          0x4002b1cc       0x20 c:/nburn/gcc-m68k/bin/../lib/gcc/m68k-elf/4.2.1/../../../../m68k-elf/lib/m5206e\libm.a(lib_a-s_fabs.o)
                0x4002b1cc                fabs
 .text          0x4002b1ec      0x112 c:/nburn/gcc-m68k/bin/../lib/gcc/m68k-elf/4.2.1/../../../../m68k-elf/lib/m5206e\libm.a(lib_a-w_sqrt.o)
                0x4002b1ec                sqrt
 *fill*         0x4002b2fe        0x2 00
 .text          0x4002b300      0x28c c:/nburn/gcc-m68k/bin/../lib/gcc/m68k-elf/4.2.1/../../../../m68k-elf/lib/m5206e\libm.a(lib_a-e_sqrt.o)
                0x4002b300                __ieee754_sqrt
 .text          0x4002b58c       0x34 c:/nburn/gcc-m68k/bin/../lib/gcc/m68k-elf/4.2.1/../../../../m68k-elf/lib/m5206e\libm.a(lib_a-s_isnand.o)
                0x4002b58c                __isnand
 .text          0x4002b5c0        0x0 c:/nburn/gcc-m68k/bin/../lib/gcc/m68k-elf/4.2.1/../../../../m68k-elf/lib/m5206e\libm.a(lib_a-s_lib_ver.o)
 .text          0x4002b5c0        0xa c:/nburn/gcc-m68k/bin/../lib/gcc/m68k-elf/4.2.1/../../../../m68k-elf/lib/m5206e\libm.a(lib_a-s_matherr.o)
                0x4002b5c0                matherr
 *fill*         0x4002b5ca        0x2 00
 .text          0x4002b5cc      0xba0 c:/nburn/gcc-m68k/bin/../lib/gcc/m68k-elf/4.2.1/m5206e\libgcc.a(_double.o)
                0x4002c0ca                __cmpdf2
                0x4002b62c                __adddf3
                0x4002bf94                __negdf2
                0x4002bca4                __divdf3
                0x4002bff2                __cmpdf2_internal
                0x4002bac8                __muldf3
                0x4002b626                __subdf3
 .text          0x4002c16c       0x74 c:/nburn/gcc-m68k/bin/../lib/gcc/m68k-elf/4.2.1/m5206e\libgcc.a(_floatex.o)
                0x4002c178                $_exception_handler
                0x4002c16c                __clear_sticky_bit
 .text          0x4002c1e0       0x22 c:/nburn/gcc-m68k/bin/../lib/gcc/m68k-elf/4.2.1/m5206e\libgcc.a(_eqdf2.o)
                0x4002c1e0                __eqdf2
 *fill*         0x4002c202        0x2 00
 .text          0x4002c204       0x22 c:/nburn/gcc-m68k/bin/../lib/gcc/m68k-elf/4.2.1/m5206e\libgcc.a(_nedf2.o)
                0x4002c204                __nedf2
 *fill*         0x4002c226        0x2 00
 .text          0x4002c228       0x22 c:/nburn/gcc-m68k/bin/../lib/gcc/m68k-elf/4.2.1/m5206e\libgcc.a(_gtdf2.o)
                0x4002c228                __gtdf2
 *fill*         0x4002c24a        0x2 00
 .text          0x4002c24c       0x22 c:/nburn/gcc-m68k/bin/../lib/gcc/m68k-elf/4.2.1/m5206e\libgcc.a(_ltdf2.o)
                0x4002c24c                __ltdf2
 *fill*         0x4002c26e        0x2 00
 .text          0x4002c270       0x22 c:/nburn/gcc-m68k/bin/../lib/gcc/m68k-elf/4.2.1/m5206e\libgcc.a(_ledf2.o)
                0x4002c270                __ledf2
 *fill*         0x4002c292        0x2 00
 .text          0x4002c294       0x7a c:/nburn/gcc-m68k/bin/../lib/gcc/m68k-elf/4.2.1/m5206e\libgcc.a(_fixunsdfsi.o)
                0x4002c294                __fixunsdfsi
 *fill*         0x4002c30e        0x2 00
 .text          0x4002c310      0x49a c:/nburn/gcc-m68k/bin/../lib/gcc/m68k-elf/4.2.1/m5206e\libgcc.a(fpgnulib.o)
                0x4002c790                __fixsfsi
                0x4002c478                __floatsidf
                0x4002c54e                __extendsfdf2
                0x4002c406                __floatunsidf
                0x4002c710                __fixdfsi
                0x4002c534                __floatsisf
                0x4002c5e8                __truncdfsf2
                0x4002c310                __unordsf2
                0x4002c51a                __floatunsisf
                0x4002c372                __unorddf2
 *fill*         0x4002c7aa        0x2 00
 .text          0x4002c7ac       0x22 c:/nburn/gcc-m68k/bin/../lib/gcc/m68k-elf/4.2.1/m5206e\libgcc.a(_gedf2.o)
                0x4002c7ac                __gedf2
 *fill*         0x4002c7ce        0x2 00
 .text          0x4002c7d0       0x1e c:/nburn/gcc-m68k/bin/../lib/gcc/m68k-elf/4.2.1/../../../../m68k-elf/lib/m5206e\libc.a(lib_a-cxa_atexit.o)
                0x4002c7d0                __cxa_atexit
 *fill*         0x4002c7ee        0x2 00
 .text          0x4002c7f0        0xe c:/nburn/gcc-m68k/bin/../lib/gcc/m68k-elf/4.2.1/../../../../m68k-elf/lib/m5206e\libc.a(lib_a-errno.o)
                0x4002c7f0                __errno
 *fill*         0x4002c7fe        0x2 00
 .text          0x4002c800       0x24 c:/nburn/gcc-m68k/bin/../lib/gcc/m68k-elf/4.2.1/../../../../m68k-elf/lib/m5206e\libc.a(lib_a-fiprintf.o)
                0x4002c800                fiprintf
 .text          0x4002c824       0x1a c:/nburn/gcc-m68k/bin/../lib/gcc/m68k-elf/4.2.1/../../../../m68k-elf/lib/m5206e\libc.a(lib_a-gmtime_r.o)
                0x4002c824                gmtime_r
 *fill*         0x4002c83e        0x2 00
 .text          0x4002c840        0x0 c:/nburn/gcc-m68k/bin/../lib/gcc/m68k-elf/4.2.1/../../../../m68k-elf/lib/m5206e\libc.a(lib_a-impure.o)
 .text          0x4002c840       0x54 c:/nburn/gcc-m68k/bin/../lib/gcc/m68k-elf/4.2.1/../../../../m68k-elf/lib/m5206e\libc.a(lib_a-iprintf.o)
                0x4002c840                _iprintf_r
                0x4002c86a                iprintf
 .text          0x4002c894       0x3a c:/nburn/gcc-m68k/bin/../lib/gcc/m68k-elf/4.2.1/../../../../m68k-elf/lib/m5206e\libc.a(lib_a-isprint.o)
                0x4002c894                isgraph
                0x4002c8b0                isprint
 *fill*         0x4002c8ce        0x2 00
 .text          0x4002c8d0       0x32 c:/nburn/gcc-m68k/bin/../lib/gcc/m68k-elf/4.2.1/../../../../m68k-elf/lib/m5206e\libc.a(lib_a-malloc.o)
                0x4002c8ea                malloc
                0x4002c8d0                free
 *fill*         0x4002c902        0x2 00
 .text          0x4002c904      0x78c c:/nburn/gcc-m68k/bin/../lib/gcc/m68k-elf/4.2.1/../../../../m68k-elf/lib/m5206e\libc.a(lib_a-mallocr.o)
                0x4002c904                _malloc_r
 .text          0x4002d090      0x628 c:/nburn/gcc-m68k/bin/../lib/gcc/m68k-elf/4.2.1/../../../../m68k-elf/lib/m5206e\libc.a(lib_a-mktm_r.o)
                0x4002d090                __tzcalc_limits
                0x4002d290                _mktm_r
 .text          0x4002d6b8       0x8a c:/nburn/gcc-m68k/bin/../lib/gcc/m68k-elf/4.2.1/../../../../m68k-elf/lib/m5206e\libc.a(lib_a-puts.o)
                0x4002d6b8                _puts_r
                0x4002d72c                puts
 *fill*         0x4002d742        0x2 00
 .text          0x4002d744       0x6a c:/nburn/gcc-m68k/bin/../lib/gcc/m68k-elf/4.2.1/../../../../m68k-elf/lib/m5206e\libc.a(lib_a-rand.o)
                0x4002d75c                rand
                0x4002d744                srand
 *fill*         0x4002d7ae        0x2 00
 .text          0x4002d7b0       0x4e c:/nburn/gcc-m68k/bin/../lib/gcc/m68k-elf/4.2.1/../../../../m68k-elf/lib/m5206e\libc.a(lib_a-rget.o)
                0x4002d7ea                __srget
                0x4002d7b0                __srget_r
 *fill*         0x4002d7fe        0x2 00
 .text          0x4002d800      0x1ee c:/nburn/gcc-m68k/bin/../lib/gcc/m68k-elf/4.2.1/../../../../m68k-elf/lib/m5206e\libc.a(lib_a-setvbuf.o)
                0x4002d800                setvbuf
 *fill*         0x4002d9ee        0x2 00
 .text          0x4002d9f0       0xba c:/nburn/gcc-m68k/bin/../lib/gcc/m68k-elf/4.2.1/../../../../m68k-elf/lib/m5206e\libc.a(lib_a-siprintf.o)
                0x4002da4e                _siprintf_r
                0x4002d9f0                siprintf
 *fill*         0x4002daaa        0x2 00
 .text          0x4002daac      0x14c c:/nburn/gcc-m68k/bin/../lib/gcc/m68k-elf/4.2.1/../../../../m68k-elf/lib/m5206e\libc.a(lib_a-sniprintf.o)
                0x4002db54                _sniprintf_r
                0x4002daac                sniprintf
 .text          0x4002dbf8       0xba c:/nburn/gcc-m68k/bin/../lib/gcc/m68k-elf/4.2.1/../../../../m68k-elf/lib/m5206e\libc.a(lib_a-sprintf.o)
                0x4002dc56                _sprintf_r
                0x4002dbf8                sprintf
 *fill*         0x4002dcb2        0x2 00
 .text          0x4002dcb4       0x1a c:/nburn/gcc-m68k/bin/../lib/gcc/m68k-elf/4.2.1/../../../../m68k-elf/lib/m5206e\libc.a(lib_a-strlen.o)
                0x4002dcb4                strlen
 *fill*         0x4002dcce        0x2 00
 .text          0x4002dcd0        0x0 c:/nburn/gcc-m68k/bin/../lib/gcc/m68k-elf/4.2.1/../../../../m68k-elf/lib/m5206e\libc.a(lib_a-tzvars.o)
 .text          0x4002dcd0     0x1280 c:/nburn/gcc-m68k/bin/../lib/gcc/m68k-elf/4.2.1/../../../../m68k-elf/lib/m5206e\libc.a(lib_a-vfiprintf.o)
                0x4002ef32                vfiprintf
                0x4002dd14                _vfiprintf_r
 .text          0x4002ef50     0x1fac c:/nburn/gcc-m68k/bin/../lib/gcc/m68k-elf/4.2.1/../../../../m68k-elf/lib/m5206e\libc.a(lib_a-vfprintf.o)
                0x4002ef94                _vfprintf_r
                0x40030ede                vfprintf
 .text          0x40030efc      0x110 c:/nburn/gcc-m68k/bin/../lib/gcc/m68k-elf/4.2.1/../../../../m68k-elf/lib/m5206e\libc.a(lib_a-vsnprintf.o)
                0x40030f82                vsnprintf
                0x40030efc                _vsnprintf_r
 .text          0x4003100c      0x124 c:/nburn/gcc-m68k/bin/../lib/gcc/m68k-elf/4.2.1/../../../../m68k-elf/lib/m5206e\libc.a(lib_a-wbuf.o)
                0x4003100c                __swbuf_r
                0x40031116                __swbuf
 .text          0x40031130       0x7c c:/nburn/gcc-m68k/bin/../lib/gcc/m68k-elf/4.2.1/../../../../m68k-elf/lib/m5206e\libc.a(lib_a-wcrtomb.o)
                0x40031130                _wcrtomb_r
                0x40031190                wcrtomb
 .text          0x400311ac      0x130 c:/nburn/gcc-m68k/bin/../lib/gcc/m68k-elf/4.2.1/../../../../m68k-elf/lib/m5206e\libc.a(lib_a-wcsrtombs.o)
                0x400311ac                _wcsrtombs_r
                0x400312ba                wcsrtombs
 .text          0x400312dc      0x452 c:/nburn/gcc-m68k/bin/../lib/gcc/m68k-elf/4.2.1/../../../../m68k-elf/lib/m5206e\libc.a(lib_a-wctomb_r.o)
                0x400312dc                _wctomb_r
 *fill*         0x4003172e        0x2 00
 .text          0x40031730      0x130 c:/nburn/gcc-m68k/bin/../lib/gcc/m68k-elf/4.2.1/../../../../m68k-elf/lib/m5206e\libc.a(lib_a-wsetup.o)
                0x40031730                __swsetup
 .text          0x40031860       0xe8 c:/nburn/gcc-m68k/bin/../lib/gcc/m68k-elf/4.2.1/../../../../m68k-elf/lib/m5206e\libc.a(lib_a-__atexit.o)
                0x40031860                __register_exitproc
 .text          0x40031948        0x0 c:/nburn/gcc-m68k/bin/../lib/gcc/m68k-elf/4.2.1/../../../../m68k-elf/lib/m5206e\libc.a(lib_a-ctype_.o)
 .text          0x40031948     0x160a c:/nburn/gcc-m68k/bin/../lib/gcc/m68k-elf/4.2.1/../../../../m68k-elf/lib/m5206e\libc.a(lib_a-dtoa.o)
                0x40031afa                _dtoa_r
 *fill*         0x40032f52        0x2 00
 .text          0x40032f54      0x198 c:/nburn/gcc-m68k/bin/../lib/gcc/m68k-elf/4.2.1/../../../../m68k-elf/lib/m5206e\libc.a(lib_a-fflush.o)
                0x40032f54                fflush
 .text          0x400330ec      0x25e c:/nburn/gcc-m68k/bin/../lib/gcc/m68k-elf/4.2.1/../../../../m68k-elf/lib/m5206e\libc.a(lib_a-findfp.o)
                0x40033146                __sinit
                0x400331fe                __sfmoreglue
                0x400331ec                _cleanup
                0x400331d2                _cleanup_r
                0x4003326c                __sfp
 *fill*         0x4003334a        0x2 00
 .text          0x4003334c      0x422 c:/nburn/gcc-m68k/bin/../lib/gcc/m68k-elf/4.2.1/../../../../m68k-elf/lib/m5206e\libc.a(lib_a-freer.o)
                0x4003343c                _free_r
                0x4003334c                _malloc_trim_r
 *fill*         0x4003376e        0x2 00
 .text          0x40033770      0x37e c:/nburn/gcc-m68k/bin/../lib/gcc/m68k-elf/4.2.1/../../../../m68k-elf/lib/m5206e\libc.a(lib_a-fvwrite.o)
                0x40033770                __sfvwrite_r
 *fill*         0x40033aee        0x2 00
 .text          0x40033af0       0xe4 c:/nburn/gcc-m68k/bin/../lib/gcc/m68k-elf/4.2.1/../../../../m68k-elf/lib/m5206e\libc.a(lib_a-fwalk.o)
                0x40033af0                _fwalk
                0x40033b60                _fwalk_reent
 .text          0x40033bd4        0xe c:/nburn/gcc-m68k/bin/../lib/gcc/m68k-elf/4.2.1/../../../../m68k-elf/lib/m5206e\libc.a(lib_a-gettzinfo.o)
                0x40033bd4                __gettzinfo
 *fill*         0x40033be2        0x2 00
 .text          0x40033be4       0xa6 c:/nburn/gcc-m68k/bin/../lib/gcc/m68k-elf/4.2.1/../../../../m68k-elf/lib/m5206e\libc.a(lib_a-locale.o)
                0x40033c12                _setlocale_r
                0x40033be4                __locale_charset
                0x40033bf2                _localeconv_r
                0x40033c72                setlocale
                0x40033c00                localeconv
 *fill*         0x40033c8a        0x2 00
 .text          0x40033c8c      0x178 c:/nburn/gcc-m68k/bin/../lib/gcc/m68k-elf/4.2.1/../../../../m68k-elf/lib/m5206e\libc.a(lib_a-makebuf.o)
                0x40033c8c                __smakebuf
 .text          0x40033e04       0xd2 c:/nburn/gcc-m68k/bin/../lib/gcc/m68k-elf/4.2.1/../../../../m68k-elf/lib/m5206e\libc.a(lib_a-memchr.o)
                0x40033e04                memchr
 *fill*         0x40033ed6        0x2 00
 .text          0x40033ed8       0xb6 c:/nburn/gcc-m68k/bin/../lib/gcc/m68k-elf/4.2.1/../../../../m68k-elf/lib/m5206e\libc.a(lib_a-memmove.o)
                0x40033ed8                memmove
 *fill*         0x40033f8e        0x2 00
 .text          0x40033f90      0xc78 c:/nburn/gcc-m68k/bin/../lib/gcc/m68k-elf/4.2.1/../../../../m68k-elf/lib/m5206e\libc.a(lib_a-mprec.o)
                0x400342e4                _mprec_log10
                0x4003439a                __any_on
                0x40034440                _Balloc
                0x40034252                __ratio
                0x40034968                __i2b
                0x40034162                __b2d
                0x40034b30                __s2b
                0x40034080                __mcmp
                0x40033f90                __hi0bits
                0x40034a4e                __pow5mult
                0x4003474c                __lshift
                0x400347fa                __multiply
                0x400344f6                __d2b
                0x40034356                __copybits
                0x400340e0                __ulp
                0x4003460c                __mdiff
                0x40033ff4                __lo0bits
                0x4003498a                __multadd
                0x40034406                _Bfree
 .text          0x40034c08      0x502 c:/nburn/gcc-m68k/bin/../lib/gcc/m68k-elf/4.2.1/../../../../m68k-elf/lib/m5206e\libc.a(lib_a-reallocr.o)
                0x40034c08                _realloc_r
 *fill*         0x4003510a        0x2 00
 .text          0x4003510c      0x21c c:/nburn/gcc-m68k/bin/../lib/gcc/m68k-elf/4.2.1/../../../../m68k-elf/lib/m5206e\libc.a(lib_a-refill.o)
                0x40035130                __srefill_r
 .text          0x40035328       0x42 c:/nburn/gcc-m68k/bin/../lib/gcc/m68k-elf/4.2.1/../../../../m68k-elf/lib/m5206e\libc.a(lib_a-s_isinfd.o)
                0x40035328                __isinfd
 *fill*         0x4003536a        0x2 00
 .text          0x4003536c      0x162 c:/nburn/gcc-m68k/bin/../lib/gcc/m68k-elf/4.2.1/../../../../m68k-elf/lib/m5206e\libc.a(lib_a-stdio.o)
                0x4003538a                __sseek
                0x4003547c                __sread
                0x4003536c                __sclose
                0x400353ec                __swrite
 *fill*         0x400354ce        0x2 00
 .text          0x400354d0       0x70 c:/nburn/gcc-m68k/bin/../lib/gcc/m68k-elf/4.2.1/../../../../m68k-elf/lib/m5206e\libc.a(lib_a-strcmp.o)
                0x400354d0                strcmp
 .text          0x40035540       0x3e c:/nburn/gcc-m68k/bin/../lib/gcc/m68k-elf/4.2.1/../../../../m68k-elf/lib/m5206e\libc.a(lib_a-writer.o)
                0x40035540                _write_r
 *fill*         0x4003557e        0x2 00
 .text          0x40035580       0x92 c:/nburn/gcc-m68k/bin/../lib/gcc/m68k-elf/4.2.1/../../../../m68k-elf/lib/m5206e\libc.a(lib_a-callocr.o)
                0x40035580                _calloc_r
 *fill*         0x40035612        0x2 00
 .text          0x40035614       0x32 c:/nburn/gcc-m68k/bin/../lib/gcc/m68k-elf/4.2.1/../../../../m68k-elf/lib/m5206e\libc.a(lib_a-closer.o)
                0x40035614                _close_r
 *fill*         0x40035646        0x2 00
 .text          0x40035648       0xfe c:/nburn/gcc-m68k/bin/../lib/gcc/m68k-elf/4.2.1/../../../../m68k-elf/lib/m5206e\libc.a(lib_a-fclose.o)
                0x40035648                _fclose_r
                0x40035730                fclose
 *fill*         0x40035746        0x2 00
 .text          0x40035748       0x36 c:/nburn/gcc-m68k/bin/../lib/gcc/m68k-elf/4.2.1/../../../../m68k-elf/lib/m5206e\libc.a(lib_a-fstatr.o)
                0x40035748                _fstat_r
 *fill*         0x4003577e        0x2 00
 .text          0x40035780       0x3e c:/nburn/gcc-m68k/bin/../lib/gcc/m68k-elf/4.2.1/../../../../m68k-elf/lib/m5206e\libc.a(lib_a-lseekr.o)
                0x40035780                _lseek_r
 *fill*         0x400357be        0x2 00
 .text          0x400357c0       0x3e c:/nburn/gcc-m68k/bin/../lib/gcc/m68k-elf/4.2.1/../../../../m68k-elf/lib/m5206e\libc.a(lib_a-readr.o)
                0x400357c0                _read_r
 *fill*         0x400357fe        0x2 00
 .text          0x40035800       0x72 c:/nburn/gcc-m68k/bin/../lib/gcc/m68k-elf/4.2.1/m5206e\libgcc.a(_muldi3.o)
                0x40035800                __muldi3
 *fill*         0x40035872        0x2 00
 .text          0x40035874      0x4f6 c:/nburn/gcc-m68k/bin/../lib/gcc/m68k-elf/4.2.1/m5206e\libgcc.a(_udivdi3.o)
                0x40035874                __udivdi3
 *fill*         0x40035d6a        0x2 00
 .text          0x40035d6c      0x4f8 c:/nburn/gcc-m68k/bin/../lib/gcc/m68k-elf/4.2.1/m5206e\libgcc.a(_umoddi3.o)
                0x40035d6c                __umoddi3
 .text          0x40036264        0x0 c:/nburn/gcc-m68k/bin/../lib/gcc/m68k-elf/4.2.1/m5206e\libgcc.a(_clz.o)
 .text          0x40036264       0x32 c:/nburn/gcc-m68k/bin/../lib/gcc/m68k-elf/4.2.1/m5206e/crtend.o
                0x400362a0                . = ALIGN (0x10)
 *fill*         0x40036296        0xa 00
 *(.text.*)
                0x400362a0                . = ALIGN (0x10)
 *(.eh_frame)
 .eh_frame      0x400362a0        0x0 c:/nburn/gcc-m68k/bin/../lib/gcc/m68k-elf/4.2.1/m5206e/crtbegin.o
 .eh_frame      0x400362a0       0x40 c:/nburn/gcc-m68k/bin/../lib/gcc/m68k-elf/4.2.1/m5206e\libgcc.a(_udivdi3.o)
 .eh_frame      0x400362e0       0x2c c:/nburn/gcc-m68k/bin/../lib/gcc/m68k-elf/4.2.1/m5206e\libgcc.a(_umoddi3.o)
                                 0x40 (size before relaxing)
 .eh_frame      0x4003630c        0x4 c:/nburn/gcc-m68k/bin/../lib/gcc/m68k-elf/4.2.1/m5206e/crtend.o
                0x40036310                . = ALIGN (0x10)
 *fill*         0x40036310        0x0 00
 *(.gnu.linkonce.t.*)
                0x40036310                . = ALIGN (0x4)
                0x40036310                __CTOR_LIST__ = .
 *(.ctors)
 .ctors         0x40036310        0x4 c:/nburn/gcc-m68k/bin/../lib/gcc/m68k-elf/4.2.1/m5206e/crtbegin.o
 .ctors         0x40036314        0x4 /nburn/lib/MOD5441X.a(serial.o)
 .ctors         0x40036318        0x4 /nburn/lib/MOD5441X.a(HiResTimer.o)
 .ctors         0x4003631c        0x4 /nburn/lib/NetBurner.a(ip.o)
 .ctors         0x40036320        0x4 /nburn/lib/NetBurner.a(buffers.o)
 .ctors         0x40036324        0x4 /nburn/lib/NetBurner.a(tcp.o)
 .ctors         0x40036328        0x4 c:/nburn/gcc-m68k/bin/../lib/gcc/m68k-elf/4.2.1/m5206e/crtend.o
                0x4003632c                __CTOR_END__ = .
                0x4003632c        0x4 LONG 0x0
                0x40036330                __CTOR_END__ = .
                0x40036330                __DTOR_LIST__ = .
                0x40036330                ___DTOR_LIST__ = .
                0x40036330        0x4 LONG 0x2 (((__DTOR_END__ - __DTOR_LIST__) / 0x4) - 0x2)
 *(.dtors)
 .dtors         0x40036334        0x4 c:/nburn/gcc-m68k/bin/../lib/gcc/m68k-elf/4.2.1/m5206e/crtbegin.o
 .dtors         0x40036338        0x4 c:/nburn/gcc-m68k/bin/../lib/gcc/m68k-elf/4.2.1/m5206e/crtend.o
                0x4003633c        0x4 LONG 0x0
                0x40036340                __DTOR_END__ = .
 *(.rodata)
 .rodata        0x40036340      0x20f /nburn/lib/MOD5441X.a(mmc.o)
                0x40036340                CRCtbl
 *fill*         0x4003654f        0x1 00
 .rodata        0x40036550       0x50 /nburn/lib/MOD5441X.a(serial.o)
 .rodata        0x400365a0      0x100 /nburn/lib/MOD5441X.a(mmc_mcf.o)
 .rodata        0x400366a0      0x108 /nburn/lib/NetBurner.a(ucos.o)
                0x400366a8                FAKE_OSUnMapTbl
                0x400366a0                FAKE_OSMapTbl
 .rodata        0x400367a8       0xb8 /nburn/lib/NetBurner.a(utils.o)
 .rodata        0x40036860        0x4 /nburn/lib/NetBurner.a(buffers.o)
 .rodata        0x40036864        0x2 /nburn/lib/NetBurner.a(udp.o)
 .rodata        0x40036866        0xd /nburn/lib/NetBurner.a(tcp.o)
 *fill*         0x40036873        0x1 00
 .rodata        0x40036874       0x24 /nburn/lib/FatFile.a(common.o)
 .rodata        0x40036898      0x400 /nburn/lib/MOD5441X.a(emulticast.o)
 .rodata        0x40036c98       0x40 c:/nburn/gcc-m68k/bin/../lib/gcc/m68k-elf/4.2.1/../../../../m68k-elf/lib/m5206e\libm.a(lib_a-s_atan.o)
 .rodata        0x40036cd8        0x4 c:/nburn/gcc-m68k/bin/../lib/gcc/m68k-elf/4.2.1/../../../../m68k-elf/lib/m5206e\libc.a(lib_a-impure.o)
                0x40036cd8                _global_impure_ptr
 .rodata        0x40036cdc       0x68 c:/nburn/gcc-m68k/bin/../lib/gcc/m68k-elf/4.2.1/../../../../m68k-elf/lib/m5206e\libc.a(lib_a-mktm_r.o)
 .rodata        0x40036d44       0x20 c:/nburn/gcc-m68k/bin/../lib/gcc/m68k-elf/4.2.1/../../../../m68k-elf/lib/m5206e\libc.a(lib_a-vfiprintf.o)
 .rodata        0x40036d64       0x20 c:/nburn/gcc-m68k/bin/../lib/gcc/m68k-elf/4.2.1/../../../../m68k-elf/lib/m5206e\libc.a(lib_a-vfprintf.o)
 .rodata        0x40036d84      0x101 c:/nburn/gcc-m68k/bin/../lib/gcc/m68k-elf/4.2.1/../../../../m68k-elf/lib/m5206e\libc.a(lib_a-ctype_.o)
                0x40036d84                _ctype_
 *fill*         0x40036e85        0x1 00
 .rodata        0x40036e86       0x34 c:/nburn/gcc-m68k/bin/../lib/gcc/m68k-elf/4.2.1/../../../../m68k-elf/lib/m5206e\libc.a(lib_a-locale.o)
 .rodata        0x40036eba      0x124 c:/nburn/gcc-m68k/bin/../lib/gcc/m68k-elf/4.2.1/../../../../m68k-elf/lib/m5206e\libc.a(lib_a-mprec.o)
                0x40036faa                __mprec_tinytens
                0x40036eba                __mprec_tens
                0x40036f82                __mprec_bigtens
 .rodata        0x40036fde      0x100 c:/nburn/gcc-m68k/bin/../lib/gcc/m68k-elf/4.2.1/m5206e\libgcc.a(_clz.o)
                0x40036fde                __clz_tab
 *(.rodata.*)
 .rodata.str1.1
                0x400370de       0x44 GenVI_v2.0.o
 .rodata.str1.1
                0x40037122      0x5a2 FileSystemUtils.o
                                0x5b7 (size before relaxing)
 .rodata.str1.1
                0x400376c4       0x30 Card_Routines.o
 .rodata.str1.1
                0x400376f4        0xa Accessory_Functions.o
                                  0xd (size before relaxing)
 .rodata.str1.1
                0x400376fe        0x9 /nburn/lib/MOD5441X.a(bsp.o)
 .rodata.str1.1
                0x40037707      0x156 /nburn/lib/MOD5441X.a(serial.o)
                                0x15a (size before relaxing)
 .rodata.str1.1