Archive member included because of file (symbol)

/nburn/lib/MOD5441X.a(bsp.o)  c:/nburn/gcc-m68k/bin/../lib/gcc/m68k-elf/4.2.1/../../../../m68k-elf/lib/m5206e\nb-crt0.o (atexit)
/nburn/lib/MOD5441X.a(flash.o)
                              /nburn/lib/MOD5441X.a(bsp.o) (FlashErase)
/nburn/lib/MOD5441X.a(serial.o)
                              PINS_Definations.o (SerialClose)
/nburn/lib/MOD5441X.a(pitr_sem.o)
                              Serial_Test_ROS.o (InitPitOSSem(int, os_sem*, int))
/nburn/lib/MOD5441X.a(localio.o)
                              /nburn/lib/MOD5441X.a(serial.o) (GetUartRecord)
/nburn/lib/NetBurner.a(ucosmcfa.o)
                              /nburn/lib/MOD5441X.a(bsp.o) (OSCtxSw)
/nburn/lib/NetBurner.a(software_init.o)
                              c:/nburn/gcc-m68k/bin/../lib/gcc/m68k-elf/4.2.1/../../../../m68k-elf/lib/m5206e\nb-crt0.o (software_init_hook)
/nburn/lib/NetBurner.a(ucos.o)
                              /nburn/lib/MOD5441X.a(serial.o) (OSIntNesting)
/nburn/lib/NetBurner.a(ucosflags.o)
                              /nburn/lib/MOD5441X.a(pitr_sem.o) (OSFlagSet)
/nburn/lib/NetBurner.a(ucosmain.o)
                              /nburn/lib/MOD5441X.a(bsp.o) (critical_count)
/nburn/lib/NetBurner.a(fileio.o)
                              /nburn/lib/MOD5441X.a(serial.o) (ReplaceStdio)
/nburn/lib/NetBurner.a(system.o)
                              /nburn/lib/MOD5441X.a(serial.o) (rnd_cnt)
/nburn/lib/NetBurner.a(main.o)
                              c:/nburn/gcc-m68k/bin/../lib/gcc/m68k-elf/4.2.1/../../../../m68k-elf/lib/m5206e\nb-crt0.o (main)
/nburn/lib/NetBurner.a(utils.o)
                              /nburn/lib/NetBurner.a(system.o) (AsciiToIp)
/nburn/lib/NetBurner.a(ip.o)  Serial_Test_ROS.o (InitializeStack(unsigned long, unsigned long, unsigned long, unsigned long))
/nburn/lib/NetBurner.a(buffers.o)
                              /nburn/lib/NetBurner.a(ip.o) (FreeBuffer)
/nburn/lib/NetBurner.a(arp.o)
                              /nburn/lib/NetBurner.a(ip.o) (wArpLifetime)
/nburn/lib/NetBurner.a(udp.o)
                              /nburn/lib/NetBurner.a(ip.o) (process_udp(pool_buffer*, IPPKT*, unsigned short))
/nburn/lib/NetBurner.a(tcp.o)
                              /nburn/lib/NetBurner.a(ip.o) (DumpTcpPacket(IPPKT*))
/nburn/lib/NetBurner.a(extraio.o)
                              /nburn/lib/MOD5441X.a(serial.o) (GetExtraFD)
/nburn/lib/NetBurner.a(iosys.o)
                              /nburn/lib/MOD5441X.a(serial.o) (FD_ZERO)
/nburn/lib/NetBurner.a(autoip.o)
                              /nburn/lib/NetBurner.a(arp.o) (AutoIPClient::addressCollision())
/nburn/lib/NetBurner.a(defappname.o)
                              /nburn/lib/NetBurner.a(udp.o) (AppName)
/nburn/lib/NetBurner.a(netinterface.o)
                              /nburn/lib/NetBurner.a(ip.o) (GetFirstInterface())
/nburn/lib/NetBurner.a(taskmon.o)
                              Serial_Test_ROS.o (EnableTaskMonitor())
/nburn/lib/NetBurner.a(smarttrap.o)
                              Serial_Test_ROS.o (EnableSmartTraps())
/nburn/lib/NetBurner.a(autoupdate.o)
                              Serial_Test_ROS.o (EnableAutoUpdate)
/nburn/lib/NetBurner.a(device.o)
                              /nburn/lib/NetBurner.a(main.o) (DeviceInitializeSem)
/nburn/lib/NetBurner.a(ucosmcfc.o)
                              /nburn/lib/NetBurner.a(ucos.o) (OSTaskCreatewName)
/nburn/lib/NetBurner.a(new_ops.o)
                              /nburn/lib/NetBurner.a(autoip.o) (operator new(unsigned long))
/nburn/lib/MOD5441X.a(ethernet.o)
                              /nburn/lib/NetBurner.a(netinterface.o) (AddEthernetInterface())
/nburn/lib/MOD5441X.a(etherprint.o)
                              /nburn/lib/MOD5441X.a(ethernet.o) (EtherLink())
/nburn/lib/MOD5441X.a(emulticast.o)
                              /nburn/lib/MOD5441X.a(ethernet.o) (EthEnableMulticast(MACADR))
/nburn/lib/NetBurner.a(netrx.o)
                              /nburn/lib/MOD5441X.a(ethernet.o) (NetDoRX(pool_buffer*, unsigned short, int))
c:/nburn/gcc-m68k/bin/../lib/gcc/m68k-elf/4.2.1/../../../../m68k-elf/lib/m5206e\libc.a(lib_a-cxa_atexit.o)
                              /nburn/lib/MOD5441X.a(serial.o) (__cxa_atexit)
c:/nburn/gcc-m68k/bin/../lib/gcc/m68k-elf/4.2.1/../../../../m68k-elf/lib/m5206e\libc.a(lib_a-errno.o)
                              /nburn/lib/NetBurner.a(fileio.o) (__errno)
c:/nburn/gcc-m68k/bin/../lib/gcc/m68k-elf/4.2.1/../../../../m68k-elf/lib/m5206e\libc.a(lib_a-fiprintf.o)
                              /nburn/lib/MOD5441X.a(serial.o) (fiprintf)
c:/nburn/gcc-m68k/bin/../lib/gcc/m68k-elf/4.2.1/../../../../m68k-elf/lib/m5206e\libc.a(lib_a-impure.o)
                              /nburn/lib/NetBurner.a(ucosmain.o) (_impure_ptr)
c:/nburn/gcc-m68k/bin/../lib/gcc/m68k-elf/4.2.1/../../../../m68k-elf/lib/m5206e\libc.a(lib_a-iprintf.o)
                              /nburn/lib/NetBurner.a(system.o) (iprintf)
[...]
Memory Configuration

Name             Origin             Length             Attributes
ram              0x40000400         0x03fffcff         xrw
SRAM             0x80000400         0x0000fbf0         xrw
*default*        0x00000000         0xffffffff

Linker script and memory map

LOAD c:/nburn/gcc-m68k/bin/../lib/gcc/m68k-elf/4.2.1/../../../../m68k-elf/lib/m5206e\nb-crt0.o
LOAD c:/nburn/gcc-m68k/bin/../lib/gcc/m68k-elf/4.2.1/m5206e/crtbegin.o
LOAD Serial_Test_ROS.o
LOAD PINS_Definations.o
LOAD /nburn/MOD5441X/lib/sys.ld
                0x40000000                ovector_base = 0x40000000
                0x80000000                vector_base = 0x80000000
                0x80000400                SRAM_START_ADDR = 0x80000400
                0x80010000                SRAM_END_ADDR = 0x80010000
                0xc0000000                gConfigRec = 0xc0000000
                0xc0020000                UserParamBase = 0xc0020000
                0xc0040000                FlashAppBase = 0xc0040000
                0xec008000                sim1 = 0xec008000
                0xfc004000                sim2 = 0xfc004000
                0xfc0d4008                DBETHER_EMIR_REG = 0xfc0d4008
START GROUP
LOAD /nburn/lib/MOD5441X.a
LOAD /nburn/lib/NetBurner.a
LOAD /nburn/lib/FatFile.a
LOAD C:\nburn\lib\debugLibrary.a
LOAD C:\nburn\lib\Lua_Full.a
LOAD C:\nburn\lib\nb-libxively.a
LOAD C:\nburn\lib\nbwifilib.a
LOAD C:\nburn\lib\webclient.a
END GROUP
LOAD c:/nburn/gcc-m68k/bin/../lib/gcc/m68k-elf/4.2.1/../../../../m68k-elf/lib/m5206e\libstdc++.a
LOAD c:/nburn/gcc-m68k/bin/../lib/gcc/m68k-elf/4.2.1/../../../../m68k-elf/lib/m5206e\libm.a
LOAD c:/nburn/gcc-m68k/bin/../lib/gcc/m68k-elf/4.2.1/m5206e\libgcc.a
LOAD c:/nburn/gcc-m68k/bin/../lib/gcc/m68k-elf/4.2.1/../../../../m68k-elf/lib/m5206e\libc.a
LOAD c:/nburn/gcc-m68k/bin/../lib/gcc/m68k-elf/4.2.1/m5206e\libgcc.a
LOAD c:/nburn/gcc-m68k/bin/../lib/gcc/m68k-elf/4.2.1/m5206e/crtend.o
START GROUP
LOAD c:/nburn/gcc-m68k/bin/../lib/gcc/m68k-elf/4.2.1/../../../../m68k-elf/lib/m5206e\libc.a
LOAD c:/nburn/gcc-m68k/bin/../lib/gcc/m68k-elf/4.2.1/m5206e\libgcc.a
LOAD c:/nburn/gcc-m68k/bin/../lib/gcc/m68k-elf/4.2.1/../../../../m68k-elf/lib/m5206e\libm.a
END GROUP
                0x00000000                __DYNAMIC = 0x0
                0x44000000                PROVIDE (__stack, 0x44000000)
                0x00000000                PROVIDE (hardware_init_hook, 0x0)
                0x00000000                PROVIDE (_hardware_init_hook, 0x0)
                0x00000000                PROVIDE (software_init_hook, 0x0)
                0x00000000                PROVIDE (_software_init_hook, 0x0)

.SRAM_SECT      0x80000400     0x88f0
                0x80000400                SRAM_START = .
 *(SYS_VAR_SECT)
 SYS_VAR_SECT   0x80000400      0x238 /nburn/lib/NetBurner.a(ucos.o)
                0x8000052c                TimeTick
                0x8000051c                OSLockNesting
                0x80000526                OSRunning
                0x80000508                OSTCBList
                0x80000530                OSMapTbl
                0x80000528                Secs
                0x80000514                OSTCBFreeList
                0x80000524                OSISRLevel
                0x80000510                OSTCBHighRdy
                0x80000520                OSRdyGrp
                0x80000538                OSUnMapTbl
                0x80000500                OSRdyTbl
                0x80000518                OSIntNesting
                0x8000050c                OSTCBCur
                0x80000400                OSTCBPrioTbl
 SYS_VAR_SECT   0x80000638      0x1ac /nburn/lib/NetBurner.a(ucosmain.o)
                0x80000638                OSTcbStructSize
                0x80000650                critical_count
                0x80000654                OSTCBTbl
 SYS_VAR_SECT   0x800007e4       0x1c /nburn/lib/NetBurner.a(fileio.o)
                0x800007fc                pExtraFdFunc
 SYS_VAR_SECT   0x80000800       0x20 /nburn/lib/NetBurner.a(iosys.o)
                0x80000800                read_file_sets
                0x80000810                error_file_sets
                0x80000808                write_file_sets
                0x80000820                SYS_VAR_SECT_END = .
                0x80000820                . = ALIGN (0x10)
 *(IDLE_STK_SECT)
                0x80000820                IDLE_STK_SECT_END = .
                0x80000820                . = ALIGN (0x10)
 *(MAIN_STK_SECT)
 MAIN_STK_SECT  0x80000820     0x2000 /nburn/lib/NetBurner.a(main.o)
                0x80000820                MainStk
                0x80002820                MAIN_STK_SECT_END = .
                0x80002820                . = ALIGN (0x4)
 *(ETHER_VAR_SECT)
 ETHER_VAR_SECT
                0x80002820      0x110 /nburn/lib/MOD5441X.a(ethernet.o)
                0x800028f6                TxcPosts
                0x800028fa                TxcSems
                0x80002820                EthernetMac
                0x800028ee                LastIsrStatus
                0x80002850                RxBD
                0x800028e0                TxBDFlag
                0x800028fe                RxIsr
                0x8000290c                PHY_addr
                0x800028f2                RxPosts
                0x8000290e                PHY_ID
                0x80002906                bEthLink
                0x800028d4                RxBDFlag
                0x800028ea                last_rxbd
                0x800028a0                RxBDpp
                0x80002908                phy_data_pd
                0x80002826                nTx
                0x80002902                TxIsr
                0x800028c8                TxBDpp
                0x80002830                TxBD
                0x80002930                ETHER_VAR_SECT_END = .
                0x80002930                . = ALIGN (0x10)
 *(ETHER_STK_SECT)
 ETHER_STK_SECT
                0x80002930     0x2000 /nburn/lib/MOD5441X.a(ethernet.o)
                0x80002930                EtherSendStk
                0x80004930                ETHER_STK_SECT_END = .
                0x80004930                . = ALIGN (0x4)
 *(IP_VAR_SECT)
 IP_VAR_SECT    0x80004930      0x2fe /nburn/lib/NetBurner.a(ip.o)
                0x8000494e                pDHCPServerTick
                0x80004932                bTTL_Default
                0x80004c26                next_arp_time
                0x80004934                ipRxFifo
                0x8000496a                multi_home_if_record
                0x80004946                IcmpFifo
                0x80004966                nAdditional_Homes
                0x80004930                wGlobalPktId
                0x8000495a                pPromisciousPacketFunc
                0x80004962                pFragFunc
                0x8000495e                pMultiCastFunc
                0x80004c2a                delay
                0x80004956                pAutoIPTick
                0x80004952                pMultiTick
                0x8000494a                pDHCPTick
                0x80004992                multi_if_block
 IP_VAR_SECT    0x80004c2e       0x78 /nburn/lib/NetBurner.a(udp.o)
                0x80004ca2                UdpNetbiosNameServicePtr
                0x80004c9a                pDHCPServerProcessFunction
                0x80004c2e                udp_fifos
                0x80004c96                pDHCPProcessFunction
                0x80004c9e                pTaskPacketFunc
                0x80004c92                UDP_fifos_used
                0x80004ca6                IP_VAR_SECT_END = .
                0x80004cb0                . = ALIGN (0x10)
 *fill*         0x80004ca6        0xa 00
 *(IP_STK_SECT)
 IP_STK_SECT    0x80004cb0     0x2000 /nburn/lib/NetBurner.a(ip.o)
                0x80004cb0                IPStk
                0x80006cb0                IP_STK_SECT_END = .
                0x80006cb0                . = ALIGN (0x4)
 *(TCP_VAR_SECT)
 TCP_VAR_SECT   0x80006cb0       0x1e /nburn/lib/NetBurner.a(tcp.o)
                0x80006cc0                TCP_TimerSemaphore
                0x80006cb0                TCP_critical_section
                0x80006cce                TCP_VAR_SECT_END = .
                0x80006cd0                . = ALIGN (0x10)
 *fill*         0x80006cce        0x2 00
 *(TCP_STK_SECT)
 TCP_STK_SECT   0x80006cd0     0x2000 /nburn/lib/NetBurner.a(tcp.o)
                0x80006cd0                TCPStk
                0x80008cd0                TCP_STK_SECT_END = .
                0x80008cd0                . = ALIGN (0x10)
 *(HTTP_STK_SECT)
                0x80008cd0                HTTP_STK_SECT_END = .
                0x80008cd0                . = ALIGN (0x10)
 *(FTP_STK_SECT)
                0x80008cd0                FTP_STK_SECT_END = .
                0x80008cd0                . = ALIGN (0x10)
 *(WIFI_STK_SECT)
                0x80008cd0                WIFI_STK_SECT_END = .
                0x80008cd0                . = ALIGN (0x10)
 *(PPP_STK_SECT)
                0x80008cd0                PPP_STK_SECT_END = .
                0x80008cd0                . = ALIGN (0x10)
 *(COMMAND_STK_SECT)
                0x80008cd0                COMMAND_STK_SECT_END = .
                0x80008cd0                . = ALIGN (0x4)
 *(USER_VAR_SECT)
                0x80008cd0                USER_VAR_SECT_END = .
                0x80008cd0                . = ALIGN (0x10)
 *(USER_STK_SECT)
                0x80008cd0                USER_STK_SECT_END = .
                0x80008cd0                BUFFERS_SECT_START = .
                0x80008cd0                . = ALIGN (0x10)
 *(BUFFERS_VAR_SECT)
 BUFFERS_VAR_SECT
                0x80008cd0       0x1c /nburn/lib/NetBurner.a(buffers.o)
                0x80008cd0                FAST_BUFFER_POOL_SIZE
                0x80008cde                free_fast_list
                0x80008ce8                free_list_is_initialized
                0x80008cd4                free_list
                0x80008cf0                . = ALIGN (0x10)
 *fill*         0x80008cec        0x4 00
                0x80008cf0                BUFFERS_VAR_SECT_END = .
                0x80008cf0                . = ALIGN (0x10)
                0x80008cf0                SRAM_END = .

.text           0x40000400    0x1e930
 *(.text)
 .text          0x40000400       0xaa c:/nburn/gcc-m68k/bin/../lib/gcc/m68k-elf/4.2.1/../../../../m68k-elf/lib/m5206e\nb-crt0.o
                0x40000400                start
 *fill*         0x400004aa        0x2 00
 .text          0x400004ac       0x9c c:/nburn/gcc-m68k/bin/../lib/gcc/m68k-elf/4.2.1/m5206e/crtbegin.o
 .text          0x40000548       0xf8 Serial_Test_ROS.o
                0x40000548                UserMain
 .text          0x40000640       0x2c PINS_Definations.o
                0x40000640                initPINS
 .text          0x4000066c      0x3f8 /nburn/lib/MOD5441X.a(bsp.o)
                0x400008a8                GetUserParameters
                0x40000804                _sbrk_r
                0x40000948                HardwareSetup
                0x40000754                DisableCache
                0x4000085c                spaceleft
                0x40000670                Tick5441X
                0x4000092c                ForceReboot
                0x40000894                BspGetTickFraction
                0x4000066c                xTick
                0x40000850                atexit
                0x400008b8                SaveUserParameters
                0x400007cc                EnableCache
                0x4000068c                SetIntc
 .text          0x40000a64      0x1b2 /nburn/lib/MOD5441X.a(flash.o)
                0x40000adc                FlashProgram
                0x40000a64                FlashErase
 *fill*         0x40000c16        0x2 00
 .text          0x40000c18     0x1d9e /nburn/lib/MOD5441X.a(serial.o)
                0x40000c44                WakeTx(int)
                0x40000c18                FdSerialMap(int)
                0x40001ba4                SerialClose
                0x40001234                fake_SER_7_ISR()
                0x400028b8                real_SER_5_ISR
                0x40001b30                SendBreak
                0x40002368                OpenSerial
                0x40001668                GetUartErrorReg
                0x40000fa8                fake_SER_0_ISR()
                0x4000128c                SER_8_ISR
                0x40001050                real_SER_1_ISR
                0x400028f8                real_SER_4_ISR
                0x400018b0                fShowSerialData(__sFILE*)
                0x400027f8                real_SER_8_ISR
                0x4000118c                fake_SER_5_ISR()
                0x400011e4                SER_6_ISR
                0x40001090                fake_SER_2_ISR()
                0x400017e0                SerialSendComplete
                0x40001330                SerialEnableTxFlow
                0x40001378                SerialEnableRxFlow
                0x40002838                real_SER_7_ISR
                0x40000cd8                DoSerIsr(int)
                0x40001564                Serial485HalfDupMode
                0x40002938                real_SER_3_ISR
                0x400012e0                SER_9_ISR
                0x400010e8                SER_3_ISR
                0x400012dc                fake_SER_9_ISR()
                0x40001190                SER_5_ISR
                0x4000277c                real_SER_0_ISR
                0x400014b4                SerialEnableHwRxFlow
                0x40001e84                serread
                0x400021a4                BasePutChar(int, unsigned char)
                0x40001ea0                BaseGetChar(int)
                0x40002978                real_SER_2_ISR
                0x4000113c                SER_4_ISR
                0x40001000                SER_1_ISR
                0x40001c98                serreadwto
                0x400022c8                InitializeMaps()
                0x40000fac                SER_0_ISR
                0x400020a8                serwriteaddress
                0x40001238                SER_7_ISR
                0x400027b8                real_SER_9_ISR
                0x40001f60                serwrite
                0x40001860                SerialExpandRxBuffer(int, int)
                0x40001c74                serexternalclose
                0x400011e0                fake_SER_6_ISR()
                0x40001094                SER_2_ISR
                0x40001138                fake_SER_4_ISR()
                0x40001288                fake_SER_8_ISR()
                0x40000ffc                fake_SER_1_ISR()
                0x400010e4                fake_SER_3_ISR()
                0x40002878                real_SER_6_ISR
                0x400013c4                SerialEnableHwTxFlow
 *fill*         0x400029b6        0x2 00
 .text          0x400029b8      0x25e /nburn/lib/MOD5441X.a(pitr_sem.o)
                0x400029bc                NbPit1_ISR
                0x40002b38                InitPitOSFlag(int, os_flags*, unsigned long, int)
                0x40002b78                real_NbPit2_ISR
                0x40002bc8                real_NbPit1_ISR
                0x40002b5c                InitPitOSSem(int, os_sem*, int)
                0x400029b8                fake_NbPit1_ISR()
                0x40002a10                NbPit2_ISR
                0x40002a0c                fake_NbPit2_ISR()
                0x40002a60                ConfigurePitTimer(int, int)
 *fill*         0x40002c16        0x2 00
 .text          0x40002c18       0xbc /nburn/lib/MOD5441X.a(localio.o)
                0x40002c18                GetUartRecord
                0x40002c5c                GetDefUart
                0x40002c70                LocalInByte
                0x40002c8c                LocalOutByte
                0x40002cc0                LocalCharAvail
 *fill*         0x40002cd4        0xc 00
 .text          0x40002ce0      0x44a /nburn/lib/NetBurner.a(ucosmcfa.o)
                0x40002dc0                OSDebugTraceHalt
                0x40002ce0                OSStartHighRdy
                0x40002dd0                TrapOutByte
                0x40002e00                memcpy
                0x40002e00                fmemcpy
                0x40002d00                OSCtxSw
                0x40002df0                TrapCharAvail
                0x40002d30                OSIntCtxSw
                0x40002de0                TrapInByte
                0x40002d60                OSTickISR
                0x40002ed0                memcpysum
                0x40002da0                OSSetupVBR
                0x40003100                GetSR_IntLevel
                0x40003060                memset
                0x40003060                fmemset
                0x40003110                SetSR_IntLevel
 *fill*         0x4000312a        0x2 00
 .text          0x4000312c        0x8 /nburn/lib/NetBurner.a(software_init.o)
                0x4000312c                software_init_hook
 .text          0x40003134     0x1e0c /nburn/lib/NetBurner.a(ucos.o)
                0x40004ae0                OSCritEnterNoWait
                0x400031e4                UCOSWAITS_HERE
                0x4000478c                OSFifoPostFirst
                0x40004b54                OSCritLeave
                0x400048ec                getpid
                0x400033f0                OSLock
                0x4000425c                OSQPostFirst
                0x40004c6c                OSTaskID
                0x40004048                OSQPendNoWait
                0x40004c84                OSSetName
                0x40004cac                OSIntExit
                0x40003874                OSSemPendNoWait
                0x4000355c                OSTaskDelete
                0x40003418                OSUnlock
                0x40004904                OSCritInit
                0x400040c4                OSQPost
                0x40004940                OSCritEnter
                0x40004448                OSFifoPend
                0x400036d4                OSSemPend
                0x40003a40                OSMboxInit
                0x40003c7c                OSMboxPost
                0x400043fc                OSFifoInit
                0x40003e60                OSQPend
                0x40003160                OSSched
                0x4000321c                OSTimeDly
                0x400038b4                OSSemPost
                0x40003458                OSChangePrio
                0x400033c0                OSTCBGetFree
                0x400031f4                OSIntEnterWAS
                0x40003c34                OSMboxPendNoWait
                0x4000462c                OSFifoPost
                0x40003674                OSSemInit
                0x40004d48                OSStart
                0x400032d4                OSTimeTick
                0x40003dec                OSQInit
                0x40004c98                OSTaskName
                0x400045dc                OSFifoPendNoWait
                0x40003a94                OSMboxPend
                0x40004dc4                OSInit
                0x400032b4                OSChangeTaskDly
 .text          0x40004f40      0x318 /nburn/lib/NetBurner.a(ucosflags.o)
                0x4000503c                OSFlagPendAnyNoWait
                0x4000516c                OSFlagPendAny
                0x40004fe8                OSFlagState
                0x40004fc4                OSFlagCreate
                0x400050d8                OSFlagPendAll
                0x40005200                OSFlagClear
                0x4000522c                OSFlagSet
                0x40005010                OSFlagPendAllNoWait
 .text          0x40005258      0x1b8 /nburn/lib/NetBurner.a(ucosmain.o)
                0x40005334                __malloc_unlock
                0x40005258                UCosBegin
                0x40005354                balloc_lock
                0x40005394                UCosSetup
                0x40005318                balloc_unlock
                0x40005374                __malloc_lock
 .text          0x40005410      0x5f8 /nburn/lib/NetBurner.a(fileio.o)
                0x400055a0                ioctl
                0x40005410                isatty
                0x400054f8                CurrentStdioFD
                0x40005570                lseek
                0x40005448                ReplaceStdio
                0x4000560c                write
                0x4000542c                fstat
                0x4000573c                rawwrite
                0x40005948                stdioinbyte
                0x400057c0                read
                0x40005528                outbyte
                0x40005588                open
                0x40005540                charavail
                0x4000551c                fcntl
                0x400059c0                close
 .text          0x40005a08      0x684 /nburn/lib/NetBurner.a(system.o)
                0x40005d8c                UpdateConfigRecord_Num
                0x40005a5c                RawGetConfig
                0x40005a08                isvalidcr
                0x40005f48                SetupDialog
                0x40005b18                ReadLine
                0x40005f34                UpdateConfigRecord
                0x40005a88                GetValidConfig
                0x40005cd8                IpQuestion
                0x40005ab0                ShowChange
 .text          0x4000608c       0x78 /nburn/lib/NetBurner.a(main.o)
                0x400060c4                main
                0x4000608c                __do_global_ctors
 .text          0x40006104      0xc84 /nburn/lib/NetBurner.a(utils.o)
                0x40006af0                fShowMac
                0x400062f4                FancyDump(unsigned char*, int)
                0x40006c24                ShowCounters
                0x4000623c                convertHexAsciiToBinary
                0x400064b4                ShowData
                0x40006b4c                snShowIP
                0x40006104                kill
                0x40006c8c                fShowCounters
                0x40006ab0                fShowIP
                0x40006114                _fini
                0x40006420                ShowIP
                0x40006120                AsciiToIp
                0x40006d04                sShowCounters
                0x40006bf0                DiagMenuPicker(int, unsigned char)
                0x4000645c                ShowMac
                0x400061a4                convertBinaryToHexAscii
                0x400062dc                __builtin_delete
                0x4000610c                _exit
                0x40006b90                snShowMac
 .text          0x40006d88     0x1aaa /nburn/lib/NetBurner.a(ip.o)
                0x400071d8                FixUpICMP(IPPKT*, unsigned char, unsigned char, unsigned char*, unsigned short)
                0x40006f48                IsMultiCast(unsigned long)
                0x40007b78                FixHeaderAndSend(pool_buffer*, IPPKT*)
                0x400074ec                DoIPPacket(pool_buffer*, EFRAME*, unsigned short)
                0x40006e44                GetSum20
                0x40007e74                PingViaInterface
                0x4000748c                SaveError(pool_buffer*)
                0x400077fc                process_icmp(pool_buffer*, IPPKT*, unsigned short)
                0x40007084                IpProcessEthernetPacket
                0x400076b0                FixHeaderAndSendViaInterface(pool_buffer*, IPPKT*, int)
                0x400080f0                ShowIPBuffer(pool_buffer*)
                0x40007cd8                SendICMPError(pool_buffer*, unsigned char, unsigned char)
                0x400072f0                InitializeStack(unsigned long, unsigned long, unsigned long, unsigned long)
                0x40006f98                GetData(IPPKT*)
                0x40007414                InitializeCStack
                0x40007f84                Ping
                0x40006d88                GetSum
                0x40007420                GetMultiHomeInterface(unsigned long, int)
                0x400074d0                IsMyIp
                0x40007294                IsBroadCast(unsigned long, int)
                0x40007240                KillStack
                0x40006fc4                PrepareIPOutput(pool_buffer*, unsigned long, unsigned short)
                0x40006f68                GetMultiAddress(unsigned long)
                0x40007dac                SendPing
                0x40006e7c                GetSumHdr
                0x4000724c                IsLocal(unsigned long, int)
                0x40007fb8                GetLocalIPInterface(unsigned long)
                0x40008010                AddInterface(unsigned long, unsigned long, unsigned long, int)
                0x40007918                IPTask(void*)
 *fill*         0x40008832        0x2 00
 .text          0x40008834      0xef8 /nburn/lib/NetBurner.a(buffers.o)
                0x40008918                FreeBufferList
                0x40008d24                fifo_buffer_storage::Full()
                0x40008e14                ShowBuffer
                0x400090f8                fifo_buffer_storage::Reset(unsigned char)
                0x40008948                InitBuffers
                0x40008a74                buffer_list::InsertBefore(pool_buffer*, pool_buffer*)
                0x40008c4c                GetBuffer
                0x40008df4                fifo_buffer_storage::fifo_buffer_storage(unsigned char, unsigned char)
                0x40008d0c                fifo_buffer_storage::Empty()
                0x40009570                fifo_buffer_storage::ReadDatawSum(unsigned char*, int, unsigned long&)
                0x40008cf8                fifo_buffer_storage::SpaceUsed()
                0x40008834                ShowBuffers()
                0x40008860                buffer_list::InsertHead(pool_buffer*)
                0x40008f40                GetFreeCount
                0x40008844                IncUsageCount
                0x40008dd4                fifo_buffer_storage::fifo_buffer_storage(unsigned char, unsigned char)
                0x40008a10                buffer_list::InsertTail(pool_buffer*)
                0x400091b8                fifo_buffer_storage::~fifo_buffer_storage()
                0x400092a8                fifo_buffer_storage::SetMaxBuffers(unsigned char)
                0x40008fb8                fifo_buffer_storage::ReadData(unsigned char*, int)
                0x40008d6c                fifo_buffer_storage::Init(unsigned char, unsigned char)
                0x4000883c                DumpBuffers()
                0x40008be4                buffer_list::RemoveHead()
                0x40008b5c                buffer_list::Remove(pool_buffer*)
                0x40008c98                buffer_list::RemoveTail()
                0x400091cc                fifo_buffer_storage::LongSpaceAvail()
                0x40009338                fifo_buffer_storage::WriteData(unsigned char*, int)
                0x400088d0                FreeBuffer
                0x40008ae8                buffer_list::InsertAfter(pool_buffer*, pool_buffer*)
                0x40009284                fifo_buffer_storage::SpaceAvail()
                0x400091a4                fifo_buffer_storage::~fifo_buffer_storage()
 .text          0x4000972c     0x1922 /nburn/lib/NetBurner.a(arp.o)
                0x4000a460                FindAddArp(unsigned long)
                0x40009888                sendGratuitousArp(int)
                0x40009754                MacEqual(MACADR, MACADR)
                0x40009a90                InitializeArp()
                0x40009b38                FindArp(unsigned long)
                0x40009d94                SendArp(ArpRecord*, int)
                0x40009a44                GetInterface(unsigned long)
                0x4000ad44                AddCheckArp(MACADR*, unsigned long, int)
                0x400097b4                SetMac(ArpRecord*, MACADR, int)
                0x4000a29c                DeleteArpFromIp(unsigned long)
                0x40009c3c                GetArpMacFromIp(unsigned long, MACADR&)
                0x4000a86c                RouteOutVia(EFRAME*, unsigned long, pool_buffer*, int)
                0x40009cf0                GetProperInterface(unsigned long)
                0x4000a3b0                FreeOneArp()
                0x4000add0                processArp(pool_buffer*, EFRAME*)
                0x4000984c                NeedsArp(int)
                0x40009ec4                GetNextArp(ArpRecord*)
                0x40009958                RawSendArp(ArpRecord*, unsigned long, int)
                0x4000a2bc                AgeArp()
                0x4000aa8c                RouteOut(EFRAME*, unsigned long, pool_buffer*)
                0x40009f8c                ShowArp()
                0x4000a0cc                DeleteArp(ArpRecord*)
                0x40009f34                GetFirstArp()
                0x40009e00                GetSrcIp
                0x4000a6fc                IsMyAddressUsedArpDetect(unsigned short, int)
                0x4000974c                Cleanup()
                0x4000972c                IsNull(ArpRecord*)
                0x4000a020                fShowArp(__sFILE*)
                0x40009c94                AddPending(MACADR*, unsigned long, int)
 *fill*         0x4000b04e        0x2 00
 .text          0x4000b050     0x13dc /nburn/lib/NetBurner.a(udp.o)
                0x4000b918                UDPPacket::Send(unsigned long, unsigned char)
                0x4000b198                UDPPacket::SetDestinationPort(unsigned short)
                0x4000b25c                UDPPacket::GetPacketId()
                0x4000b2a8                UDPPacket::GetSourceAddress()
                0x4000c064                UDPPacket::UDPPacket()
                0x4000b654                UDPPacket::AddDataByte(unsigned char)
                0x4000ba30                UDPPacket::SendAndKeep(unsigned long, unsigned char)
                0x4000b2cc                RegisterUDPFifo(unsigned short, os_fifo*)
                0x4000b69c                UDPPacket::AddData(char const*)
                0x4000b0c4                UDPPacket::UDPPacket(pool_buffer*)
                0x4000b75c                UDPPacket::SendViaInterface(unsigned long, int, unsigned char)
                0x4000b244                UDPPacket::GetIpPacket()
                0x4000b884                UDPPacket::SendVia(unsigned long, unsigned long, unsigned char)
                0x4000baa0                UDPPacket::~UDPPacket()
                0x4000b050                GetUdpFifoRec(unsigned short)
                0x4000b1d4                UDPPacket::GetDataBuffer()
                0x4000b394                RegisterUDPFifoWithNotify(unsigned short, os_fifo*, void (*)(os_fifo*, unsigned short))
                0x4000b110                UDPPacket::UDPPacket(pool_buffer*)
                0x4000b208                UDPPacket::GetDataSize() const
                0x4000bb0c                ProcessIDPacket(UDPPacket&, int)
                0x4000b678                UDPPacket::AddDataWord(unsigned short)
                0x4000c0a8                process_udp(pool_buffer*, IPPKT*, unsigned short)
                0x4000b6cc                UDPPacket::Validate()
                0x4000b1b4                UDPPacket::GetDestinationPort() const
                0x4000b5a8                UDPPacket::AddData(unsigned char const*, unsigned short)
                0x4000b45c                UnregisterUDPFifo(unsigned short)
                0x4000c36c                UDPPacket::UDPPacket(os_fifo*, unsigned long)
                0x4000b1e8                UDPPacket::SetDataSize(unsigned short)
                0x4000b524                FixIDDataPacket(UDPPacket&, _InterfaceBlock*)
                0x4000b230                UDPPacket::ResetData()
                0x4000ba78                UDPPacket::~UDPPacket()
                0x4000c3cc                UDPPacket::UDPPacket(os_fifo*, unsigned long)
                0x4000b8c4                UDPPacket::SendAndKeepVia(unsigned long, unsigned long, unsigned char)
                0x4000b15c                UDPPacket::SetSourcePort(unsigned short)
                0x4000b178                UDPPacket::GetSourcePort() const
                0x4000b580                FixIDDataPacket(UDPPacket&, int)
                0x4000bac8                UDPPacket::UDPPacket()
                0x4000b284                UDPPacket::GetDestinationAddress()
 .text          0x4000c42c     0x5406 /nburn/lib/NetBurner.a(tcp.o)
                0x4000dad4                SendTcpRst(IPPKT*)
                0x4000ca68                GetTcpState(int)
                0x4000dd84                InitTCP()
                0x4000e868                _Socket_Private_read
                0x4000ca1c                ShortSocketList::ShortSocketList()
                0x4000cac8                SetOutOfOrderbuffers(int, unsigned char)
                0x4000c69c                GetSocketRemotePort(int)
                0x4000d23c                socket_struct::MyAdvertisedWindow()
                0x4000d0d8                SetSocketTxBuffers(int, int)
                0x4000c7b0                setsockoption(int, int)
                0x4000d588                TcpSend(socket_struct*, unsigned long, pool_buffer*, unsigned short, unsigned char)
                0x400109b4                TCPTimerTask(void*)
                0x400111a4                process_tcp(pool_buffer*, IPPKT*, unsigned short)
                0x4000eec4                socket_struct::ProcessRST()
                0x40011768                NoBlockconnectvia(unsigned long, unsigned short, unsigned short, unsigned long)
                0x4000cb0c                TcpGetLastRxTime(int)
                0x4000efe0                abortsocket
                0x4000f3c4                socket_struct::ProcessDataSegment(TCPPKT*, unsigned short, unsigned char*, pool_buffer*&)
                0x400115c0                connectvia(unsigned long, unsigned short, unsigned short, unsigned long, unsigned long)
                0x4000e39c                HashSocketList::RemoveSocket(socket_struct*) const
                0x4000fa5c                _Socket_Private_write
                0x4000c7e8                getsockoption(int)
                0x400100a4                socket_struct::ProcessAck(TCPPKT*)
                0x4000e884                socket_struct::SaveData(unsigned char*, unsigned short, unsigned char)
                0x4000e08c                GetTcpRtxCount(int)
                0x4000c590                fixoverlap(unsigned long, unsigned long, unsigned long&, unsigned long&)
                0x4000eb64                socket_struct::SetTimer(unsigned long)
                0x40011740                connect(unsigned long, unsigned short, unsigned short, unsigned long)
                0x4000c874                HashSocketList::HashSocketList()
                0x4000e5e0                GetTcpSocket(TCPPKT*, unsigned long)
                0x400117b8                NoBlockConnect(unsigned long, unsigned short, unsigned short, unsigned long)
                0x4000cd58                TcpGetRxBufferSpaceUsed(int)
                0x4000f6a4                socket_struct::DoRawSend()
                0x4000cd98                ShowFdTcpSocket(int)
                0x4000d05c                socket_struct::ClearPending(int)
                0x4000e100                ShortSocketList::findsocket(unsigned short, unsigned short, unsigned long) const
                0x400116b8                connect(unsigned long, unsigned short, unsigned short, unsigned long, unsigned long)
                0x4000e018                TcpSendKeepAlive(int)
                0x4000c60c                getsocketerror(int)
                0x4000c85c                EnableTcpDebug(unsigned short)
                0x400108c0                socket_struct::ProcessTimer()
                0x4000f580                socket_struct::SetUpNextRetransmit()
                0x4000c86c                HashSocketList::HashSocketList()
                0x4000e698                SockReadWithTimeout
                0x4000dd18                GetFreeSocketCount()
                0x40010350                socket_struct::ProcessFIN(TCPPKT*, unsigned short)
                0x4000d2b4                FixHeaderAndSendTcp(pool_buffer*, IPPKT*, socket_struct*)
                0x4000c818                setsocketackbuffers(int, unsigned char)
                0x4000c790                socket_struct::CleanUpDeletedListener()
                0x4000c54c                FindListenSocket(unsigned short, unsigned long)
                0x4000d3c0                TcpSendwSum(socket_struct*, unsigned long, pool_buffer*, unsigned short, unsigned char, unsigned long)
                0x4000ebe4                socket_struct::DoCleanup()
                0x4000e974                socket_struct::TestOutofOrder()
                0x4000cb7c                TcpGetLastRxInterval(int)
                0x4000c42c                GetFirstSeq()
                0x4000df84                FREESOCKET(socket_struct*)
                0x4000edbc                ShortSocketList::AddSocket(socket_struct*)
                0x4000ff88                socket_struct::DoRetransmit(unsigned char)
                0x4000ca2c                ShortSocketList::Init()
                0x4000e1a4                ShortSocketList::processTick()
                0x400112b0                socket_struct::CoreConnect(unsigned long, unsigned short, unsigned short, unsigned long)
                0x400104c4                _Socket_Private_close
                0x40010604                accept(int, unsigned long*, unsigned short*, unsigned short)
                0x4000ca24                ShortSocketList::ShortSocketList()
                0x4000d118                SetSocketRxBuffers(int, int)
                0x4000f200                listen(unsigned long, unsigned short, unsigned char)
                0x4000c87c                HashSocketList::Init() const
                0x4000c894                ShortSocketList::GetFreeShort()
                0x4000c66c                GetSocketRemoteAddr(int)
                0x4000e508                HashSocketList::findsocket(unsigned short, unsigned short, unsigned long) const
                0x4000ccec                WaitForSocketFlush(int, unsigned long)
                0x4000c864                DumpTcpPacket(IPPKT*)
                0x4000f308                RemoveFromUserCloseList(socket_struct*)
                0x4000c470                ValidateTCP(IPPKT*, unsigned short)
                0x4000e254                ShortSocketList::process(pool_buffer*, TCPPKT*, unsigned long) const
                0x4000c45c                socket_struct::SetState(int)
                0x4000d158                socket_struct::processoptions(pool_buffer*, TCPPKT*, IPPKT*)
                0x4000fc84                socket_struct::DoClose(int)
                0x4000f114                GetFreeSocket()
                0x4000c6cc                GetSocketLocalPort(int)
                0x4000e454                HashSocketList::AddSocket(socket_struct*) const
                0x4000c9dc                ShortSocketList::FreeShort(ShortSocket*) const
                0x4000c6fc                socket_struct::CalcRTO(unsigned long)
                0x4000da7c                socket_struct::OpenWindow()
                0x4000dbe8                SendTcpSynRst(IPPKT*)
                0x4000cc9c                TcpAllDataAcked(int)
                0x4000f9dc                clrsockoption(int, int)
                0x4000cb40                TcpGetSocketState(int)
                0x4000c854                DumpTcpDebug()
                0x4000c63c                GetSocketLocalAddr(int)
                0x40010adc                socket_struct::process(pool_buffer*, TCPPKT*)
                0x4000ca9c                RegisterTCPReadNotify
                0x4000d618                socket_struct::SendState(unsigned short, pool_buffer*)
 *fill*         0x40011832        0x2 00
 .text          0x40011834      0x23c /nburn/lib/NetBurner.a(extraio.o)
                0x40011864                ExpandWrite(int, char const*, int)
                0x40011894                ExpandClose(int)
                0x400118c4                InitExtras()
                0x40011900                GetExtraFD
                0x40011834                ExpandRead(int, char*, int)
                0x40011a34                GetFreeExtraFDCount
                0x40011990                FreeExtraFd
                0x400119c8                GetExtraData
                0x400119fc                GetExtraExtraData
 .text          0x40011a70      0x69e /nburn/lib/NetBurner.a(iosys.o)
                0x40011eac                SetDataAvail
                0x40011d4c                writeall
                0x40011dac                RawCheckSelects()
                0x40011e58                SetHaveError
                0x40011ee8                RemoveSelect(PendingSelect*)
                0x40011e70                SetWriteAvail
                0x40011c3c                ZeroWaitSelect
                0x40011f68                AddSelect(PendingSelect*)
                0x40011b90                FD_ISSET
                0x40011b38                ClrDataAvail
                0x40011fc0                select
                0x40011b20                ClrWriteAvail
                0x40011e24                CheckSelects()
                0x40011cf0                writestring
                0x40011c00                countbits(fd_set*)
                0x40011a70                FD_OVERLAP(fd_set*, fd_set*)
                0x40011cc0                dataavail
                0x40011aac                FD_ZERO
                0x40011b50                FD_SET
                0x40011b08                ClrHaveError
                0x40011bdc                countdwbits(unsigned long)
                0x40012060                ReadWithTimeout
                0x40011ac4                FD_CLR
 *fill*         0x4001210e        0x2 00
 .text          0x40012110      0x71c /nburn/lib/NetBurner.a(autoip.o)
                0x4001234c                AutoIPClient::AutoIPClient(int)
                0x4001222c                AutoIPClient::stop()
                0x40012678                AutoIPClient::arpCheck()
                0x4001219c                AutoIPClient::getNextTick()
                0x400124d4                AutoIPClient::announce()
                0x40012150                AutoIPClient::addressCollision()
                0x4001218c                AutoIPClient::getState()
                0x400125b0                AutoIPClient::startArp()
                0x400127d4                AutoIPClient::staticTimeTick()
                0x40012110                AutoIPClient::start()
                0x400123c8                AutoIPClient::AutoIPClient(int)
                0x400121ac                AutoIPClient::tickDelay(int)
                0x400121d4                AutoIPClient::negotiate()
                0x40012518                AutoIPClient::setRNG()
                0x400122e8                AutoIPClient::~AutoIPClient()
                0x40012764                AutoIPClient::timeTick()
                0x40012264                AutoIPClient::restart()
                0x40012444                AddAutoIPInterface(int)
                0x40012284                AutoIPClient::~AutoIPClient()
                0x40012574                AutoIPClient::generateNewIPAddr()
 .text          0x4001282c        0x0 /nburn/lib/NetBurner.a(defappname.o)
 .text          0x4001282c      0x4b2 /nburn/lib/NetBurner.a(netinterface.o)
                0x40012c10                InitializeNetwork(void (*)(pool_buffer*, EFRAME*, unsigned short), void (*)(pool_buffer*, EFRAME*))
                0x400128e4                InterfaceIP(int)
                0x400129d8                GetEframe(pool_buffer*)
                0x40012bb0                SaveIfConfig(ConfigRecord*, int)
                0x40012aa4                RegisterMultiHomeInterface(_InterfaceBlock*)
                0x4001282c                GetFirstInterface()
                0x40012be0                GetIfConfig(int)
                0x40012994                InterfaceMAC(int)
                0x40012890                GetInterFaceBlock(int)
                0x40012910                InterfaceDNS(int)
                0x4001293c                InterfaceMASK(int)
                0x4001284c                GetnextInterface(int)
                0x40012c7c                TransmitBuffer(pool_buffer*, int)
                0x40012a44                DisableMulticast(MACADR, int)
                0x40012b0c                RegisterInterface(_InterfaceBlock*)
                0x400129ec                EnableMulticast(MACADR, int)
                0x40012b7c                Removeinterface(int)
                0x40012a9c                StopNetworks()
                0x400128bc                GetInterfaceNumber(_InterfaceBlock*)
                0x40012968                InterfaceGate(int)
 *fill*         0x40012cde        0x2 00
 .text          0x40012ce0      0x5c8 /nburn/lib/NetBurner.a(taskmon.o)
                0x400131e8                ProcessTaskPacket(UDPPacket&, int)
                0x40012ce0                EnableTaskMonitor()
                0x40012cf4                BufferDumpTCBState(os_tcb*)
 .text          0x400132a8     0x131e /nburn/lib/NetBurner.a(smarttrap.o)
                0x400132dc                EnableSmartTraps()
                0x400133bc                WalkStack(os_tcb*, unsigned long, unsigned long)
                0x4001389c                smart_trap_asm
                0x400136bc                Local_OutTCBState(os_tcb*, unsigned long, unsigned long)
                0x400132a8                SafeRead(unsigned long)
                0x400132f8                Local_OutHex(unsigned long, int)
                0x40013894                Smart_Trap_Holder()
                0x4001338c                Local_OutString(char const*)
                0x40013438                Local_ShowTaskName(os_tcb volatile*)
 *fill*         0x400145c6        0x2 00
 .text          0x400145c8      0x538 /nburn/lib/NetBurner.a(autoupdate.o)
                0x40014a50                ProcessAutoUpdatePacket(UDPPacket&)
                0x40014784                DoData(UDPPacket&)
                0x400145c8                EnableAutoUpdate
                0x400145dc                DoReboot()
                0x4001460c                DoExecute(UDPPacket&, int)
                0x40014874                DoStart(UDPPacket&)
 .text          0x40014b00       0x52 /nburn/lib/NetBurner.a(device.o)
                0x40014b20                DeviceInitializeSem
                0x40014b00                DeviceGetQspiSem()
                0x40014b10                DeviceGetI2cSem()
 *fill*         0x40014b52        0x2 00
 .text          0x40014b54      0x320 /nburn/lib/NetBurner.a(ucosmcfc.o)
                0x40014e3c                OSTaskCreate
                0x40014e68                TopOfStackKillfunction
                0x40014c10                OSTaskCreatewName
                0x40014b54                OSTCBInit
                0x40014e6c                KillFunctionLink
 .text          0x40014e74       0x26 /nburn/lib/NetBurner.a(new_ops.o)
                0x40014e74                operator new(unsigned long)
 *fill*         0x40014e9a        0x2 00
 .text          0x40014e9c     0x17ce /nburn/lib/MOD5441X.a(ethernet.o)
                0x40015a80                AddEthernetInterface()
                0x40015080                StopEnet()
                0x40015538                ResetEnet()
                0x40015ca0                ProcessDuplexStatus()
                0x40014e9c                read_eth_addr(MACADR*)
                0x40015b74                WarmEnetReset()
                0x400164bc                real_rxenetisr
                0x40014ec8                fake_rxenetisr()
                0x40014ecc                rxenetisr
                0x40014f1c                fake_txenetisr()
                0x40015c70                EnablePHY()
                0x400150d4                EthMultifunc(MACADR, unsigned char)
                0x40014f70                GetMII(unsigned char, unsigned char)
                0x400150f0                ResetEnetPart2()
                0x40014f20                txenetisr
                0x40014ff4                SetMII(unsigned char, unsigned char, unsigned short)
                0x400158cc                InitializeEthernet()
                0x40016118                real_txenetisr
                0x400150b0                DisablePHY()
                0x40015c10                ManualEthernetConfig(unsigned char, unsigned char, unsigned char)
                0x40015fc4                EthTransmitBuffer(pool_buffer*)
                0x40016310                Ether_ProcessTask(void*)
 *fill*         0x4001666a        0x2 00
 .text          0x4001666c     0x16e8 /nburn/lib/MOD5441X.a(etherprint.o)
                0x40017c7c                EtherLink()
                0x4001666c                EtherSpeed100()
                0x40017c70                denet()
                0x40017910                ShowFECRegisters()
                0x40016744                ShowMII(unsigned char, unsigned char, char const*, unsigned short)
                0x40017cb0                elink()
                0x40017c64                dEnet()
                0x4001668c                SwitchMIIPage(unsigned long)
                0x4001667c                EtherDuplex()
                0x400166b8                showbinary(unsigned short, unsigned short)
                0x400167ac                ShowPhyterMII()
 .text          0x40017d54      0x196 /nburn/lib/MOD5441X.a(emulticast.o)
                0x40017e38                EthDisableMulticast(MACADR)
                0x40017d94                EthEnableMulticast(MACADR)
                0x40017d54                GetMultiCastCRC(MACADR)
 *fill*         0x40017eea        0x2 00
 .text          0x40017eec      0x1f2 /nburn/lib/NetBurner.a(netrx.o)
                0x40017eec                NetDoRX(pool_buffer*, unsigned short, int)
 *fill*         0x400180de        0x2 00
 .text          0x400180e0       0x1e c:/nburn/gcc-m68k/bin/../lib/gcc/m68k-elf/4.2.1/../../../../m68k-elf/lib/m5206e\libc.a(lib_a-cxa_atexit.o)
                0x400180e0                __cxa_atexit
 *fill*         0x400180fe        0x2 00
 .text          0x40018100        0xe c:/nburn/gcc-m68k/bin/../lib/gcc/m68k-elf/4.2.1/../../../../m68k-elf/lib/m5206e\libc.a(lib_a-errno.o)
                0x40018100                __errno
 *fill*         0x4001810e        0x2 00
 .text          0x40018110       0x24 c:/nburn/gcc-m68k/bin/../lib/gcc/m68k-elf/4.2.1/../../../../m68k-elf/lib/m5206e\libc.a(lib_a-fiprintf.o)
                0x40018110                fiprintf
 .text          0x40018134        0x0 c:/nburn/gcc-m68k/bin/../lib/gcc/m68k-elf/4.2.1/../../../../m68k-elf/lib/m5206e\libc.a(lib_a-impure.o)
 .text          0x40018134       0x54 c:/nburn/gcc-m68k/bin/../lib/gcc/m68k-elf/4.2.1/../../../../m68k-elf/lib/m5206e\libc.a(lib_a-iprintf.o)
                0x40018134                _iprintf_r
                0x4001815e                iprintf
 .text          0x40018188       0x32 c:/nburn/gcc-m68k/bin/../lib/gcc/m68k-elf/4.2.1/../../../../m68k-elf/lib/m5206e\libc.a(lib_a-malloc.o)
                0x400181a2                malloc
                0x40018188                free
 *fill*         0x400181ba        0x2 00
 .text          0x400181bc      0x78c c:/nburn/gcc-m68k/bin/../lib/gcc/m68k-elf/4.2.1/../../../../m68k-elf/lib/m5206e\libc.a(lib_a-mallocr.o)
                0x400181bc                _malloc_r
 .text          0x40018948       0x8a c:/nburn/gcc-m68k/bin/../lib/gcc/m68k-elf/4.2.1/../../../../m68k-elf/lib/m5206e\libc.a(lib_a-puts.o)
                0x40018948                _puts_r
                0x400189bc                puts
 *fill*         0x400189d2        0x2 00
 .text          0x400189d4       0x6a c:/nburn/gcc-m68k/bin/../lib/gcc/m68k-elf/4.2.1/../../../../m68k-elf/lib/m5206e\libc.a(lib_a-rand.o)
                0x400189ec                rand
                0x400189d4                srand
 *fill*         0x40018a3e        0x2 00
 .text          0x40018a40       0x4e c:/nburn/gcc-m68k/bin/../lib/gcc/m68k-elf/4.2.1/../../../../m68k-elf/lib/m5206e\libc.a(lib_a-rget.o)
                0x40018a7a                __srget
                0x40018a40                __srget_r
 *fill*         0x40018a8e        0x2 00
 .text          0x40018a90      0x1ee c:/nburn/gcc-m68k/bin/../lib/gcc/m68k-elf/4.2.1/../../../../m68k-elf/lib/m5206e\libc.a(lib_a-setvbuf.o)
                0x40018a90                setvbuf
 *fill*         0x40018c7e        0x2 00
 .text          0x40018c80       0xba c:/nburn/gcc-m68k/bin/../lib/gcc/m68k-elf/4.2.1/../../../../m68k-elf/lib/m5206e\libc.a(lib_a-siprintf.o)
                0x40018cde                _siprintf_r
                0x40018c80                siprintf
 *fill*         0x40018d3a        0x2 00
 .text          0x40018d3c      0x14c c:/nburn/gcc-m68k/bin/../lib/gcc/m68k-elf/4.2.1/../../../../m68k-elf/lib/m5206e\libc.a(lib_a-sniprintf.o)
                0x40018de4                _sniprintf_r
                0x40018d3c                sniprintf
 .text          0x40018e88       0x1a c:/nburn/gcc-m68k/bin/../lib/gcc/m68k-elf/4.2.1/../../../../m68k-elf/lib/m5206e\libc.a(lib_a-strlen.o)
                0x40018e88                strlen
 *fill*         0x40018ea2        0x2 00
 .text          0x40018ea4     0x1280 c:/nburn/gcc-m68k/bin/../lib/gcc/m68k-elf/4.2.1/../../../../m68k-elf/lib/m5206e\libc.a(lib_a-vfiprintf.o)
                0x4001a106                vfiprintf
                0x40018ee8                _vfiprintf_r
 .text          0x4001a124      0x124 c:/nburn/gcc-m68k/bin/../lib/gcc/m68k-elf/4.2.1/../../../../m68k-elf/lib/m5206e\libc.a(lib_a-wbuf.o)
                0x4001a124                __swbuf_r
                0x4001a22e                __swbuf
 .text          0x4001a248       0x7c c:/nburn/gcc-m68k/bin/../lib/gcc/m68k-elf/4.2.1/../../../../m68k-elf/lib/m5206e\libc.a(lib_a-wcrtomb.o)
                0x4001a248                _wcrtomb_r
                0x4001a2a8                wcrtomb
 .text          0x4001a2c4      0x130 c:/nburn/gcc-m68k/bin/../lib/gcc/m68k-elf/4.2.1/../../../../m68k-elf/lib/m5206e\libc.a(lib_a-wcsrtombs.o)
                0x4001a2c4                _wcsrtombs_r
                0x4001a3d2                wcsrtombs
 .text          0x4001a3f4      0x452 c:/nburn/gcc-m68k/bin/../lib/gcc/m68k-elf/4.2.1/../../../../m68k-elf/lib/m5206e\libc.a(lib_a-wctomb_r.o)
                0x4001a3f4                _wctomb_r
 *fill*         0x4001a846        0x2 00
 .text          0x4001a848      0x130 c:/nburn/gcc-m68k/bin/../lib/gcc/m68k-elf/4.2.1/../../../../m68k-elf/lib/m5206e\libc.a(lib_a-wsetup.o)
                0x4001a848                __swsetup
 .text          0x4001a978       0xe8 c:/nburn/gcc-m68k/bin/../lib/gcc/m68k-elf/4.2.1/../../../../m68k-elf/lib/m5206e\libc.a(lib_a-__atexit.o)
                0x4001a978                __register_exitproc
 .text          0x4001aa60      0x198 c:/nburn/gcc-m68k/bin/../lib/gcc/m68k-elf/4.2.1/../../../../m68k-elf/lib/m5206e\libc.a(lib_a-fflush.o)
                0x4001aa60                fflush
 .text          0x4001abf8      0x25e c:/nburn/gcc-m68k/bin/../lib/gcc/m68k-elf/4.2.1/../../../../m68k-elf/lib/m5206e\libc.a(lib_a-findfp.o)
                0x4001ac52                __sinit
                0x4001ad0a                __sfmoreglue
                0x4001acf8                _cleanup
                0x4001acde                _cleanup_r
                0x4001ad78                __sfp
 *fill*         0x4001ae56        0x2 00
 .text          0x4001ae58      0x422 c:/nburn/gcc-m68k/bin/../lib/gcc/m68k-elf/4.2.1/../../../../m68k-elf/lib/m5206e\libc.a(lib_a-freer.o)
                0x4001af48                _free_r
                0x4001ae58                _malloc_trim_r
 *fill*         0x4001b27a        0x2 00
 .text          0x4001b27c      0x37e c:/nburn/gcc-m68k/bin/../lib/gcc/m68k-elf/4.2.1/../../../../m68k-elf/lib/m5206e\libc.a(lib_a-fvwrite.o)
                0x4001b27c                __sfvwrite_r
 *fill*         0x4001b5fa        0x2 00
 .text          0x4001b5fc       0xe4 c:/nburn/gcc-m68k/bin/../lib/gcc/m68k-elf/4.2.1/../../../../m68k-elf/lib/m5206e\libc.a(lib_a-fwalk.o)
                0x4001b5fc                _fwalk
                0x4001b66c                _fwalk_reent
 .text          0x4001b6e0       0xa6 c:/nburn/gcc-m68k/bin/../lib/gcc/m68k-elf/4.2.1/../../../../m68k-elf/lib/m5206e\libc.a(lib_a-locale.o)
                0x4001b70e                _setlocale_r
                0x4001b6e0                __locale_charset
                0x4001b6ee                _localeconv_r
                0x4001b76e                setlocale
                0x4001b6fc                localeconv
 *fill*         0x4001b786        0x2 00
 .text          0x4001b788      0x178 c:/nburn/gcc-m68k/bin/../lib/gcc/m68k-elf/4.2.1/../../../../m68k-elf/lib/m5206e\libc.a(lib_a-makebuf.o)
                0x4001b788                __smakebuf
 .text          0x4001b900       0xd2 c:/nburn/gcc-m68k/bin/../lib/gcc/m68k-elf/4.2.1/../../../../m68k-elf/lib/m5206e\libc.a(lib_a-memchr.o)
                0x4001b900                memchr
 *fill*         0x4001b9d2        0x2 00
 .text          0x4001b9d4       0xb6 c:/nburn/gcc-m68k/bin/../lib/gcc/m68k-elf/4.2.1/../../../../m68k-elf/lib/m5206e\libc.a(lib_a-memmove.o)
                0x4001b9d4                memmove
 *fill*         0x4001ba8a        0x2 00
 .text          0x4001ba8c      0x502 c:/nburn/gcc-m68k/bin/../lib/gcc/m68k-elf/4.2.1/../../../../m68k-elf/lib/m5206e\libc.a(lib_a-reallocr.o)
                0x4001ba8c                _realloc_r
 *fill*         0x4001bf8e        0x2 00
 .text          0x4001bf90      0x21c c:/nburn/gcc-m68k/bin/../lib/gcc/m68k-elf/4.2.1/../../../../m68k-elf/lib/m5206e\libc.a(lib_a-refill.o)
                0x4001bfb4                __srefill_r
 .text          0x4001c1ac      0x162 c:/nburn/gcc-m68k/bin/../lib/gcc/m68k-elf/4.2.1/../../../../m68k-elf/lib/m5206e\libc.a(lib_a-stdio.o)
                0x4001c1ca                __sseek
                0x4001c2bc                __sread
                0x4001c1ac                __sclose
                0x4001c22c                __swrite
 *fill*         0x4001c30e        0x2 00
 .text          0x4001c310       0x70 c:/nburn/gcc-m68k/bin/../lib/gcc/m68k-elf/4.2.1/../../../../m68k-elf/lib/m5206e\libc.a(lib_a-strcmp.o)
                0x4001c310                strcmp
 .text          0x4001c380       0x3e c:/nburn/gcc-m68k/bin/../lib/gcc/m68k-elf/4.2.1/../../../../m68k-elf/lib/m5206e\libc.a(lib_a-writer.o)
                0x4001c380                _write_r
 *fill*         0x4001c3be        0x2 00
 .text          0x4001c3c0       0x32 c:/nburn/gcc-m68k/bin/../lib/gcc/m68k-elf/4.2.1/../../../../m68k-elf/lib/m5206e\libc.a(lib_a-closer.o)
                0x4001c3c0                _close_r
 *fill*         0x4001c3f2        0x2 00
 .text          0x4001c3f4       0xfe c:/nburn/gcc-m68k/bin/../lib/gcc/m68k-elf/4.2.1/../../../../m68k-elf/lib/m5206e\libc.a(lib_a-fclose.o)
                0x4001c3f4                _fclose_r
                0x4001c4dc                fclose
 *fill*         0x4001c4f2        0x2 00
 .text          0x4001c4f4       0x36 c:/nburn/gcc-m68k/bin/../lib/gcc/m68k-elf/4.2.1/../../../../m68k-elf/lib/m5206e\libc.a(lib_a-fstatr.o)
                0x4001c4f4                _fstat_r
 *fill*         0x4001c52a        0x2 00
 .text          0x4001c52c       0x3e c:/nburn/gcc-m68k/bin/../lib/gcc/m68k-elf/4.2.1/../../../../m68k-elf/lib/m5206e\libc.a(lib_a-lseekr.o)
                0x4001c52c                _lseek_r
 *fill*         0x4001c56a        0x2 00
 .text          0x4001c56c       0x3e c:/nburn/gcc-m68k/bin/../lib/gcc/m68k-elf/4.2.1/../../../../m68k-elf/lib/m5206e\libc.a(lib_a-readr.o)
                0x4001c56c                _read_r
 *fill*         0x4001c5aa        0x2 00
 .text          0x4001c5ac       0x72 c:/nburn/gcc-m68k/bin/../lib/gcc/m68k-elf/4.2.1/m5206e\libgcc.a(_muldi3.o)
                0x4001c5ac                __muldi3
 *fill*         0x4001c61e        0x2 00
 .text          0x4001c620      0x4f6 c:/nburn/gcc-m68k/bin/../lib/gcc/m68k-elf/4.2.1/m5206e\libgcc.a(_udivdi3.o)
                0x4001c620                __udivdi3
 *fill*         0x4001cb16        0x2 00
 .text          0x4001cb18      0x4f8 c:/nburn/gcc-m68k/bin/../lib/gcc/m68k-elf/4.2.1/m5206e\libgcc.a(_umoddi3.o)
                0x4001cb18                __umoddi3
 .text          0x4001d010        0x0 c:/nburn/gcc-m68k/bin/../lib/gcc/m68k-elf/4.2.1/m5206e\libgcc.a(_clz.o)
 .text          0x4001d010       0x32 c:/nburn/gcc-m68k/bin/../lib/gcc/m68k-elf/4.2.1/m5206e/crtend.o
                0x4001d050                . = ALIGN (0x10)
 *fill*         0x4001d042        0xe 00
 *(.text.*)
                0x4001d050                . = ALIGN (0x10)
 *(.eh_frame)
 .eh_frame      0x4001d050        0x0 c:/nburn/gcc-m68k/bin/../lib/gcc/m68k-elf/4.2.1/m5206e/crtbegin.o
 .eh_frame      0x4001d050       0x40 c:/nburn/gcc-m68k/bin/../lib/gcc/m68k-elf/4.2.1/m5206e\libgcc.a(_udivdi3.o)
 .eh_frame      0x4001d090       0x2c c:/nburn/gcc-m68k/bin/../lib/gcc/m68k-elf/4.2.1/m5206e\libgcc.a(_umoddi3.o)
                                 0x40 (size before relaxing)
 .eh_frame      0x4001d0bc        0x4 c:/nburn/gcc-m68k/bin/../lib/gcc/m68k-elf/4.2.1/m5206e/crtend.o
                0x4001d0c0                . = ALIGN (0x10)
 *fill*         0x4001d0c0        0x0 00
 *(.gnu.linkonce.t.*)
                0x4001d0c0                . = ALIGN (0x4)
                0x4001d0c0                __CTOR_LIST__ = .
 *(.ctors)
 .ctors         0x4001d0c0        0x4 c:/nburn/gcc-m68k/bin/../lib/gcc/m68k-elf/4.2.1/m5206e/crtbegin.o
 .ctors         0x4001d0c4        0x4 /nburn/lib/MOD5441X.a(serial.o)
 .ctors         0x4001d0c8        0x4 /nburn/lib/NetBurner.a(ip.o)
 .ctors         0x4001d0cc        0x4 /nburn/lib/NetBurner.a(buffers.o)
 .ctors         0x4001d0d0        0x4 /nburn/lib/NetBurner.a(tcp.o)
 .ctors         0x4001d0d4        0x4 c:/nburn/gcc-m68k/bin/../lib/gcc/m68k-elf/4.2.1/m5206e/crtend.o
                0x4001d0d8                __CTOR_END__ = .
                0x4001d0d8        0x4 LONG 0x0
                0x4001d0dc                __CTOR_END__ = .
                0x4001d0dc                __DTOR_LIST__ = .
                0x4001d0dc                ___DTOR_LIST__ = .
                0x4001d0dc        0x4 LONG 0x2 (((__DTOR_END__ - __DTOR_LIST__) / 0x4) - 0x2)
 *(.dtors)
 .dtors         0x4001d0e0        0x4 c:/nburn/gcc-m68k/bin/../lib/gcc/m68k-elf/4.2.1/m5206e/crtbegin.o
 .dtors         0x4001d0e4        0x4 c:/nburn/gcc-m68k/bin/../lib/gcc/m68k-elf/4.2.1/m5206e/crtend.o
                0x4001d0e8        0x4 LONG 0x0
                0x4001d0ec                __DTOR_END__ = .
 *(.rodata)
 .rodata        0x4001d0ec       0x50 /nburn/lib/MOD5441X.a(serial.o)
 .rodata        0x4001d13c      0x108 /nburn/lib/NetBurner.a(ucos.o)
                0x4001d144                FAKE_OSUnMapTbl
                0x4001d13c                FAKE_OSMapTbl
 .rodata        0x4001d244       0xb8 /nburn/lib/NetBurner.a(utils.o)
 *fill*         0x4001d2fc        0x4 00
 .rodata        0x4001d300        0x4 /nburn/lib/NetBurner.a(buffers.o)
 .rodata        0x4001d304        0x2 /nburn/lib/NetBurner.a(udp.o)
 .rodata        0x4001d306        0xd /nburn/lib/NetBurner.a(tcp.o)
 *fill*         0x4001d313        0x1 00
 .rodata        0x4001d314      0x400 /nburn/lib/MOD5441X.a(emulticast.o)
 .rodata        0x4001d714        0x4 c:/nburn/gcc-m68k/bin/../lib/gcc/m68k-elf/4.2.1/../../../../m68k-elf/lib/m5206e\libc.a(lib_a-impure.o)
                0x4001d714                _global_impure_ptr
 .rodata        0x4001d718       0x20 c:/nburn/gcc-m68k/bin/../lib/gcc/m68k-elf/4.2.1/../../../../m68k-elf/lib/m5206e\libc.a(lib_a-vfiprintf.o)
 .rodata        0x4001d738       0x34 c:/nburn/gcc-m68k/bin/../lib/gcc/m68k-elf/4.2.1/../../../../m68k-elf/lib/m5206e\libc.a(lib_a-locale.o)
 .rodata        0x4001d76c      0x100 c:/nburn/gcc-m68k/bin/../lib/gcc/m68k-elf/4.2.1/m5206e\libgcc.a(_clz.o)
                0x4001d76c                __clz_tab
 *(.rodata.*)
 .rodata.str1.1
                0x4001d86c        0x9 /nburn/lib/MOD5441X.a(bsp.o)
 .rodata.str1.1
                0x4001d875      0x15a /nburn/lib/MOD5441X.a(serial.o)
 .rodata.str1.1
                0x4001d9cf        0x5 /nburn/lib/NetBurner.a(ucos.o)
 .rodata.str1.1
                0x4001d9d4        0x3 /nburn/lib/NetBurner.a(fileio.o)
                                  0x6 (size before relaxing)
 .rodata.str1.1
                0x4001d9d7       0xc9 /nburn/lib/NetBurner.a(system.o)
                                 0xcd (size before relaxing)
 .rodata.str1.1
                0x4001daa0        0x5 /nburn/lib/NetBurner.a(main.o)
 .rodata.str1.1
                0x4001daa5      0x179 /nburn/lib/NetBurner.a(utils.o)
                                0x17b (size before relaxing)
 .rodata.str1.1
                0x4001dc1e      0x212 /nburn/lib/NetBurner.a(ip.o)
                                0x217 (size before relaxing)
 .rodata.str1.1
                0x4001de30       0x68 /nburn/lib/NetBurner.a(buffers.o)
                                 0x70 (size before relaxing)
 .rodata.str1.1
                0x4001de98       0x50 /nburn/lib/NetBurner.a(arp.o)
 .rodata.str1.1
                0x4001dee8       0x18 /nburn/lib/NetBurner.a(udp.o)
 .rodata.str1.1
                0x4001df00      0x38f /nburn/lib/NetBurner.a(tcp.o)
                                0x392 (size before relaxing)
 .rodata.str1.1
                0x4001e28f        0x8 /nburn/lib/NetBurner.a(defappname.o)
 .rodata.str1.1
                0x4001e297       0xa4 /nburn/lib/NetBurner.a(taskmon.o)
                                 0xa7 (size before relaxing)
 .rodata.str1.1
                0x4001e33b      0x4f9 /nburn/lib/NetBurner.a(smarttrap.o)
                                0x540 (size before relaxing)
 .rodata.str1.1
                0x4001e834        0xe /nburn/lib/MOD5441X.a(ethernet.o)
 .rodata.str1.1
                0x4001e842      0x452 /nburn/lib/MOD5441X.a(etherprint.o)
                                0x46c (size before relaxing)
 .rodata.str1.1
                0x4001ec94        0x2 c:/nburn/gcc-m68k/bin/../lib/gcc/m68k-elf/4.2.1/../../../../m68k-elf/lib/m5206e\libc.a(lib_a-impure.o)
 .rodata.str1.1
                0x00000000        0x2 c:/nburn/gcc-m68k/bin/../lib/gcc/m68k-elf/4.2.1/../../../../m68k-elf/lib/m5206e\libc.a(lib_a-puts.o)
 .rodata.str1.1
                0x4001ec96       0x43 c:/nburn/gcc-m68k/bin/../lib/gcc/m68k-elf/4.2.1/../../../../m68k-elf/lib/m5206e\libc.a(lib_a-vfiprintf.o)
 .rodata.str1.1
                0x4001ecd9       0x1d c:/nburn/gcc-m68k/bin/../lib/gcc/m68k-elf/4.2.1/../../../../m68k-elf/lib/m5206e\libc.a(lib_a-wctomb_r.o)
 .rodata.str1.1
                0x4001ecf6        0xb c:/nburn/gcc-m68k/bin/../lib/gcc/m68k-elf/4.2.1/../../../../m68k-elf/lib/m5206e\libc.a(lib_a-locale.o)
                                 0x10 (size before relaxing)
 *(.gnu.linkonce.*)
 *(.gcc_except_table)
                0x4001ed04                . = ALIGN (0x4)
 *fill*         0x4001ed01        0x3 00
                0x4001ed04                __INIT_SECTION__ = .
                0x4001ed04        0x4 LONG 0x4e560000
 *(.init)
 .init          0x4001ed08        0x6 c:/nburn/gcc-m68k/bin/../lib/gcc/m68k-elf/4.2.1/m5206e/crtbegin.o
 .init          0x4001ed0e        0x6 c:/nburn/gcc-m68k/bin/../lib/gcc/m68k-elf/4.2.1/m5206e/crtend.o
                0x4001ed14        0x2 SHORT 0x4e5e
                0x4001ed16        0x2 SHORT 0x4e75
                0x4001ed18                . = ALIGN (0x4)
                0x4001ed18                __FINI_SECTION__ = .
                0x4001ed18        0x4 LONG 0x4e560000
 *(.fini)
 .fini          0x4001ed1c        0x6 c:/nburn/gcc-m68k/bin/../lib/gcc/m68k-elf/4.2.1/m5206e/crtbegin.o
                0x4001ed22        0x2 SHORT 0x4e5e
                0x4001ed24        0x2 SHORT 0x4e75
 *(.lit)
                0x4001ed30                . = ALIGN (0x10)
 *fill*         0x4001ed26        0xa 00
                0x4001ed30                _etext = .
                0x4001ed30                etext = .

.data           0x4001ed30      0x830
                0x4001ed30                copy_start = .
 *(.shdata)
 *(.data)
 .data          0x4001ed30        0x4 c:/nburn/gcc-m68k/bin/../lib/gcc/m68k-elf/4.2.1/../../../../m68k-elf/lib/m5206e\nb-crt0.o
 .data          0x4001ed34        0x8 c:/nburn/gcc-m68k/bin/../lib/gcc/m68k-elf/4.2.1/m5206e/crtbegin.o
                0x4001ed34                __dso_handle
 .data          0x4001ed3c        0x0 Serial_Test_ROS.o
 .data          0x4001ed3c        0x0 PINS_Definations.o
 .data          0x4001ed3c        0x4 /nburn/lib/MOD5441X.a(bsp.o)
                0x4001ed3c                PlatformName
 .data          0x4001ed40        0x0 /nburn/lib/MOD5441X.a(flash.o)
 .data          0x4001ed40        0x0 /nburn/lib/MOD5441X.a(serial.o)
 .data          0x4001ed40        0x0 /nburn/lib/MOD5441X.a(pitr_sem.o)
 .data          0x4001ed40        0x0 /nburn/lib/MOD5441X.a(localio.o)
 .data          0x4001ed40        0x0 /nburn/lib/NetBurner.a(ucosmcfa.o)
 .data          0x4001ed40        0x0 /nburn/lib/NetBurner.a(software_init.o)
 .data          0x4001ed40        0x0 /nburn/lib/NetBurner.a(ucos.o)
 .data          0x4001ed40        0x0 /nburn/lib/NetBurner.a(ucosflags.o)
 .data          0x4001ed40        0x0 /nburn/lib/NetBurner.a(ucosmain.o)
 .data          0x4001ed40        0x0 /nburn/lib/NetBurner.a(fileio.o)
 .data          0x4001ed40        0x0 /nburn/lib/NetBurner.a(system.o)
 .data          0x4001ed40        0x0 /nburn/lib/NetBurner.a(main.o)
 .data          0x4001ed40        0x0 /nburn/lib/NetBurner.a(utils.o)
 .data          0x4001ed40        0x0 /nburn/lib/NetBurner.a(ip.o)
 .data          0x4001ed40        0x0 /nburn/lib/NetBurner.a(buffers.o)
 .data          0x4001ed40        0x0 /nburn/lib/NetBurner.a(arp.o)
 .data          0x4001ed40        0x0 /nburn/lib/NetBurner.a(udp.o)
 .data          0x4001ed40        0x0 /nburn/lib/NetBurner.a(tcp.o)
 .data          0x4001ed40        0x0 /nburn/lib/NetBurner.a(extraio.o)
 .data          0x4001ed40        0x0 /nburn/lib/NetBurner.a(iosys.o)
 .data          0x4001ed40        0x0 /nburn/lib/NetBurner.a(autoip.o)
 .data          0x4001ed40        0x4 /nburn/lib/NetBurner.a(defappname.o)
                0x4001ed40                AppName
 .data          0x4001ed44        0x0 /nburn/lib/NetBurner.a(netinterface.o)
 .data          0x4001ed44        0x0 /nburn/lib/NetBurner.a(taskmon.o)
 .data          0x4001ed44        0x0 /nburn/lib/NetBurner.a(smarttrap.o)
 .data          0x4001ed44        0x0 /nburn/lib/NetBurner.a(autoupdate.o)
 .data          0x4001ed44        0x0 /nburn/lib/NetBurner.a(device.o)
 .data          0x4001ed44        0x0 /nburn/lib/NetBurner.a(ucosmcfc.o)
 .data          0x4001ed44        0x0 /nburn/lib/NetBurner.a(new_ops.o)
 .data          0x4001ed44        0x4 /nburn/lib/MOD5441X.a(ethernet.o)
                0x4001ed44                AutoNeg
                0x4001ed46                wait
 .data          0x4001ed48        0x0 /nburn/lib/MOD5441X.a(etherprint.o)
 .data          0x4001ed48        0x0 /nburn/lib/MOD5441X.a(emulticast.o)
 .data          0x4001ed48        0x0 /nburn/lib/NetBurner.a(netrx.o)
 .data          0x4001ed48        0x0 c:/nburn/gcc-m68k/bin/../lib/gcc/m68k-elf/4.2.1/../../../../m68k-elf/lib/m5206e\libc.a(lib_a-cxa_atexit.o)
 .data          0x4001ed48        0x0 c:/nburn/gcc-m68k/bin/../lib/gcc/m68k-elf/4.2.1/../../../../m68k-elf/lib/m5206e\libc.a(lib_a-errno.o)
 .data          0x4001ed48        0x0 c:/nburn/gcc-m68k/bin/../lib/gcc/m68k-elf/4.2.1/../../../../m68k-elf/lib/m5206e\libc.a(lib_a-fiprintf.o)
 .data          0x4001ed48      0x3f6 c:/nburn/gcc-m68k/bin/../lib/gcc/m68k-elf/4.2.1/../../../../m68k-elf/lib/m5206e\libc.a(lib_a-impure.o)
                0x4001ed48                _impure_ptr
 *fill*         0x4001f13e        0x2 00
 .data          0x4001f140        0x0 c:/nburn/gcc-m68k/bin/../lib/gcc/m68k-elf/4.2.1/../../../../m68k-elf/lib/m5206e\libc.a(lib_a-iprintf.o)
 .data          0x4001f140        0x0 c:/nburn/gcc-m68k/bin/../lib/gcc/m68k-elf/4.2.1/../../../../m68k-elf/lib/m5206e\libc.a(lib_a-malloc.o)
 .data          0x4001f140      0x410 c:/nburn/gcc-m68k/bin/../lib/gcc/m68k-elf/4.2.1/../../../../m68k-elf/lib/m5206e\libc.a(lib_a-mallocr.o)
                0x4001f54c                __malloc_sbrk_base
                0x4001f140                __malloc_av_
                0x4001f548                __malloc_trim_threshold
 .data          0x4001f550        0x0 c:/nburn/gcc-m68k/bin/../lib/gcc/m68k-elf/4.2.1/../../../../m68k-elf/lib/m5206e\libc.a(lib_a-puts.o)
 .data          0x4001f550        0x0 c:/nburn/gcc-m68k/bin/../lib/gcc/m68k-elf/4.2.1/../../../../m68k-elf/lib/m5206e\libc.a(lib_a-rand.o)
 .data          0x4001f550        0x0 c:/nburn/gcc-m68k/bin/../lib/gcc/m68k-elf/4.2.1/../../../../m68k-elf/lib/m5206e\libc.a(lib_a-rget.o)
 .data          0x4001f550        0x0 c:/nburn/gcc-m68k/bin/../lib/gcc/m68k-elf/4.2.1/../../../../m68k-elf/lib/m5206e\libc.a(lib_a-setvbuf.o)
 .data          0x4001f550        0x0 c:/nburn/gcc-m68k/bin/../lib/gcc/m68k-elf/4.2.1/../../../../m68k-elf/lib/m5206e\libc.a(lib_a-siprintf.o)
 .data          0x4001f550        0x0 c:/nburn/gcc-m68k/bin/../lib/gcc/m68k-elf/4.2.1/../../../../m68k-elf/lib/m5206e\libc.a(lib_a-sniprintf.o)
 .data          0x4001f550        0x0 c:/nburn/gcc-m68k/bin/../lib/gcc/m68k-elf/4.2.1/../../../../m68k-elf/lib/m5206e\libc.a(lib_a-strlen.o)
 .data          0x4001f550        0x0 c:/nburn/gcc-m68k/bin/../lib/gcc/m68k-elf/4.2.1/../../../../m68k-elf/lib/m5206e\libc.a(lib_a-vfiprintf.o)
 .data          0x4001f550        0x0 c:/nburn/gcc-m68k/bin/../lib/gcc/m68k-elf/4.2.1/../../../../m68k-elf/lib/m5206e\libc.a(lib_a-wbuf.o)
 .data          0x4001f550        0x0 c:/nburn/gcc-m68k/bin/../lib/gcc/m68k-elf/4.2.1/../../../../m68k-elf/lib/m5206e\libc.a(lib_a-wcrtomb.o)
 .data          0x4001f550        0x0 c:/nburn/gcc-m68k/bin/../lib/gcc/m68k-elf/4.2.1/../../../../m68k-elf/lib/m5206e\libc.a(lib_a-wcsrtombs.o)
 .data          0x4001f550        0x0 c:/nburn/gcc-m68k/bin/../lib/gcc/m68k-elf/4.2.1/../../../../m68k-elf/lib/m5206e\libc.a(lib_a-wctomb_r.o)
 .data          0x4001f550        0x0 c:/nburn/gcc-m68k/bin/../lib/gcc/m68k-elf/4.2.1/../../../../m68k-elf/lib/m5206e\libc.a(lib_a-wsetup.o)
 .data          0x4001f550        0x0 c:/nburn/gcc-m68k/bin/../lib/gcc/m68k-elf/4.2.1/../../../../m68k-elf/lib/m5206e\libc.a(lib_a-__atexit.o)
 .data          0x4001f550        0x0 c:/nburn/gcc-m68k/bin/../lib/gcc/m68k-elf/4.2.1/../../../../m68k-elf/lib/m5206e\libc.a(lib_a-fflush.o)
 .data          0x4001f550        0x0 c:/nburn/gcc-m68k/bin/../lib/gcc/m68k-elf/4.2.1/../../../../m68k-elf/lib/m5206e\libc.a(lib_a-findfp.o)
 .data          0x4001f550        0x0 c:/nburn/gcc-m68k/bin/../lib/gcc/m68k-elf/4.2.1/../../../../m68k-elf/lib/m5206e\libc.a(lib_a-freer.o)
 .data          0x4001f550        0x0 c:/nburn/gcc-m68k/bin/../lib/gcc/m68k-elf/4.2.1/../../../../m68k-elf/lib/m5206e\libc.a(lib_a-fvwrite.o)
 .data          0x4001f550        0x0 c:/nburn/gcc-m68k/bin/../lib/gcc/m68k-elf/4.2.1/../../../../m68k-elf/lib/m5206e\libc.a(lib_a-fwalk.o)
 .data          0x4001f550       0x10 c:/nburn/gcc-m68k/bin/../lib/gcc/m68k-elf/4.2.1/../../../../m68k-elf/lib/m5206e\libc.a(lib_a-locale.o)
                0x4001f550                __mb_cur_max
                0x4001f554                __lc_ctype
 .data          0x4001f560        0x0 c:/nburn/gcc-m68k/bin/../lib/gcc/m68k-elf/4.2.1/../../../../m68k-elf/lib/m5206e\libc.a(lib_a-makebuf.o)
 .data          0x4001f560        0x0 c:/nburn/gcc-m68k/bin/../lib/gcc/m68k-elf/4.2.1/../../../../m68k-elf/lib/m5206e\libc.a(lib_a-memchr.o)
 .data          0x4001f560        0x0 c:/nburn/gcc-m68k/bin/../lib/gcc/m68k-elf/4.2.1/../../../../m68k-elf/lib/m5206e\libc.a(lib_a-memmove.o)
 .data          0x4001f560        0x0 c:/nburn/gcc-m68k/bin/../lib/gcc/m68k-elf/4.2.1/../../../../m68k-elf/lib/m5206e\libc.a(lib_a-reallocr.o)
 .data          0x4001f560        0x0 c:/nburn/gcc-m68k/bin/../lib/gcc/m68k-elf/4.2.1/../../../../m68k-elf/lib/m5206e\libc.a(lib_a-refill.o)
 .data          0x4001f560        0x0 c:/nburn/gcc-m68k/bin/../lib/gcc/m68k-elf/4.2.1/../../../../m68k-elf/lib/m5206e\libc.a(lib_a-stdio.o)
 .data          0x4001f560        0x0 c:/nburn/gcc-m68k/bin/../lib/gcc/m68k-elf/4.2.1/../../../../m68k-elf/lib/m5206e\libc.a(lib_a-strcmp.o)
 .data          0x4001f560        0x0 c:/nburn/gcc-m68k/bin/../lib/gcc/m68k-elf/4.2.1/../../../../m68k-elf/lib/m5206e\libc.a(lib_a-writer.o)
 .data          0x4001f560        0x0 c:/nburn/gcc-m68k/bin/../lib/gcc/m68k-elf/4.2.1/../../../../m68k-elf/lib/m5206e\libc.a(lib_a-closer.o)
 .data          0x4001f560        0x0 c:/nburn/gcc-m68k/bin/../lib/gcc/m68k-elf/4.2.1/../../../../m68k-elf/lib/m5206e\libc.a(lib_a-fclose.o)
 .data          0x4001f560        0x0 c:/nburn/gcc-m68k/bin/../lib/gcc/m68k-elf/4.2.1/../../../../m68k-elf/lib/m5206e\libc.a(lib_a-fstatr.o)
 .data          0x4001f560        0x0 c:/nburn/gcc-m68k/bin/../lib/gcc/m68k-elf/4.2.1/../../../../m68k-elf/lib/m5206e\libc.a(lib_a-lseekr.o)
 .data          0x4001f560        0x0 c:/nburn/gcc-m68k/bin/../lib/gcc/m68k-elf/4.2.1/../../../../m68k-elf/lib/m5206e\libc.a(lib_a-readr.o)
 .data          0x4001f560        0x0 c:/nburn/gcc-m68k/bin/../lib/gcc/m68k-elf/4.2.1/m5206e\libgcc.a(_muldi3.o)
 .data          0x4001f560        0x0 c:/nburn/gcc-m68k/bin/../lib/gcc/m68k-elf/4.2.1/m5206e\libgcc.a(_udivdi3.o)
 .data          0x4001f560        0x0 c:/nburn/gcc-m68k/bin/../lib/gcc/m68k-elf/4.2.1/m5206e\libgcc.a(_umoddi3.o)
 .data          0x4001f560        0x0 c:/nburn/gcc-m68k/bin/../lib/gcc/m68k-elf/4.2.1/m5206e\libgcc.a(_clz.o)
 .data          0x4001f560        0x0 c:/nburn/gcc-m68k/bin/../lib/gcc/m68k-elf/4.2.1/m5206e/crtend.o
                0x4001f560                . = ALIGN (0x10)
                0x4001f560                _edata = .
                0x4001f560                copy_end = .

.jcr            0x4001f560        0x4
 .jcr           0x4001f560        0x0 c:/nburn/gcc-m68k/bin/../lib/gcc/m68k-elf/4.2.1/m5206e/crtbegin.o
 .jcr           0x4001f560        0x4 c:/nburn/gcc-m68k/bin/../lib/gcc/m68k-elf/4.2.1/m5206e/crtend.o

.bss            0x4001f570    0x734e8
                0x4001f570                . = ALIGN (0x4)
                0x4001f570                __bss_start = .
 *(.shbss)
 *(.bss)
 .bss           0x4001f570        0x0 c:/nburn/gcc-m68k/bin/../lib/gcc/m68k-elf/4.2.1/../../../../m68k-elf/lib/m5206e\nb-crt0.o
 .bss           0x4001f570       0x1a c:/nburn/gcc-m68k/bin/../lib/gcc/m68k-elf/4.2.1/m5206e/crtbegin.o
 *fill*         0x4001f58a        0x2 00
 .bss           0x4001f58c        0x0 Serial_Test_ROS.o
 .bss           0x4001f58c        0x0 PINS_Definations.o
 .bss           0x4001f58c        0x0 /nburn/lib/MOD5441X.a(bsp.o)
 .bss           0x4001f58c        0x0 /nburn/lib/MOD5441X.a(flash.o)
 .bss           0x4001f58c      0x469 /nburn/lib/MOD5441X.a(serial.o)
                0x4001f898                Serial_Ioexp
                0x4001f5b4                UartData
                0x4001f8a8                serisrcnt
                0x4001f8b0                serisrtcnt
                0x4001f8ac                serisrrcnt
                0x4001f8c8                p2
                0x4001f8c0                serisrtxcx
                0x4001f8b8                LastGCChan
                0x4001f8c4                p1
                0x4001f8bc                serisrtxc
                0x4001f8b4                LastIsrChan
                0x4001f58c                Uarts
 *fill*         0x4001f9f5        0x3 00
 .bss           0x4001f9f8       0x1e /nburn/lib/MOD5441X.a(pitr_sem.o)
                0x4001f9f8                gPitCount
 *fill*         0x4001fa16        0x2 00
 .bss           0x4001fa18        0x0 /nburn/lib/MOD5441X.a(localio.o)
 .bss           0x4001fa18        0x0 /nburn/lib/NetBurner.a(ucosmcfa.o)
 .bss           0x4001fa18        0x0 /nburn/lib/NetBurner.a(software_init.o)
 .bss           0x4001fa18        0x0 /nburn/lib/NetBurner.a(ucos.o)
 .bss           0x4001fa18        0x0 /nburn/lib/NetBurner.a(ucosflags.o)
 .bss           0x4001fa18        0x4 /nburn/lib/NetBurner.a(ucosmain.o)
 .bss           0x4001fa1c        0x0 /nburn/lib/NetBurner.a(fileio.o)
 .bss           0x4001fa1c        0x4 /nburn/lib/NetBurner.a(system.o)
                0x4001fa1c                rnd_cnt
 .bss           0x4001fa20        0x0 /nburn/lib/NetBurner.a(main.o)
 .bss           0x4001fa20       0x56 /nburn/lib/NetBurner.a(utils.o)
                0x4001fa26                frames_rx_err
                0x4001fa36                frames_rx_icmp
                0x4001fa44                enet_last_errhw
                0x4001fa2c                frames_tx_udp
                0x4001fa20                frames_tx
                0x4001fa34                frames_tx_icmp
                0x4001fa32                frames_rx_tcp
                0x4001fa42                enet_last_errlw
                0x4001fa2a                frames_tx_arp
                0x4001fa22                frames_rx
                0x4001fa40                frames_rx_ppp_errors
                0x4001fa46                ip_last_err
                0x4001fa4a                frames_rx_unknown
                0x4001fa2e                frames_rx_udp
                0x4001fa24                frames_tx_err
                0x4001fa48                enet_isr
                0x4001fa3c                frames_udp_errors
                0x4001fa3a                frames_ip_discard
                0x4001fa4c                frames_rx_fragment
                0x4001fa4e                static_buffer
                0x4001fa30                frames_tx_tcp
                0x4001fa28                frames_rx_arp
                0x4001fa38                frames_ip_errors
                0x4001fa3e                frames_tcp_errors
 *fill*         0x4001fa76        0x2 00
 .bss           0x4001fa78        0xa /nburn/lib/NetBurner.a(ip.o)
                0x4001fa78                ip_errs
 *fill*         0x4001fa82        0xe 00
 .bss           0x4001fa90    0x6b010 /nburn/lib/NetBurner.a(buffers.o)
                0x4001fa90                LastHead
 .bss           0x4008aaa0     0x1e20 /nburn/lib/NetBurner.a(arp.o)
                0x4008aab0                wArpLifetime
                0x4008aaa0                ARP_critical_section
 .bss           0x4008c8c0        0x8 /nburn/lib/NetBurner.a(udp.o)
                0x4008c8c0                ipsetup_authenticate_func
                0x4008c8c4                AutoUpdatePtr
 .bss           0x4008c8c8     0x2036 /nburn/lib/NetBurner.a(tcp.o)
                0x4008e2b4                ShortSockets
                0x4008e8f4                LastShortFree
                0x4008e26a                semiactive_list
                0x4008c8c8                sockets
                0x4008e264                listen_list_head
                0x4008e268                active_list
                0x4008e1c8                m_slist
                0x4008e260                user_closed_list_head
                0x4008e25c                free_list_head
 *fill*         0x4008e8fe        0x2 00
 .bss           0x4008e900       0xee /nburn/lib/NetBurner.a(extraio.o)
 *fill*         0x4008e9ee        0x2 00
 .bss           0x4008e9f0        0x0 /nburn/lib/NetBurner.a(iosys.o)
 .bss           0x4008e9f0        0x8 /nburn/lib/NetBurner.a(autoip.o)
                0x4008e9f0                AutoIPClient::staticNextTick
 .bss           0x4008e9f8        0x0 /nburn/lib/NetBurner.a(defappname.o)
 .bss           0x4008e9f8       0x60 /nburn/lib/NetBurner.a(netinterface.o)
                0x4008ea0c                FirstInterFaceIP
                0x4008ea14                FirstInterFaceGate
                0x4008ea10                FirstInterFaceMask
                0x4008e9fc                pPacketfunc
                0x4008e9f8                pArpFunc
                0x4008ea00                ENET_BCAST
                0x4008ea06                ENET_ZERO
                0x4008ea18                FirstInterFaceDNS
 .bss           0x4008ea58     0x1004 /nburn/lib/NetBurner.a(taskmon.o)
 .bss           0x4008fa5c      0x406 /nburn/lib/NetBurner.a(smarttrap.o)
 *fill*         0x4008fe62        0x2 00
 .bss           0x4008fe64       0x10 /nburn/lib/NetBurner.a(autoupdate.o)
                0x4008fe70                watchdog_service_function
                0x4008fe6c                update_shutdown_func
                0x4008fe64                pCurRecord
                0x4008fe68                update_authenticate_func
 .bss           0x4008fe74       0x1c /nburn/lib/NetBurner.a(device.o)
                0x4008fe74                DeviceQspiSem
                0x4008fe82                DeviceI2cSem
 .bss           0x4008fe90        0x0 /nburn/lib/NetBurner.a(ucosmcfc.o)
 .bss           0x4008fe90        0x0 /nburn/lib/NetBurner.a(new_ops.o)
 .bss           0x4008fe90       0x6e /nburn/lib/MOD5441X.a(ethernet.o)
                0x4008fe98                EtherLinkCallback
                0x4008fe92                SetEthDuplex
                0x4008fe94                bNewLink
                0x4008fe9c                phy_data
                0x4008fe93                SetEth100Mb
                0x4008fe91                bEth100Mb
                0x4008fea8                phy_read_mdata2
                0x4008feac                AutoTimeOut
                0x4008fe96                bEverHadLink
                0x4008fea4                phy_read_mdata1
                0x4008feb0                v
                0x4008fea0                last_phy_read
                0x4008feb4                DONT_HANG
                0x4008feb8                EthernetBlock
                0x4008fe95                bNewDuplex
                0x4008fe90                bEthDuplex
 *fill*         0x4008fefe        0x2 00
 .bss           0x4008ff00        0x0 /nburn/lib/MOD5441X.a(etherprint.o)
 .bss           0x4008ff00      0x100 /nburn/lib/MOD5441X.a(emulticast.o)
 .bss           0x40090000        0x0 /nburn/lib/NetBurner.a(netrx.o)
 .bss           0x40090000        0x0 c:/nburn/gcc-m68k/bin/../lib/gcc/m68k-elf/4.2.1/../../../../m68k-elf/lib/m5206e\libc.a(lib_a-cxa_atexit.o)
 .bss           0x40090000        0x0 c:/nburn/gcc-m68k/bin/../lib/gcc/m68k-elf/4.2.1/../../../../m68k-elf/lib/m5206e\libc.a(lib_a-errno.o)
 .bss           0x40090000        0x0 c:/nburn/gcc-m68k/bin/../lib/gcc/m68k-elf/4.2.1/../../../../m68k-elf/lib/m5206e\libc.a(lib_a-fiprintf.o)
 .bss           0x40090000        0x0 c:/nburn/gcc-m68k/bin/../lib/gcc/m68k-elf/4.2.1/../../../../m68k-elf/lib/m5206e\libc.a(lib_a-impure.o)
 .bss           0x40090000        0x0 c:/nburn/gcc-m68k/bin/../lib/gcc/m68k-elf/4.2.1/../../../../m68k-elf/lib/m5206e\libc.a(lib_a-iprintf.o)
 .bss           0x40090000        0x0 c:/nburn/gcc-m68k/bin/../lib/gcc/m68k-elf/4.2.1/../../../../m68k-elf/lib/m5206e\libc.a(lib_a-malloc.o)
 .bss           0x40090000       0x34 c:/nburn/gcc-m68k/bin/../lib/gcc/m68k-elf/4.2.1/../../../../m68k-elf/lib/m5206e\libc.a(lib_a-mallocr.o)
                0x40090000                __malloc_top_pad
                0x40090004                __malloc_max_sbrked_mem
                0x4009000c                __malloc_current_mallinfo
                0x40090008                __malloc_max_total_mem
 .bss           0x40090034        0x0 c:/nburn/gcc-m68k/bin/../lib/gcc/m68k-elf/4.2.1/../../../../m68k-elf/lib/m5206e\libc.a(lib_a-puts.o)
 .bss           0x40090034        0x0 c:/nburn/gcc-m68k/bin/../lib/gcc/m68k-elf/4.2.1/../../../../m68k-elf/lib/m5206e\libc.a(lib_a-rand.o)
 .bss           0x40090034        0x0 c:/nburn/gcc-m68k/bin/../lib/gcc/m68k-elf/4.2.1/../../../../m68k-elf/lib/m5206e\libc.a(lib_a-rget.o)
 .bss           0x40090034        0x0 c:/nburn/gcc-m68k/bin/../lib/gcc/m68k-elf/4.2.1/../../../../m68k-elf/lib/m5206e\libc.a(lib_a-setvbuf.o)
 .bss           0x40090034        0x0 c:/nburn/gcc-m68k/bin/../lib/gcc/m68k-elf/4.2.1/../../../../m68k-elf/lib/m5206e\libc.a(lib_a-siprintf.o)
 .bss           0x40090034        0x0 c:/nburn/gcc-m68k/bin/../lib/gcc/m68k-elf/4.2.1/../../../../m68k-elf/lib/m5206e\libc.a(lib_a-sniprintf.o)
 .bss           0x40090034        0x0 c:/nburn/gcc-m68k/bin/../lib/gcc/m68k-elf/4.2.1/../../../../m68k-elf/lib/m5206e\libc.a(lib_a-strlen.o)
 .bss           0x40090034        0x0 c:/nburn/gcc-m68k/bin/../lib/gcc/m68k-elf/4.2.1/../../../../m68k-elf/lib/m5206e\libc.a(lib_a-vfiprintf.o)
 .bss           0x40090034        0x0 c:/nburn/gcc-m68k/bin/../lib/gcc/m68k-elf/4.2.1/../../../../m68k-elf/lib/m5206e\libc.a(lib_a-wbuf.o)
 .bss           0x40090034        0x0 c:/nburn/gcc-m68k/bin/../lib/gcc/m68k-elf/4.2.1/../../../../m68k-elf/lib/m5206e\libc.a(lib_a-wcrtomb.o)
 .bss           0x40090034        0x0 c:/nburn/gcc-m68k/bin/../lib/gcc/m68k-elf/4.2.1/../../../../m68k-elf/lib/m5206e\libc.a(lib_a-wcsrtombs.o)
 .bss           0x40090034        0x0 c:/nburn/gcc-m68k/bin/../lib/gcc/m68k-elf/4.2.1/../../../../m68k-elf/lib/m5206e\libc.a(lib_a-wctomb_r.o)
 .bss           0x40090034        0x0 c:/nburn/gcc-m68k/bin/../lib/gcc/m68k-elf/4.2.1/../../../../m68k-elf/lib/m5206e\libc.a(lib_a-wsetup.o)
 .bss           0x40090034        0x0 c:/nburn/gcc-m68k/bin/../lib/gcc/m68k-elf/4.2.1/../../../../m68k-elf/lib/m5206e\libc.a(lib_a-__atexit.o)
 .bss           0x40090034        0x0 c:/nburn/gcc-m68k/bin/../lib/gcc/m68k-elf/4.2.1/../../../../m68k-elf/lib/m5206e\libc.a(lib_a-fflush.o)
 .bss           0x40090034        0x0 c:/nburn/gcc-m68k/bin/../lib/gcc/m68k-elf/4.2.1/../../../../m68k-elf/lib/m5206e\libc.a(lib_a-findfp.o)
 .bss           0x40090034        0x0 c:/nburn/gcc-m68k/bin/../lib/gcc/m68k-elf/4.2.1/../../../../m68k-elf/lib/m5206e\libc.a(lib_a-freer.o)
 .bss           0x40090034        0x0 c:/nburn/gcc-m68k/bin/../lib/gcc/m68k-elf/4.2.1/../../../../m68k-elf/lib/m5206e\libc.a(lib_a-fvwrite.o)
 .bss           0x40090034        0x0 c:/nburn/gcc-m68k/bin/../lib/gcc/m68k-elf/4.2.1/../../../../m68k-elf/lib/m5206e\libc.a(lib_a-fwalk.o)
 .bss           0x40090034        0xc c:/nburn/gcc-m68k/bin/../lib/gcc/m68k-elf/4.2.1/../../../../m68k-elf/lib/m5206e\libc.a(lib_a-locale.o)
                0x40090034                __nlocale_changed
                0x40090038                __mlocale_changed
                0x4009003c                _PathLocale
 .bss           0x40090040        0x0 c:/nburn/gcc-m68k/bin/../lib/gcc/m68k-elf/4.2.1/../../../../m68k-elf/lib/m5206e\libc.a(lib_a-makebuf.o)
 .bss           0x40090040        0x0 c:/nburn/gcc-m68k/bin/../lib/gcc/m68k-elf/4.2.1/../../../../m68k-elf/lib/m5206e\libc.a(lib_a-memchr.o)
 .bss           0x40090040        0x0 c:/nburn/gcc-m68k/bin/../lib/gcc/m68k-elf/4.2.1/../../../../m68k-elf/lib/m5206e\libc.a(lib_a-memmove.o)
 .bss           0x40090040        0x0 c:/nburn/gcc-m68k/bin/../lib/gcc/m68k-elf/4.2.1/../../../../m68k-elf/lib/m5206e\libc.a(lib_a-reallocr.o)
 .bss           0x40090040        0x0 c:/nburn/gcc-m68k/bin/../lib/gcc/m68k-elf/4.2.1/../../../../m68k-elf/lib/m5206e\libc.a(lib_a-refill.o)
 .bss           0x40090040        0x0 c:/nburn/gcc-m68k/bin/../lib/gcc/m68k-elf/4.2.1/../../../../m68k-elf/lib/m5206e\libc.a(lib_a-stdio.o)
 .bss           0x40090040        0x0 c:/nburn/gcc-m68k/bin/../lib/gcc/m68k-elf/4.2.1/../../../../m68k-elf/lib/m5206e\libc.a(lib_a-strcmp.o)
 .bss           0x40090040        0x0 c:/nburn/gcc-m68k/bin/../lib/gcc/m68k-elf/4.2.1/../../../../m68k-elf/lib/m5206e\libc.a(lib_a-writer.o)
 .bss           0x40090040        0x0 c:/nburn/gcc-m68k/bin/../lib/gcc/m68k-elf/4.2.1/../../../../m68k-elf/lib/m5206e\libc.a(lib_a-closer.o)
 .bss           0x40090040        0x0 c:/nburn/gcc-m68k/bin/../lib/gcc/m68k-elf/4.2.1/../../../../m68k-elf/lib/m5206e\libc.a(lib_a-fclose.o)
 .bss           0x40090040        0x0 c:/nburn/gcc-m68k/bin/../lib/gcc/m68k-elf/4.2.1/../../../../m68k-elf/lib/m5206e\libc.a(lib_a-fstatr.o)
 .bss           0x40090040        0x0 c:/nburn/gcc-m68k/bin/../lib/gcc/m68k-elf/4.2.1/../../../../m68k-elf/lib/m5206e\libc.a(lib_a-lseekr.o)
 .bss           0x40090040        0x0 c:/nburn/gcc-m68k/bin/../lib/gcc/m68k-elf/4.2.1/../../../../m68k-elf/lib/m5206e\libc.a(lib_a-readr.o)
 .bss           0x40090040        0x0 c:/nburn/gcc-m68k/bin/../lib/gcc/m68k-elf/4.2.1/m5206e\libgcc.a(_muldi3.o)
 .bss           0x40090040        0x0 c:/nburn/gcc-m68k/bin/../lib/gcc/m68k-elf/4.2.1/m5206e\libgcc.a(_udivdi3.o)
 .bss           0x40090040        0x0 c:/nburn/gcc-m68k/bin/../lib/gcc/m68k-elf/4.2.1/m5206e\libgcc.a(_umoddi3.o)
 .bss           0x40090040        0x0 c:/nburn/gcc-m68k/bin/../lib/gcc/m68k-elf/4.2.1/m5206e\libgcc.a(_clz.o)
 .bss           0x40090040        0x0 c:/nburn/gcc-m68k/bin/../lib/gcc/m68k-elf/4.2.1/m5206e/crtend.o
 *(.bss.*)
 *(COMMON)
 COMMON         0x40090040       0x12 /nburn/lib/MOD5441X.a(bsp.o)
                0x40090040                BspTickMaxCount
                0x40090042                write_pcsr
                0x40090044                errno
                0x40090048                TERR_REGISTER
                0x4009004a                heap_ptr
                0x4009004e                CPU_CLOCK
 *fill*         0x40090052        0x2 00
 COMMON         0x40090054     0x2000 /nburn/lib/NetBurner.a(ucosmain.o)
                0x40090054                OSIdleTaskStk
 COMMON         0x40092054      0xa04 /nburn/lib/NetBurner.a(system.o)
                0x40092054                NotifyUpdatePtr
                0x40092058                rnd_collect
                0x40092258                config_rec_buf
                0x40092a58                _end = ALIGN (0x8)
                0x40092a58                __end = _end

.stab
 *(.stab)
